07-31 05:51:22.606  1806  6159 W audio_hw_generic: Hardware backing HAL too slow, could only write 0 of 661 frames
07-31 05:51:22.620  1806  6159 W audio_hw_generic: Hardware backing HAL too slow, could only write 0 of 661 frames
07-31 05:51:22.621 19693 19711 I native  : I0000 00:00:1659246682.621635   19711 device_profile_database_helpers.cc:537] Found nothing for d2q701
07-31 05:51:22.621 19693 19711 I native  : I0000 00:00:1659246682.621807   19711 device_profile_database_helpers.cc:537] Found nothing for sdk_gphone_x86/generic_emulator
07-31 05:51:22.621 19693 19711 I native  : I0000 00:00:1659246682.621867   19711 device_profile_database_helpers.cc:524] Considering PXYWXk
07-31 05:51:22.621 19693 19711 I native  : I0000 00:00:1659246682.621975   19711 device_profile_database_helpers.cc:483] Device profile for google/sdk_gphone_x86/generic_x86:10/QSR1.190920.001/5891938:user/release-keys: PXYWXk
07-31 05:51:22.624 19580 19580 I third_party/arcore/ar/core/android/sdk/session_create.cc: Entering ArSession_createWithFeatures
07-31 05:51:22.625 19580 19580 I third_party/arcore/ar/core/android/sdk/session_create.cc: ARCore Version: SDK build name: 1.16
07-31 05:51:22.635 19580 19580 I third_party/arcore/ar/core/android/sdk/session_create.cc: ARCore Version: APK version code: 221520093
07-31 05:51:22.636  1806  6159 W audio_hw_generic: Hardware backing HAL too slow, could only write 0 of 661 frames
07-31 05:51:22.640 19580 19580 I third_party/arcore/ar/core/android/sdk/session_create.cc: Dynamite load ok.
07-31 05:51:22.640 19580 19580 I third_party/arcore/ar/core/android/sdk/session_create.cc: ARCore SDK: dynamite number_of_symbols_loaded=194
07-31 05:51:22.641 19580 19580 I native  : I0000 00:00:1659246682.641421   19580 session_create_implementation.cc:247] Entering createImplementationWithFeaturesAndSettings. ARCore SDK version: [1.16.191220000].
07-31 05:51:22.652  1806  6159 W audio_hw_generic: Hardware backing HAL too slow, could only write 0 of 661 frames
07-31 05:51:22.666  1806  6159 W audio_hw_generic: Hardware backing HAL too slow, could only write 0 of 661 frames
07-31 05:51:22.668 19580 19580 I native  : I0000 00:00:1659246682.668169   19580 session_create_implementation.cc:211] AugmentedRegion downsample mode from Phenotype: true
07-31 05:51:22.672 19580 19784 V third_party/redwood/infrastructure/jni_common/jni_helper.cc: JniHelper: attached thread (Called from line 366).
07-31 05:51:22.676 19693 19709 W ARCore-ContentProvider: No usable local profile
07-31 05:51:22.678 19693 19709 I native  : I0000 00:00:1659246682.678411   19709 device_profile_database_helpers.cc:537] Found nothing for d2q701
07-31 05:51:22.678 19693 19709 I native  : I0000 00:00:1659246682.678491   19709 device_profile_database_helpers.cc:537] Found nothing for sdk_gphone_x86/generic_emulator
07-31 05:51:22.678 19693 19709 I native  : I0000 00:00:1659246682.678544   19709 device_profile_database_helpers.cc:524] Considering PXYWXk
07-31 05:51:22.678 19693 19709 I native  : I0000 00:00:1659246682.678607   19709 device_profile_database_helpers.cc:483] Device profile for google/sdk_gphone_x86/generic_x86:10/QSR1.190920.001/5891938:user/release-keys: PXYWXk
07-31 05:51:22.679 19693 19709 W native  : W0000 00:00:1659246682.679164   19709 helpers.cc:4697] Defaulting to persistent calibration file.
07-31 05:51:22.679 19693 19709 W native  : W0000 00:00:1659246682.679248   19709 helpers.cc:4674] Property calibration_cad is not defined.
07-31 05:51:22.680  1806  6159 W audio_hw_generic: Hardware backing HAL too slow, could only write 0 of 661 frames
07-31 05:51:22.687 19580 19580 I native  : I0000 00:00:1659246682.687839   19580 session_create_implementation_shared.cc:2235] min_apk_version_code is: 191220000, phenotype flag of enable_dual_camera_support is: false, phenotype flag of unified_data_source_status is: 2, is_dual_camera_supported based on device profile is: false
07-31 05:51:22.688 19580 19580 I native  : I0000 00:00:1659246682.688036   19580 session_create_implementation_shared.cc:2246] Settings.camera_stack_option is not specified
07-31 05:51:22.688 19580 19580 I native  : I0000 00:00:1659246682.688085   19580 session_create_implementation_shared.cc:2298] Datasource will be created with camera_stack_option = kNdk
07-31 05:51:22.688 19580 19580 I native  : I0000 00:00:1659246682.688220   19580 session_create_implementation_shared.cc:2417] Persistent online recalibration is enabled by Phenotype.
07-31 05:51:22.689 19580 19580 I tflite  : Replacing 2 node(s) with delegate (TfLiteXNNPackDelegate) node, yielding 1 partitions.
07-31 05:51:22.690 19580 19580 I native  : I0000 00:00:1659246682.689994   19580 online_calibration_manager.cc:106] OnlineCalibrationManager: Read online recalibration file successfully.
07-31 05:51:22.696  1806  6159 W audio_hw_generic: Hardware backing HAL too slow, could only write 0 of 661 frames
07-31 05:51:22.704 19580 19580 W ARCore-ContextUtils: The API key for use with the Google AR service could not be obtained!
07-31 05:51:22.712 19580 19580 I native  : I0000 00:00:1659246682.712444   19580 session_create_implementation_shared.cc:1137] Datasource will be created with timeout = 4s, should_wait = false, should_use_greedy_recovery = true
07-31 05:51:22.712 19580 19580 I native  : I0000 00:00:1659246682.712689   19580 android_camera.cc:168] Camera start operation timeout set to 4000 ms.
07-31 05:51:22.712 19580 19580 I native  : I0000 00:00:1659246682.712792   19580 android_camera.cc:1826] Initializing camera manager.
07-31 05:51:22.712  1806  6159 W audio_hw_generic: Hardware backing HAL too slow, could only write 0 of 661 frames
07-31 05:51:22.714 19580 19580 E ACameraMetadata: filterDurations: malformed duration key 1638402! count 0, type 3
07-31 05:51:22.714 19580 19580 E ACameraMetadata: filterDurations: malformed duration key 1638403! count 0, type 3
07-31 05:51:22.714 19580 19580 E ACameraMetadata: filterDurations: malformed duration key 1835009! count 0, type 3
07-31 05:51:22.714 19580 19580 E ACameraMetadata: filterDurations: malformed duration key 1835010! count 0, type 3
07-31 05:51:22.714 19580 19580 E ACameraMetadata: filterDurations: malformed duration key 1638407! count 0, type 3
07-31 05:51:22.714 19580 19580 E ACameraMetadata: filterDurations: malformed duration key 1638408! count 0, type 3
07-31 05:51:22.715 19580 19580 E ACameraMetadata: filterDurations: malformed duration key 1638402! count 0, type 3
07-31 05:51:22.715 19580 19580 E ACameraMetadata: filterDurations: malformed duration key 1638403! count 0, type 3
07-31 05:51:22.715 19580 19580 E ACameraMetadata: filterDurations: malformed duration key 1835009! count 0, type 3
07-31 05:51:22.715 19580 19580 E ACameraMetadata: filterDurations: malformed duration key 1835010! count 0, type 3
07-31 05:51:22.715 19580 19580 E ACameraMetadata: filterDurations: malformed duration key 1638407! count 0, type 3
07-31 05:51:22.715 19580 19580 E ACameraMetadata: filterDurations: malformed duration key 1638408! count 0, type 3
07-31 05:51:22.718 19580 19580 E ACameraMetadata: filterDurations: malformed duration key 1638402! count 0, type 3
07-31 05:51:22.718 19580 19580 E ACameraMetadata: filterDurations: malformed duration key 1638403! count 0, type 3
07-31 05:51:22.718 19580 19580 E ACameraMetadata: filterDurations: malformed duration key 1835009! count 0, type 3
07-31 05:51:22.718 19580 19580 E ACameraMetadata: filterDurations: malformed duration key 1835010! count 0, type 3
07-31 05:51:22.718 19580 19580 E ACameraMetadata: filterDurations: malformed duration key 1638407! count 0, type 3
07-31 05:51:22.718 19580 19580 E ACameraMetadata: filterDurations: malformed duration key 1638408! count 0, type 3
07-31 05:51:22.719 19580 19580 E ACameraMetadata: filterDurations: malformed duration key 1638402! count 0, type 3
07-31 05:51:22.719 19580 19580 E ACameraMetadata: filterDurations: malformed duration key 1638403! count 0, type 3
07-31 05:51:22.719 19580 19580 E ACameraMetadata: filterDurations: malformed duration key 1835009! count 0, type 3
07-31 05:51:22.719 19580 19580 E ACameraMetadata: filterDurations: malformed duration key 1835010! count 0, type 3
07-31 05:51:22.719 19580 19580 E ACameraMetadata: filterDurations: malformed duration key 1638407! count 0, type 3
07-31 05:51:22.719 19580 19580 E ACameraMetadata: filterDurations: malformed duration key 1638408! count 0, type 3
07-31 05:51:22.723 19580 19580 I native  : I0000 00:00:1659246682.723101   19580 android_camera.cc:1852] Camera manager initialized successfully with 2 cameras.
07-31 05:51:22.723 19580 19580 I native  : I0000 00:00:1659246682.723636   19580 cameras.cc:121] Number of hardware buffers is 16. sdk_version=29, is_hardware_buffer_supported=true
07-31 05:51:22.726  1806  6159 W audio_hw_generic: Hardware backing HAL too slow, could only write 0 of 661 frames
07-31 05:51:22.727 19580 19580 I native  : I0000 00:00:1659246682.727254   19580 android_sensors.cc:137] Using calibrated accelerometer.
07-31 05:51:22.728 19580 19580 I native  : I0000 00:00:1659246682.728774   19580 android_sensors.cc:173] Uncalibrated magnetometer available.
07-31 05:51:22.729 19580 19580 I native  : I0000 00:00:1659246682.729446   19580 android_sensors.cc:177] Calibrated magnetometer available.
07-31 05:51:22.730 19580 19580 I native  : I0000 00:00:1659246682.730089   19580 android_sensors.cc:190] Using SENSOR_TYPE_LIGHT
07-31 05:51:22.730 19580 19580 I native  : I0000 00:00:1659246682.730185   19580 android_sensors.cc:190] Using SENSOR_TYPE_PRESSURE
07-31 05:51:22.730 19580 19580 I native  : I0000 00:00:1659246682.730500   19580 android_sensors.cc:190] Using SENSOR_TYPE_PROXIMITY
07-31 05:51:22.731 19580 19580 I native  : I0000 00:00:1659246682.731001   19580 android_sensors.cc:190] Using SENSOR_TYPE_GRAVITY
07-31 05:51:22.733 19580 19580 I native  : I0000 00:00:1659246682.733164   19580 android_sensors.cc:190] Using SENSOR_TYPE_ROTATION_VECTOR
07-31 05:51:22.734 19580 19580 I native  : I0000 00:00:1659246682.734213   19580 android_sensors.cc:190] Using SENSOR_TYPE_GAME_ROTATION_VECTOR
07-31 05:51:22.734 19580 19580 I native  : I0000 00:00:1659246682.734644   19580 android_sensors.cc:190] Using SENSOR_TYPE_GEOMAGNETIC_ROTATION_VECTOR
07-31 05:51:22.735 19580 19580 I native  : I0000 00:00:1659246682.735747   19580 android_sensors.cc:193] Could not find SENSOR_TYPE_STEP_DETECTOR
07-31 05:51:22.741  1806  6159 W audio_hw_generic: Hardware backing HAL too slow, could only write 0 of 661 frames
07-31 05:51:22.742 19580 19580 I native  : I0000 00:00:1659246682.741977   19580 android_platform_checks.cc:206] IsZeroRotationLandscape = false
07-31 05:51:22.744 19580 19580 I native  : I0000 00:00:1659246682.744431   19580 app_version_util.cc:50] Package name: com.google.ar.core App version: 1.32.221520093
07-31 05:51:22.744 19580 19580 I native  : I0000 00:00:1659246682.744865   19580 logger.h:28] DataSourceMetrics: CamerasInit: 50.9us
07-31 05:51:22.744 19580 19580 I native  : I0000 00:00:1659246682.744958   19580 session_create_implementation_shared.cc:1452] CPU Image enable frame delay to compensate delay: false
07-31 05:51:22.755 19580 19580 I native  : I0000 00:00:1659246682.755253   19580 config_helpers.cc:397] Legacy IMU sigma values are used
07-31 05:51:22.756 19580 19580 I native  : I0000 00:00:1659246682.756103   19580 feature_matcher_and_filter.cc:88] Enabled the robustification to large-sized and fast-moving objects on this mono-camera device.
07-31 05:51:22.756  1806  6159 W audio_hw_generic: Hardware backing HAL too slow, could only write 0 of 661 frames
07-31 05:51:22.758 19580 19580 I tflite  : Replacing 3 node(s) with delegate (TfLiteXNNPackDelegate) node, yielding 1 partitions.
07-31 05:51:22.758 19580 19580 I native  : I0000 00:00:1659246682.758580   19580 pose_confidence_estimator.cc:231] Pose confidence model loaded successfully
07-31 05:51:22.771  1806  6159 W audio_hw_generic: Hardware backing HAL too slow, could only write 0 of 661 frames
07-31 05:51:22.831  1806  6159 I chatty  : uid=1041(audioserver) writer identical 4 lines
07-31 05:51:22.847  1806  6159 W audio_hw_generic: Hardware backing HAL too slow, could only write 0 of 661 frames
07-31 05:51:22.848 19580 19580 I native  : I0000 00:00:1659246682.848618   19580 asset_manager_util.cc:59] Created global reference to asset manager.
07-31 05:51:22.848 19580 19580 I native  : I0000 00:00:1659246682.848699   19580 session_create_implementation_shared.cc:1480] Normal detector created.
07-31 05:51:22.856 19580 19580 I native  : I0000 00:00:1659246682.856294   19580 planar_target_tracking_manager.h:116] Config of PlanarTargetTrackingManager:
07-31 05:51:22.856 19580 19580 I native  : -pose_refinement_with_detection_interval_ns: 0
07-31 05:51:22.856 19580 19580 I native  : -min_interval_between_detections_ns: 500000000
07-31 05:51:22.856 19580 19580 I native  : -filter_parallax: false
07-31 05:51:22.856 19580 19580 I native  : -filter_result: true
07-31 05:51:22.856 19580 19580 I native  : -multiple_targets: true
07-31 05:51:22.856 19580 19580 I native  : -mini_detection: true
07-31 05:51:22.856 19580 19580 I native  : -tracking_mode: 1
07-31 05:51:22.856 19580 19580 I native  : -camera_id: 0
07-31 05:51:22.861  1806  6159 W audio_hw_generic: Hardware backing HAL too slow, could only write 0 of 661 frames
07-31 05:51:22.861 19580 19580 I native  : I0000 00:00:1659246682.861896   19580 camera_config_manager.cc:719] UpdateBugFixes on CameraConfigManager is unimplemented!
07-31 05:51:22.861 19580 19580 I third_party/arcore/ar/core/android/sdk/arimage_jni.cc: Loading AImage symbols
07-31 05:51:22.862 19580 19580 I third_party/arcore/ar/core/android/sdk/image_metadata_jni.cc: Loading ACameraMetadata symbols
07-31 05:51:22.863 19580 19580 I native  : I0000 00:00:1659246682.863043   19580 session.cc:553] New session config:
07-31 05:51:22.863 19580 19580 I native  : ArConfig
07-31 05:51:22.863 19580 19580 I native  :  augmented_face_mode:           AR_AUGMENTED_FACE_MODE_DISABLED
07-31 05:51:22.863 19580 19580 I native  :  augmented_image_database:      <null>
07-31 05:51:22.863 19580 19580 I native  :  cloud_anchor_mode:             AR_CLOUD_ANCHOR_MODE_DISABLED
07-31 05:51:22.863 19580 19580 I native  :  depth_mode:                    AR_DEPTH_MODE_DISABLED
07-31 05:51:22.863 19580 19580 I native  :  focus_mode:                    AR_FOCUS_MODE_FIXED
07-31 05:51:22.863 19580 19580 I native  :  geospatial_mode:               AR_GEOSPATIAL_MODE_DISABLED
07-31 05:51:22.863 19580 19580 I native  :  instant_placement_mode:        AR_INSTANT_PLACEMENT_MODE_DISABLED
07-31 05:51:22.863 19580 19580 I native  :  light_estimation_mode:         AR_LIGHT_ESTIMATION_MODE_AMBIENT_INTENSITY
07-31 05:51:22.863 19580 19580 I native  :  plane_finding_mode:            AR_PLANE_FINDING_MODE_HORIZONTAL_AND_VERTICAL
07-31 05:51:22.863 19580 19580 I native  :  update_mode:                   AR_UPDATE_MODE_LATEST_CAMERA_IMAGE
07-31 05:51:22.863 19580 19580 I native  :
07-31 05:51:22.863 19580 19580 I native  : I0000 00:00:1659246682.863377   19580 session.cc:546] Session::CheckAndWriteCurrentConfig returning OK.
07-31 05:51:22.864 19580 19580 I native  : I0000 00:00:1659246682.864367   19580 session.cc:1197] Entering Session::Resume.
07-31 05:51:22.865 19580 19580 I native  : I0000 00:00:1659246682.865098   19580 camera_config_manager.cc:719] UpdateBugFixes on CameraConfigManager is unimplemented!
07-31 05:51:22.875  1806  6159 W audio_hw_generic: Hardware backing HAL too slow, could only write 0 of 661 frames
07-31 05:51:22.875 19693 19693 W ARCore.Analytics: Log Source: PJgQUl1CRhj8-rGlwtloKA==
07-31 05:51:22.884 19580 19580 I native  : I0000 00:00:1659246682.883973   19580 session.cc:3382] Update Frame Delay to 0 frames.
07-31 05:51:22.884 19580 19580 I native  : I0000 00:00:1659246682.884225   19580 android_sensors.cc:212] Starting thread.
07-31 05:51:22.884 19580 19790 I native  : I0000 00:00:1659246682.884690   19790 android_camera.cc:762] [Camera=0; State=CLOSED] Reset cleanly got to CLOSED state.
07-31 05:51:22.885 19580 19580 I native  : I0000 00:00:1659246682.885536   19580 cameras.cc:1199] Included camera stream {camera_id = "0", stream_index = 0} as feature extraction streams.
07-31 05:51:22.885 19580 19580 I native  : I0000 00:00:1659246682.885722   19580 logger.h:28] DataSourceMetrics: kStartImageSubSystem: 817.5us
07-31 05:51:22.885 19580 19580 I native  : I0000 00:00:1659246682.885807   19580 session.cc:1385] Session::ResumeWithAnalytics returning OK.
07-31 05:51:22.891  1806  6159 W audio_hw_generic: Hardware backing HAL too slow, could only write 0 of 661 frames
07-31 05:51:22.892 19580 19808 I native  : I0000 00:00:1659246682.892509   19808 android_sensors.cc:51] Gyro min delay 10ms requesting 10ms
07-31 05:51:22.893 19580 19808 I native  : I0000 00:00:1659246682.893948   19808 android_sensors.cc:51] Accel min delay 10ms requesting 10ms
07-31 05:51:22.895 19580 19790 E ACameraMetadata: filterDurations: malformed duration key 1638402! count 0, type 3
07-31 05:51:22.895 19580 19790 E ACameraMetadata: filterDurations: malformed duration key 1638403! count 0, type 3
07-31 05:51:22.895 19580 19790 E ACameraMetadata: filterDurations: malformed duration key 1835009! count 0, type 3
07-31 05:51:22.896 19580 19790 E ACameraMetadata: filterDurations: malformed duration key 1835010! count 0, type 3
07-31 05:51:22.896 19580 19790 E ACameraMetadata: filterDurations: malformed duration key 1638407! count 0, type 3
07-31 05:51:22.896 19580 19790 E ACameraMetadata: filterDurations: malformed duration key 1638408! count 0, type 3
07-31 05:51:22.896  1861  2459 I CameraService: CameraService::connect call (PID -1 "", camera ID 0) for HAL version default and Camera API version 2
07-31 05:51:22.900  1861  2459 I Camera2ClientBase: Camera 0: Opened. Client:  (PID 19580, UID 10165)
07-31 05:51:22.900  1861  2459 I CameraDeviceClient: CameraDeviceClient 0: Opened
07-31 05:51:22.906  1806  6159 W audio_hw_generic: Hardware backing HAL too slow, could only write 0 of 661 frames
07-31 05:51:22.894  1809  1809 W HwBinder:1809_4: type=1400 audit(0.0:1581): avc: denied { read } for name="u:object_r:default_prop:s0" dev="tmpfs" ino=154 scontext=u:r:hal_camera_default:s0 tcontext=u:object_r:default_prop:s0 tclass=file permissive=0
07-31 05:51:22.910  1809  5586 E libc    : Access denied finding property "ro.camera.req.fmq.size"
07-31 05:51:22.910  1809  5586 E libc    : Access denied finding property "ro.camera.res.fmq.size"
07-31 05:51:22.914 19580 19580 I native  : I0000 00:00:1659246682.913758   19580 session.cc:3382] Update Frame Delay to 0 frames.
07-31 05:51:22.916 19580 19790 I native  : I0000 00:00:1659246682.916575   19790 logger.h:28] CameraMetrics: OpenCamera: 24.1091ms
07-31 05:51:22.917 19580 19580 D eglCodecCommon: setVertexArrayObject: set vao to 0 (0) 0 0
07-31 05:51:22.917 19580 19580 D EGL_emulation: eglCreateContext: 0xc00bdc80: maj 3 min 0 rcv 3
07-31 05:51:22.921  1806  6159 W audio_hw_generic: Hardware backing HAL too slow, could only write 0 of 661 frames
07-31 05:51:22.925 19580 19580 D EGL_emulation: eglMakeCurrent: 0xc00bdc80: ver 3 0 (tinfo 0xd4e6bbe0)
07-31 05:51:22.932 19580 19580 D EGL_emulation: eglMakeCurrent: 0xbfe7ab60: ver 3 0 (tinfo 0xd4e6bbe0)
07-31 05:51:22.933 19580 19580 D EGL_emulation: eglMakeCurrent: 0xc00bdc80: ver 3 0 (tinfo 0xd4e6bbe0)
07-31 05:51:22.933  1861  2459 W CameraDeviceClient: createSurfaceFromGbp: Camera 0 with consumer usage flag: 256: Forcing asynchronous mode for stream
07-31 05:51:22.935 19580 19580 D EGL_emulation: eglMakeCurrent: 0xbfe7ab60: ver 3 0 (tinfo 0xd4e6bbe0)
07-31 05:51:22.936  1806  6159 W audio_hw_generic: Hardware backing HAL too slow, could only write 0 of 661 frames
07-31 05:51:22.938 19580 19580 E native  : E0000 00:00:1659246682.938786   19580 session.cc:2529] Invalid ray produced by view data!
07-31 05:51:22.942  1861  2459 E Camera3-Device: configureStreams: Stream 0: DataSpace override not allowed for format 0x23
07-31 05:51:22.949  7762  7791 I MdiSyncModule: Receiving API connection from package 'com.google.ar.core'...
07-31 05:51:22.951  1806  6159 W audio_hw_generic: Hardware backing HAL too slow, could only write 0 of 661 frames
07-31 05:51:22.953  1820  1874 D gralloc_ranchu: gralloc_alloc: Creating ashmem region of size 9334784
07-31 05:51:22.958  1861  2459 D Camera3-Device: Set real time priority for request queue thread (tid 19817)
07-31 05:51:22.958 19580 19790 I native  : I0000 00:00:1659246682.958499   19790 logger.h:28] CameraMetrics: CreateCaptureSession: 39.9965ms
07-31 05:51:22.962 19580 19790 E ACameraMetadata: filterDurations: malformed duration key 1638402! count 0, type 3
07-31 05:51:22.962 19580 19790 E ACameraMetadata: filterDurations: malformed duration key 1638403! count 0, type 3
07-31 05:51:22.962 19580 19790 E ACameraMetadata: filterDurations: malformed duration key 1835009! count 0, type 3
07-31 05:51:22.963 19580 19790 E ACameraMetadata: filterDurations: malformed duration key 1835010! count 0, type 3
07-31 05:51:22.963 19580 19790 E ACameraMetadata: filterDurations: malformed duration key 1638407! count 0, type 3
07-31 05:51:22.963 19580 19790 E ACameraMetadata: filterDurations: malformed duration key 1638408! count 0, type 3
07-31 05:51:22.963 19580 19790 I native  : I0000 00:00:1659246682.963116   19790 capture_request_utils.cc:207] Flash: ConfigureRequestFlashMode - OFF
07-31 05:51:22.965  1820  1874 W gralloc_ranchu: gralloc_alloc: Requested YCbCr_420_888, taking experimental path. usage: 640 x 480, usage 20003
07-31 05:51:22.965  1820  1874 D gralloc_ranchu: gralloc_alloc: Creating ashmem region of size 462848
07-31 05:51:22.965 19580 19786 I native  : I0000 00:00:1659246682.965323   19786 cameras.cc:1385] Camera 0 changed state CLOSED->OPEN; Camera device opened successfully. i=0
07-31 05:51:22.965 19580 19786 I native  : I0000 00:00:1659246682.965421   19786 cameras.cc:1385] Camera 0 changed state OPEN->CAPTURING; Started capture session. i=1
07-31 05:51:22.966 19580 19790 I native  : I0000 00:00:1659246682.965004   19790 logger.h:28] DataSourceMetrics: kFirstGlCallback: 79.9976ms
07-31 05:51:22.966  1806  6159 W audio_hw_generic: Hardware backing HAL too slow, could only write 0 of 661 frames
07-31 05:51:22.969  1820  1874 D gralloc_ranchu: gralloc_alloc: Creating ashmem region of size 1232896
07-31 05:51:22.972 19580 19649 D EGL_emulation: eglMakeCurrent: 0xe0348a00: ver 3 0 (tinfo 0xe0355f70)
07-31 05:51:22.981  1806  6159 W audio_hw_generic: Hardware backing HAL too slow, could only write 0 of 661 frames
07-31 05:51:22.988  1820  1874 D gralloc_ranchu: gralloc_alloc: Creating ashmem region of size 9334784
07-31 05:51:22.988  7762  7791 I MdiSyncModule: Receiving API connection from package 'com.google.ar.core'...
07-31 05:51:22.989  7762  7791 I MdiSyncModule: API connection successful!
07-31 05:51:22.991  1820  1820 W gralloc_ranchu: gralloc_alloc: Requested YCbCr_420_888, taking experimental path. usage: 640 x 480, usage 20003
07-31 05:51:22.991  1820  1820 D gralloc_ranchu: gralloc_alloc: Creating ashmem region of size 462848
07-31 05:51:22.994  1820  1820 D gralloc_ranchu: gralloc_alloc: Creating ashmem region of size 1232896
07-31 05:51:22.996  1806  6159 W audio_hw_generic: Hardware backing HAL too slow, could only write 0 of 661 frames
07-31 05:51:22.996 19693 19810 W PeopleDeviceAccounts: Processing 2 accounts
07-31 05:51:23.000 19580 19649 D EGL_emulation: eglMakeCurrent: 0xe0348a00: ver 3 0 (tinfo 0xe0355f70)
07-31 05:51:23.008  2039  2064 W InputReader: Device has associated, but no associated display id.
07-31 05:51:23.008  2039  2064 I chatty  : uid=1000(system) android.anim identical 8 lines
07-31 05:51:23.008  2039  2064 W InputReader: Device has associated, but no associated display id.
07-31 05:51:23.010  1806  6159 W audio_hw_generic: Hardware backing HAL too slow, could only write 0 of 661 frames
07-31 05:51:23.024  1809 19814 I EmulatedCamera3_QemuSensor: captureNV21: Dimensions for the current request (640x480) differ from the previous request (-1x-1). Restarting camera
07-31 05:51:23.287  1806  6159 W audio_hw_generic: Hardware backing HAL too slow, could only write 0 of 661 frames
07-31 05:51:23.288  1817  2351 E GnssHAL_GnssInterface: gnssSvStatusCb: a: input svInfo.flags is 8
07-31 05:51:23.288  1817  2351 E GnssHAL_GnssInterface: gnssSvStatusCb: b: input svInfo.flags is 8
07-31 05:51:23.288  1806  6159 W audio_hw_generic: Not supplying enough data to HAL, expected position 6447836 , only wrote 6438140
07-31 05:51:23.289  1806  6159 W audio_hw_generic: Not supplying enough data to HAL, expected position 6438161 , only wrote 6438140
07-31 05:51:23.289  1806  6159 W audio_hw_generic: Hardware backing HAL too slow, could only write 0 of 661 frames
07-31 05:51:23.290  1820  1820 W gralloc_ranchu: gralloc_alloc: Requested YCbCr_420_888, taking experimental path. usage: 640 x 480, usage 20003
07-31 05:51:23.290  1820  1820 D gralloc_ranchu: gralloc_alloc: Creating ashmem region of size 462848
07-31 05:51:23.297  1820  1820 D gralloc_ranchu: gralloc_alloc: Creating ashmem region of size 1232896
07-31 05:51:23.319  1806  6159 W audio_hw_generic: Not supplying enough data to HAL, expected position 6439457 , only wrote 6438801
07-31 05:51:23.319  1806  6159 W audio_hw_generic: Hardware backing HAL too slow, could only write 0 of 661 frames
07-31 05:51:23.320  1806  6159 I chatty  : uid=1041(audioserver) writer identical 1 line
07-31 05:51:23.336  1806  6159 W audio_hw_generic: Hardware backing HAL too slow, could only write 0 of 661 frames
07-31 05:51:23.343 19580 19593 I mple.ubcexplor: Background young concurrent copying GC freed 21191(1284KB) AllocSpace objects, 9(2100KB) LOS objects, 25% free, 7634KB/10198KB, paused 516us total 339.218ms
07-31 05:51:23.347 19580 19809 I native  : I0000 00:00:1659246683.506158   19809 timebase_helpers.cc:169] Timebase offset intialized to 0
07-31 05:51:23.353  1806  6159 W audio_hw_generic: Hardware backing HAL too slow, could only write 0 of 661 frames
07-31 05:51:23.353 19580 19813 I native  : I0000 00:00:1659246683.353784   19813 logger.h:28] CameraMetrics: FirstCaptureComplete: 390.4966ms
07-31 05:51:23.354 19580 19809 I native  : I0000 00:00:1659246683.354125   19809 logger.h:28] DataSourceMetrics: kFirstImageCallback: 469.1098ms
07-31 05:51:23.354 19580 19809 E ACameraMetadata: getConstEntry: cannot find metadata tag 65576
07-31 05:51:23.354 19580 19809 E ACameraMetadata: getConstEntry: cannot find metadata tag 65578
07-31 05:51:23.359  1820  1820 W gralloc_ranchu: gralloc_alloc: Requested YCbCr_420_888, taking experimental path. usage: 640 x 480, usage 20003
07-31 05:51:23.359  1820  1820 D gralloc_ranchu: gralloc_alloc: Creating ashmem region of size 462848
07-31 05:51:23.362 19580 19798 W native  : W0000 00:00:1659246683.362909   19798 feature_matcher_and_filter_utils.cc:258] INVALID_ARGUMENT: integration window start at 0
07-31 05:51:23.362 19580 19798 W native  : === Source Location Trace: ===
07-31 05:51:23.362 19580 19798 W native  : third_party/redwood/perception/imu_processing/imu_integrator/imu_integrator_utils.cc:96
07-31 05:51:23.362 19580 19798 W native  :  Use identity R.
07-31 05:51:23.367  1806  6159 W audio_hw_generic: Hardware backing HAL too slow, could only write 0 of 661 frames
07-31 05:51:23.371 19580 19809 E ACameraMetadata: getConstEntry: cannot find metadata tag 65576
07-31 05:51:23.383  1806  6159 W audio_hw_generic: Hardware backing HAL too slow, could only write 0 of 661 frames
07-31 05:51:23.400  1806  6159 W audio_hw_generic: Hardware backing HAL too slow, could only write 0 of 661 frames
07-31 05:51:23.407  1820  1820 W gralloc_ranchu: gralloc_alloc: Requested YCbCr_420_888, taking experimental path. usage: 640 x 480, usage 20003
07-31 05:51:23.407  1820  1820 D gralloc_ranchu: gralloc_alloc: Creating ashmem region of size 462848
07-31 05:51:23.413  1806  6159 W audio_hw_generic: Hardware backing HAL too slow, could only write 0 of 661 frames
07-31 05:51:23.413 19580 19580 E ACameraMetadata: getConstEntry: cannot find metadata tag 65576
07-31 05:51:23.415 19580 19580 D EGL_emulation: eglMakeCurrent: 0xc00bdc80: ver 3 0 (tinfo 0xd4e6bbe0)
07-31 05:51:23.416  1820  1820 D gralloc_ranchu: gralloc_alloc: Creating ashmem region of size 1232896
07-31 05:51:23.416 19580 19580 D EGL_emulation: eglMakeCurrent: 0xbfe7ab60: ver 3 0 (tinfo 0xd4e6bbe0)
07-31 05:51:23.418 19580 19580 D EGL_emulation: eglMakeCurrent: 0xc00bdc80: ver 3 0 (tinfo 0xd4e6bbe0)
07-31 05:51:23.420 19580 19580 D EGL_emulation: eglMakeCurrent: 0xbfe7ab60: ver 3 0 (tinfo 0xd4e6bbe0)
07-31 05:51:23.427 19580 19580 E eglCodecCommon: glUtilsParamSize: unknow param 0x00008919
07-31 05:51:23.428  1806  6159 W audio_hw_generic: Hardware backing HAL too slow, could only write 0 of 661 frames
07-31 05:51:23.440 19580 19580 E eglCodecCommon: glUtilsParamSize: unknow param 0x00008919
07-31 05:51:23.443  1806  6159 W audio_hw_generic: Hardware backing HAL too slow, could only write 0 of 661 frames
07-31 05:51:23.448 19580 19689 D eglCodecCommon: setVertexArrayObject: set vao to 0 (0) 41 39
07-31 05:51:23.451  1820  1820 W gralloc_ranchu: gralloc_alloc: Requested YCbCr_420_888, taking experimental path. usage: 640 x 480, usage 20003
07-31 05:51:23.451  1820  1820 D gralloc_ranchu: gralloc_alloc: Creating ashmem region of size 462848
07-31 05:51:23.452 19580 19809 E ACameraMetadata: getConstEntry: cannot find metadata tag 65576
07-31 05:51:23.455 19580 19649 D EGL_emulation: eglMakeCurrent: 0xe0348a00: ver 3 0 (tinfo 0xe0355f70)
07-31 05:51:23.456  1820  1820 D gralloc_ranchu: gralloc_alloc: Creating ashmem region of size 1232896
07-31 05:51:23.457  1806  6159 W audio_hw_generic: Hardware backing HAL too slow, could only write 0 of 661 frames
07-31 05:51:23.470  1820  1820 D gralloc_ranchu: gralloc_alloc: Creating ashmem region of size 9334784
07-31 05:51:23.472  1806  6159 W audio_hw_generic: Hardware backing HAL too slow, could only write 0 of 661 frames
07-31 05:51:23.482 19580 19689 D eglCodecCommon: setVertexArrayObject: set vao to 12 (12) 48 0
07-31 05:51:23.485 19580 19689 D eglCodecCommon: setVertexArrayObject: set vao to 0 (0) 48 46
07-31 05:51:23.486 19580 19689 D eglCodecCommon: setVertexArrayObject: set vao to 13 (13) 59 0
07-31 05:51:23.486 19580 19689 D eglCodecCommon: setVertexArrayObject: set vao to 0 (0) 59 56
07-31 05:51:23.487  1806  6159 W audio_hw_generic: Hardware backing HAL too slow, could only write 0 of 661 frames
07-31 05:51:23.490  1820  1820 D gralloc_ranchu: gralloc_alloc: Creating ashmem region of size 7811072
07-31 05:51:23.494 19580 19809 E ACameraMetadata: getConstEntry: cannot find metadata tag 65576
07-31 05:51:23.503  1820  1820 W gralloc_ranchu: gralloc_alloc: Requested YCbCr_420_888, taking experimental path. usage: 640 x 480, usage 20003
07-31 05:51:23.503  1820  1820 D gralloc_ranchu: gralloc_alloc: Creating ashmem region of size 462848
07-31 05:51:23.503  1806  6159 W audio_hw_generic: Hardware backing HAL too slow, could only write 0 of 661 frames
07-31 05:51:23.506 19580 19689 D EGL_emulation: eglMakeCurrent: 0xbfe7afe0: ver 3 0 (tinfo 0xd4e6beb0)
07-31 05:51:23.506 19580 19580 E ACameraMetadata: getConstEntry: cannot find metadata tag 65576
07-31 05:51:23.509 19580 19580 D EGL_emulation: eglMakeCurrent: 0xc00bdc80: ver 3 0 (tinfo 0xd4e6bbe0)
07-31 05:51:23.511 19580 19580 D EGL_emulation: eglMakeCurrent: 0xbfe7ab60: ver 3 0 (tinfo 0xd4e6bbe0)
07-31 05:51:23.511 19580 19781 D HostConnection: HostConnection::get() New Host Connection established 0xa6589a30, tid 19781
07-31 05:51:23.512 19580 19781 D HostConnection: HostComposition ext ANDROID_EMU_CHECKSUM_HELPER_v1 ANDROID_EMU_dma_v1 ANDROID_EMU_direct_mem ANDROID_EMU_host_composition_v1 ANDROID_EMU_host_composition_v2 ANDROID_EMU_vulkan ANDROID_EMU_deferred_vulkan_commands ANDROID_EMU_vulkan_null_optional_strings ANDROID_EMU_vulkan_create_resources_with_requirements ANDROID_EMU_YUV420_888_to_NV21 ANDROID_EMU_YUV_Cache ANDROID_EMU_vulkan_free_memory_sync ANDROID_EMU_vulkan_shader_float16_int8 ANDROID_EMU_vulkan_async_queue_submit ANDROID_EMU_sync_buffer_data GL_OES_EGL_image_external_essl3 GL_OES_vertex_array_object GL_KHR_texture_compression_astc_ldr ANDROID_EMU_host_side_tracing ANDROID_EMU_gles_max_version_3_0
07-31 05:51:23.514 19580 19809 E ACameraMetadata: getConstEntry: cannot find metadata tag 65576
07-31 05:51:23.515 19580 19580 D EGL_emulation: eglMakeCurrent: 0xc00bdc80: ver 3 0 (tinfo 0xd4e6bbe0)
07-31 05:51:23.517  1806  6159 W audio_hw_generic: Hardware backing HAL too slow, could only write 0 of 661 frames
07-31 05:51:23.522 19580 19580 D EGL_emulation: eglMakeCurrent: 0xbfe7ab60: ver 3 0 (tinfo 0xd4e6bbe0)
07-31 05:51:23.530 19580 19580 E eglCodecCommon: glUtilsParamSize: unknow param 0x00008919
07-31 05:51:23.530 19580 19580 E eglCodecCommon: glUtilsParamSize: unknow param 0x00008919
07-31 05:51:23.531  1820  1820 D gralloc_ranchu: gralloc_alloc: Creating ashmem region of size 1232896
07-31 05:51:23.531 19580 19689 D eglCodecCommon: setVertexArrayObject: set vao to 12 (12) 48 46
07-31 05:51:23.532  1806  6159 W audio_hw_generic: Hardware backing HAL too slow, could only write 0 of 661 frames
07-31 05:51:23.537  1820  1874 W gralloc_ranchu: gralloc_alloc: Requested YCbCr_420_888, taking experimental path. usage: 640 x 480, usage 20003
07-31 05:51:23.537  1820  1874 D gralloc_ranchu: gralloc_alloc: Creating ashmem region of size 462848
07-31 05:51:23.537 19580 19689 D eglCodecCommon: setVertexArrayObject: set vao to 1 (1) 48 2
07-31 05:51:23.550  1806  6159 W audio_hw_generic: Hardware backing HAL too slow, could only write 0 of 661 frames
07-31 05:51:23.551  1820  1874 D gralloc_ranchu: gralloc_alloc: Creating ashmem region of size 7811072
07-31 05:51:23.563  1806  6159 W audio_hw_generic: Hardware backing HAL too slow, could only write 0 of 661 frames
07-31 05:51:23.566 19580 19689 D eglCodecCommon: setVertexArrayObject: set vao to 12 (12) 48 46
07-31 05:51:23.567 19580 19689 D eglCodecCommon: setVertexArrayObject: set vao to 1 (1) 48 2
07-31 05:51:23.577  1806  6159 W audio_hw_generic: Hardware backing HAL too slow, could only write 0 of 661 frames
07-31 05:51:23.578  1820  1874 D gralloc_ranchu: gralloc_alloc: Creating ashmem region of size 7811072
07-31 05:51:23.590  1820  1874 W gralloc_ranchu: gralloc_alloc: Requested YCbCr_420_888, taking experimental path. usage: 640 x 480, usage 20003
07-31 05:51:23.590  1820  1874 D gralloc_ranchu: gralloc_alloc: Creating ashmem region of size 462848
07-31 05:51:23.591 19580 19809 E ACameraMetadata: getConstEntry: cannot find metadata tag 65576
07-31 05:51:23.592  1806  6159 W audio_hw_generic: Hardware backing HAL too slow, could only write 0 of 661 frames
07-31 05:51:23.607  1806  6159 I chatty  : uid=1041(audioserver) writer identical 1 line
07-31 05:51:23.622  1806  6159 W audio_hw_generic: Hardware backing HAL too slow, could only write 0 of 661 frames
07-31 05:51:23.634  1820  1874 W gralloc_ranchu: gralloc_alloc: Requested YCbCr_420_888, taking experimental path. usage: 640 x 480, usage 20003
07-31 05:51:23.635  1820  1874 D gralloc_ranchu: gralloc_alloc: Creating ashmem region of size 462848
07-31 05:51:23.637 19580 19809 E ACameraMetadata: getConstEntry: cannot find metadata tag 65576
07-31 05:51:23.637  1806  6159 W audio_hw_generic: Hardware backing HAL too slow, could only write 0 of 661 frames
07-31 05:51:23.654  1806  6159 W audio_hw_generic: Hardware backing HAL too slow, could only write 0 of 661 frames
07-31 05:51:23.662  1820  1874 W gralloc_ranchu: gralloc_alloc: Requested YCbCr_420_888, taking experimental path. usage: 640 x 480, usage 20003
07-31 05:51:23.662  1820  1874 D gralloc_ranchu: gralloc_alloc: Creating ashmem region of size 462848
07-31 05:51:23.665 19580 19809 E ACameraMetadata: getConstEntry: cannot find metadata tag 65576
07-31 05:51:23.667  1806  6159 W audio_hw_generic: Hardware backing HAL too slow, could only write 0 of 661 frames
07-31 05:51:23.673  1820  1874 D gralloc_ranchu: gralloc_alloc: Creating ashmem region of size 4096
07-31 05:51:23.689  1806  6159 W audio_hw_generic: Hardware backing HAL too slow, could only write 0 of 661 frames
07-31 05:51:23.695 19580 19809 E ACameraMetadata: getConstEntry: cannot find metadata tag 65576
07-31 05:51:23.696  1820  1820 D gralloc_ranchu: gralloc_alloc: Creating ashmem region of size 4096
07-31 05:51:23.696  1806  6159 W audio_hw_generic: Hardware backing HAL too slow, could only write 0 of 661 frames
07-31 05:51:23.697  1820  1874 W gralloc_ranchu: gralloc_alloc: Requested YCbCr_420_888, taking experimental path. usage: 640 x 480, usage 20003
07-31 05:51:23.697  1820  1874 D gralloc_ranchu: gralloc_alloc: Creating ashmem region of size 462848
07-31 05:51:23.698  1820  2600 D gralloc_ranchu: gralloc_alloc: Creating ashmem region of size 4096
07-31 05:51:23.699 19580 19580 E ACameraMetadata: getConstEntry: cannot find metadata tag 65576
07-31 05:51:23.700 19580 19580 D EGL_emulation: eglMakeCurrent: 0xc00bdc80: ver 3 0 (tinfo 0xd4e6bbe0)
07-31 05:51:23.701 19580 19580 D EGL_emulation: eglMakeCurrent: 0xbfe7ab60: ver 3 0 (tinfo 0xd4e6bbe0)
07-31 05:51:23.702 19580 19580 D EGL_emulation: eglMakeCurrent: 0xc00bdc80: ver 3 0 (tinfo 0xd4e6bbe0)
07-31 05:51:23.706 19580 19580 D EGL_emulation: eglMakeCurrent: 0xbfe7ab60: ver 3 0 (tinfo 0xd4e6bbe0)
07-31 05:51:23.714  1806  6159 W audio_hw_generic: Hardware backing HAL too slow, could only write 0 of 661 frames
07-31 05:51:23.716 19580 19580 E eglCodecCommon: glUtilsParamSize: unknow param 0x00008919
07-31 05:51:23.716 19580 19580 E eglCodecCommon: glUtilsParamSize: unknow param 0x00008919
07-31 05:51:23.727  1806  6159 W audio_hw_generic: Hardware backing HAL too slow, could only write 0 of 661 frames
07-31 05:51:23.729  1820  2600 D gralloc_ranchu: gralloc_alloc: Creating ashmem region of size 1232896
07-31 05:51:23.730  1820  1874 W gralloc_ranchu: gralloc_alloc: Requested YCbCr_420_888, taking experimental path. usage: 640 x 480, usage 20003
07-31 05:51:23.731  1820  1874 D gralloc_ranchu: gralloc_alloc: Creating ashmem region of size 462848
07-31 05:51:23.731 19580 19809 E ACameraMetadata: getConstEntry: cannot find metadata tag 65576
07-31 05:51:23.739 19580 19689 D eglCodecCommon: setVertexArrayObject: set vao to 12 (12) 48 46
07-31 05:51:23.740 19580 19689 D eglCodecCommon: setVertexArrayObject: set vao to 1 (1) 48 2
07-31 05:51:23.742 19580 19580 E ACameraMetadata: getConstEntry: cannot find metadata tag 65576
07-31 05:51:23.742 19580 19580 D EGL_emulation: eglMakeCurrent: 0xc00bdc80: ver 3 0 (tinfo 0xd4e6bbe0)
07-31 05:51:23.743  1806  6159 W audio_hw_generic: Hardware backing HAL too slow, could only write 0 of 661 frames
07-31 05:51:23.744 19580 19580 D EGL_emulation: eglMakeCurrent: 0xbfe7ab60: ver 3 0 (tinfo 0xd4e6bbe0)
07-31 05:51:23.752 19580 19580 D EGL_emulation: eglMakeCurrent: 0xc00bdc80: ver 3 0 (tinfo 0xd4e6bbe0)
07-31 05:51:23.757  1806  6159 W audio_hw_generic: Hardware backing HAL too slow, could only write 0 of 661 frames
07-31 05:51:23.770  1820  2600 D gralloc_ranchu: gralloc_alloc: Creating ashmem region of size 9334784
07-31 05:51:23.771 19580 19580 D EGL_emulation: eglMakeCurrent: 0xbfe7ab60: ver 3 0 (tinfo 0xd4e6bbe0)
07-31 05:51:23.772  1806  6159 W audio_hw_generic: Hardware backing HAL too slow, could only write 0 of 661 frames
07-31 05:51:23.777 19580 19809 E ACameraMetadata: getConstEntry: cannot find metadata tag 65576
07-31 05:51:23.859  1806  6159 W audio_hw_generic: Hardware backing HAL too slow, could only write 0 of 661 frames
07-31 05:51:23.860  1806  6159 W audio_hw_generic: Not supplying enough data to HAL, expected position 6462678 , only wrote 6460614
07-31 05:51:23.861  1806  6159 W audio_hw_generic: Not supplying enough data to HAL, expected position 6460657 , only wrote 6460614
07-31 05:51:23.861  1806  6159 W audio_hw_generic: Hardware backing HAL too slow, could only write 0 of 661 frames
07-31 05:51:23.867 19580 19580 E eglCodecCommon: glUtilsParamSize: unknow param 0x00008919
07-31 05:51:23.868 19580 19580 E eglCodecCommon: glUtilsParamSize: unknow param 0x00008919
07-31 05:51:23.877  1820  2600 D gralloc_ranchu: gralloc_alloc: Creating ashmem region of size 1232896
07-31 05:51:23.880  1806  6159 W audio_hw_generic: Not supplying enough data to HAL, expected position 6461426 , only wrote 6461275
07-31 05:51:23.880  1806  6159 W audio_hw_generic: Hardware backing HAL too slow, could only write 0 of 661 frames
07-31 05:51:23.883  1806  6159 W audio_hw_generic: Hardware backing HAL too slow, could only write 0 of 661 frames
07-31 05:51:23.890  1820  2600 D gralloc_ranchu: gralloc_alloc: Creating ashmem region of size 1232896
07-31 05:51:23.893 19580 19809 E ACameraMetadata: getConstEntry: cannot find metadata tag 65576
07-31 05:51:23.895 19580 19689 D eglCodecCommon: setVertexArrayObject: set vao to 12 (12) 48 46
07-31 05:51:23.898  1806  6159 W audio_hw_generic: Hardware backing HAL too slow, could only write 0 of 661 frames
07-31 05:51:23.898 19580 19689 D eglCodecCommon: setVertexArrayObject: set vao to 1 (1) 48 2
07-31 05:51:23.915  1806  6159 W audio_hw_generic: Hardware backing HAL too slow, could only write 0 of 661 frames
07-31 05:51:23.916  1820  2600 D gralloc_ranchu: gralloc_alloc: Creating ashmem region of size 9334784
07-31 05:51:23.928  1806  6159 W audio_hw_generic: Hardware backing HAL too slow, could only write 0 of 661 frames
07-31 05:51:23.940 19580 19809 E ACameraMetadata: getConstEntry: cannot find metadata tag 65576
07-31 05:51:23.943  1806  6159 W audio_hw_generic: Hardware backing HAL too slow, could only write 0 of 661 frames
07-31 05:51:23.943 19580 19580 E ACameraMetadata: getConstEntry: cannot find metadata tag 65576
07-31 05:51:23.947 19580 19580 D EGL_emulation: eglMakeCurrent: 0xc00bdc80: ver 3 0 (tinfo 0xd4e6bbe0)
07-31 05:51:23.950 19580 19580 D EGL_emulation: eglMakeCurrent: 0xbfe7ab60: ver 3 0 (tinfo 0xd4e6bbe0)
07-31 05:51:23.957 19580 19580 D EGL_emulation: eglMakeCurrent: 0xc00bdc80: ver 3 0 (tinfo 0xd4e6bbe0)
07-31 05:51:23.959  1806  6159 W audio_hw_generic: Hardware backing HAL too slow, could only write 0 of 661 frames
07-31 05:51:23.960 19580 19580 D EGL_emulation: eglMakeCurrent: 0xbfe7ab60: ver 3 0 (tinfo 0xd4e6bbe0)
07-31 05:51:23.967 19580 19580 E eglCodecCommon: glUtilsParamSize: unknow param 0x00008919
07-31 05:51:23.973  1806  6159 W audio_hw_generic: Hardware backing HAL too slow, could only write 0 of 661 frames
07-31 05:51:23.974 19580 19580 E eglCodecCommon: glUtilsParamSize: unknow param 0x00008919
07-31 05:51:23.974 19580 19809 E ACameraMetadata: getConstEntry: cannot find metadata tag 65576
07-31 05:51:23.976 19580 19689 D eglCodecCommon: setVertexArrayObject: set vao to 12 (12) 48 46
07-31 05:51:23.977 19580 19689 D eglCodecCommon: setVertexArrayObject: set vao to 1 (1) 48 2
07-31 05:51:23.992  1806  6159 W audio_hw_generic: Hardware backing HAL too slow, could only write 0 of 661 frames
07-31 05:51:24.001  1820  2600 D gralloc_ranchu: gralloc_alloc: Creating ashmem region of size 9334784
07-31 05:51:24.003  1806  6159 W audio_hw_generic: Hardware backing HAL too slow, could only write 0 of 661 frames
07-31 05:51:24.004 19580 19580 E ACameraMetadata: getConstEntry: cannot find metadata tag 65576
07-31 05:51:24.015 19580 19580 D EGL_emulation: eglMakeCurrent: 0xc00bdc80: ver 3 0 (tinfo 0xd4e6bbe0)
07-31 05:51:24.019  1806  6159 W audio_hw_generic: Hardware backing HAL too slow, could only write 0 of 661 frames
07-31 05:51:24.029 19580 19580 D EGL_emulation: eglMakeCurrent: 0xbfe7ab60: ver 3 0 (tinfo 0xd4e6bbe0)
07-31 05:51:24.030 19580 19580 D EGL_emulation: eglMakeCurrent: 0xc00bdc80: ver 3 0 (tinfo 0xd4e6bbe0)
07-31 05:51:24.033  1806  6159 W audio_hw_generic: Hardware backing HAL too slow, could only write 0 of 661 frames
07-31 05:51:24.036 19580 19580 D EGL_emulation: eglMakeCurrent: 0xbfe7ab60: ver 3 0 (tinfo 0xd4e6bbe0)
07-31 05:51:24.040 19580 19580 E eglCodecCommon: glUtilsParamSize: unknow param 0x00008919
07-31 05:51:24.040 19580 19580 E eglCodecCommon: glUtilsParamSize: unknow param 0x00008919
07-31 05:51:24.042 19580 19689 D eglCodecCommon: setVertexArrayObject: set vao to 12 (12) 48 46
07-31 05:51:24.043 19580 19689 D eglCodecCommon: setVertexArrayObject: set vao to 1 (1) 48 2
07-31 05:51:24.043 19580 19809 E ACameraMetadata: getConstEntry: cannot find metadata tag 65576
07-31 05:51:24.043 19580 19809 I native  : I0000 00:00:1659246684.043827   19809 camera_timestamp_corrector.cc:251] IMU-camera rough initial offset for camera 0 initialized to -815103600
07-31 05:51:24.049  1806  6159 W audio_hw_generic: Hardware backing HAL too slow, could only write 0 of 661 frames
07-31 05:51:24.064  1806  6159 W audio_hw_generic: Hardware backing HAL too slow, could only write 0 of 661 frames
07-31 05:51:24.067 19580 19580 E ACameraMetadata: getConstEntry: cannot find metadata tag 65576
07-31 05:51:24.068 19580 19580 D EGL_emulation: eglMakeCurrent: 0xc00bdc80: ver 3 0 (tinfo 0xd4e6bbe0)
07-31 05:51:24.069 19580 19809 E ACameraMetadata: getConstEntry: cannot find metadata tag 65576
07-31 05:51:24.071 19580 19580 D EGL_emulation: eglMakeCurrent: 0xbfe7ab60: ver 3 0 (tinfo 0xd4e6bbe0)
07-31 05:51:24.072 19580 19580 D EGL_emulation: eglMakeCurrent: 0xc00bdc80: ver 3 0 (tinfo 0xd4e6bbe0)
07-31 05:51:24.073 19580 19580 D EGL_emulation: eglMakeCurrent: 0xbfe7ab60: ver 3 0 (tinfo 0xd4e6bbe0)
07-31 05:51:24.078  1806  6159 W audio_hw_generic: Hardware backing HAL too slow, could only write 0 of 661 frames
07-31 05:51:24.079 19580 19580 E eglCodecCommon: glUtilsParamSize: unknow param 0x00008919
07-31 05:51:24.080 19580 19580 E eglCodecCommon: glUtilsParamSize: unknow param 0x00008919
07-31 05:51:24.082 19580 19689 D eglCodecCommon: setVertexArrayObject: set vao to 12 (12) 48 46
07-31 05:51:24.083 19580 19689 D eglCodecCommon: setVertexArrayObject: set vao to 1 (1) 48 2
07-31 05:51:24.099  1806  6159 W audio_hw_generic: Hardware backing HAL too slow, could only write 0 of 661 frames
07-31 05:51:24.108 19580 19809 E ACameraMetadata: getConstEntry: cannot find metadata tag 65576
07-31 05:51:24.109  1806  6159 W audio_hw_generic: Hardware backing HAL too slow, could only write 0 of 661 frames
07-31 05:51:24.112 19580 19580 E ACameraMetadata: getConstEntry: cannot find metadata tag 65576
07-31 05:51:24.113 19580 19580 D EGL_emulation: eglMakeCurrent: 0xc00bdc80: ver 3 0 (tinfo 0xd4e6bbe0)
07-31 05:51:24.117 19580 19580 D EGL_emulation: eglMakeCurrent: 0xbfe7ab60: ver 3 0 (tinfo 0xd4e6bbe0)
07-31 05:51:24.118 19580 19580 D EGL_emulation: eglMakeCurrent: 0xc00bdc80: ver 3 0 (tinfo 0xd4e6bbe0)
07-31 05:51:24.120 19580 19580 D EGL_emulation: eglMakeCurrent: 0xbfe7ab60: ver 3 0 (tinfo 0xd4e6bbe0)
07-31 05:51:24.126  1806  6159 W audio_hw_generic: Hardware backing HAL too slow, could only write 0 of 661 frames
07-31 05:51:24.137 19580 19809 E ACameraMetadata: getConstEntry: cannot find metadata tag 65576
07-31 05:51:24.138  1806  6159 W audio_hw_generic: Hardware backing HAL too slow, could only write 0 of 661 frames
07-31 05:51:24.139 19580 19580 E eglCodecCommon: glUtilsParamSize: unknow param 0x00008919
07-31 05:51:24.139 19580 19580 E eglCodecCommon: glUtilsParamSize: unknow param 0x00008919
07-31 05:51:24.145 19580 19689 D eglCodecCommon: setVertexArrayObject: set vao to 12 (12) 48 46
07-31 05:51:24.146 19580 19689 D eglCodecCommon: setVertexArrayObject: set vao to 1 (1) 48 2
07-31 05:51:24.150 19580 19580 E ACameraMetadata: getConstEntry: cannot find metadata tag 65576
07-31 05:51:24.151 19580 19580 D EGL_emulation: eglMakeCurrent: 0xc00bdc80: ver 3 0 (tinfo 0xd4e6bbe0)
07-31 05:51:24.154  1806  6159 W audio_hw_generic: Hardware backing HAL too slow, could only write 0 of 661 frames
07-31 05:51:24.154 19580 19580 D EGL_emulation: eglMakeCurrent: 0xbfe7ab60: ver 3 0 (tinfo 0xd4e6bbe0)
07-31 05:51:24.156 19580 19580 D EGL_emulation: eglMakeCurrent: 0xc00bdc80: ver 3 0 (tinfo 0xd4e6bbe0)
07-31 05:51:24.168  1806  6159 W audio_hw_generic: Hardware backing HAL too slow, could only write 0 of 661 frames
07-31 05:51:24.168 19580 19580 D EGL_emulation: eglMakeCurrent: 0xbfe7ab60: ver 3 0 (tinfo 0xd4e6bbe0)
07-31 05:51:24.174  1817  2351 E GnssHAL_GnssInterface: gnssSvStatusCb: a: input svInfo.flags is 8
07-31 05:51:24.174  1817  2351 E GnssHAL_GnssInterface: gnssSvStatusCb: b: input svInfo.flags is 8
07-31 05:51:24.175 19580 19809 E ACameraMetadata: getConstEntry: cannot find metadata tag 65576
07-31 05:51:24.176 19580 19580 E eglCodecCommon: glUtilsParamSize: unknow param 0x00008919
07-31 05:51:24.176 19580 19580 E eglCodecCommon: glUtilsParamSize: unknow param 0x00008919
07-31 05:51:24.180 19580 19689 D eglCodecCommon: setVertexArrayObject: set vao to 12 (12) 48 46
07-31 05:51:24.182 19580 19689 D eglCodecCommon: setVertexArrayObject: set vao to 1 (1) 48 2
07-31 05:51:24.184  1806  6159 W audio_hw_generic: Hardware backing HAL too slow, could only write 0 of 661 frames
07-31 05:51:24.188 19580 19580 E ACameraMetadata: getConstEntry: cannot find metadata tag 65576
07-31 05:51:24.189 19580 19580 D EGL_emulation: eglMakeCurrent: 0xc00bdc80: ver 3 0 (tinfo 0xd4e6bbe0)
07-31 05:51:24.191 19580 19580 D EGL_emulation: eglMakeCurrent: 0xbfe7ab60: ver 3 0 (tinfo 0xd4e6bbe0)
07-31 05:51:24.200  1806  6159 W audio_hw_generic: Hardware backing HAL too slow, could only write 0 of 661 frames
07-31 05:51:24.209 19580 19580 D EGL_emulation: eglMakeCurrent: 0xc00bdc80: ver 3 0 (tinfo 0xd4e6bbe0)
07-31 05:51:24.210 19580 19809 E ACameraMetadata: getConstEntry: cannot find metadata tag 65576
07-31 05:51:24.212 19580 19580 D EGL_emulation: eglMakeCurrent: 0xbfe7ab60: ver 3 0 (tinfo 0xd4e6bbe0)
07-31 05:51:24.213  1806  6159 W audio_hw_generic: Hardware backing HAL too slow, could only write 0 of 661 frames
07-31 05:51:24.220 19580 19580 E eglCodecCommon: glUtilsParamSize: unknow param 0x00008919
07-31 05:51:24.220 19580 19580 E eglCodecCommon: glUtilsParamSize: unknow param 0x00008919
