07-31 05:51:16.065 19580 19580 D EGL_emulation: eglMakeCurrent: 0xbfe7ab60: ver 3 0 (tinfo 0xd4e6bbe0)
07-31 05:51:16.068 19580 19751 E ACameraMetadata: getConstEntry: cannot find metadata tag 65576
07-31 05:51:16.070 19580 19580 E native  : E0000 00:00:1659246676.070256   19580 hit_test.cc:428] INTERNAL: No point hit.
07-31 05:51:16.073 19580 19580 E eglCodecCommon: glUtilsParamSize: unknow param 0x00008919
07-31 05:51:16.073 19580 19580 E eglCodecCommon: glUtilsParamSize: unknow param 0x00008919
07-31 05:51:16.074 19580 19689 D eglCodecCommon: setVertexArrayObject: set vao to 2 (2) 13 11
07-31 05:51:16.075 19580 19689 D eglCodecCommon: setVertexArrayObject: set vao to 1 (1) 13 2
07-31 05:51:16.084 19580 19580 E ACameraMetadata: getConstEntry: cannot find metadata tag 65576
07-31 05:51:16.088 19580 19580 D EGL_emulation: eglMakeCurrent: 0xb1952a80: ver 3 0 (tinfo 0xd4e6bbe0)
07-31 05:51:16.095 19580 19580 D EGL_emulation: eglMakeCurrent: 0xbfe7ab60: ver 3 0 (tinfo 0xd4e6bbe0)
07-31 05:51:16.096 19580 19580 D EGL_emulation: eglMakeCurrent: 0xb1952a80: ver 3 0 (tinfo 0xd4e6bbe0)
07-31 05:51:16.097 19580 19751 E ACameraMetadata: getConstEntry: cannot find metadata tag 65576
07-31 05:51:16.099 19580 19580 D EGL_emulation: eglMakeCurrent: 0xbfe7ab60: ver 3 0 (tinfo 0xd4e6bbe0)
07-31 05:51:16.102 19580 19580 E native  : E0000 00:00:1659246676.102269   19580 hit_test.cc:428] INTERNAL: No point hit.
07-31 05:51:16.108 19580 19580 E eglCodecCommon: glUtilsParamSize: unknow param 0x00008919
07-31 05:51:16.108 19580 19580 E eglCodecCommon: glUtilsParamSize: unknow param 0x00008919
07-31 05:51:16.110 19580 19689 D eglCodecCommon: setVertexArrayObject: set vao to 2 (2) 13 11
07-31 05:51:16.111 19580 19689 D eglCodecCommon: setVertexArrayObject: set vao to 1 (1) 13 2
07-31 05:51:16.114 19580 19580 E ACameraMetadata: getConstEntry: cannot find metadata tag 65576
07-31 05:51:16.115 19580 19580 D EGL_emulation: eglMakeCurrent: 0xb1952a80: ver 3 0 (tinfo 0xd4e6bbe0)
07-31 05:51:16.117 19580 19580 D EGL_emulation: eglMakeCurrent: 0xbfe7ab60: ver 3 0 (tinfo 0xd4e6bbe0)
07-31 05:51:16.130 19580 19580 D EGL_emulation: eglMakeCurrent: 0xb1952a80: ver 3 0 (tinfo 0xd4e6bbe0)
07-31 05:51:16.133 19580 19580 D EGL_emulation: eglMakeCurrent: 0xbfe7ab60: ver 3 0 (tinfo 0xd4e6bbe0)
07-31 05:51:16.134 19580 19580 E native  : E0000 00:00:1659246676.134818   19580 hit_test.cc:428] INTERNAL: No point hit.
07-31 05:51:16.136 19580 19751 E ACameraMetadata: getConstEntry: cannot find metadata tag 65576
07-31 05:51:16.145 19580 19580 E eglCodecCommon: glUtilsParamSize: unknow param 0x00008919
07-31 05:51:16.145 19580 19580 E eglCodecCommon: glUtilsParamSize: unknow param 0x00008919
07-31 05:51:16.148 19580 19689 D eglCodecCommon: setVertexArrayObject: set vao to 2 (2) 13 11
07-31 05:51:16.149 19580 19689 D eglCodecCommon: setVertexArrayObject: set vao to 1 (1) 13 2
07-31 05:51:16.150 19580 19580 E ACameraMetadata: getConstEntry: cannot find metadata tag 65576
07-31 05:51:16.151 19580 19580 D EGL_emulation: eglMakeCurrent: 0xb1952a80: ver 3 0 (tinfo 0xd4e6bbe0)
07-31 05:51:16.153 19580 19580 D EGL_emulation: eglMakeCurrent: 0xbfe7ab60: ver 3 0 (tinfo 0xd4e6bbe0)
07-31 05:51:16.157 19580 19580 D EGL_emulation: eglMakeCurrent: 0xb1952a80: ver 3 0 (tinfo 0xd4e6bbe0)
07-31 05:51:16.161 19580 19580 D EGL_emulation: eglMakeCurrent: 0xbfe7ab60: ver 3 0 (tinfo 0xd4e6bbe0)
07-31 05:51:16.163 19580 19580 E native  : E0000 00:00:1659246676.163967   19580 hit_test.cc:428] INTERNAL: No point hit.
07-31 05:51:16.165 19580 19751 E ACameraMetadata: getConstEntry: cannot find metadata tag 65576
07-31 05:51:16.166 19580 19580 E eglCodecCommon: glUtilsParamSize: unknow param 0x00008919
07-31 05:51:16.166 19580 19580 E eglCodecCommon: glUtilsParamSize: unknow param 0x00008919
07-31 05:51:16.169 19580 19689 D eglCodecCommon: setVertexArrayObject: set vao to 2 (2) 13 11
07-31 05:51:16.170 19580 19689 D eglCodecCommon: setVertexArrayObject: set vao to 1 (1) 13 2
07-31 05:51:16.173  1817  2351 E GnssHAL_GnssInterface: gnssSvStatusCb: a: input svInfo.flags is 8
07-31 05:51:16.173  1817  2351 E GnssHAL_GnssInterface: gnssSvStatusCb: b: input svInfo.flags is 8
07-31 05:51:16.177 19580 19580 E ACameraMetadata: getConstEntry: cannot find metadata tag 65576
07-31 05:51:16.178 19580 19580 D EGL_emulation: eglMakeCurrent: 0xb1952a80: ver 3 0 (tinfo 0xd4e6bbe0)
07-31 05:51:16.183 19580 19580 D EGL_emulation: eglMakeCurrent: 0xbfe7ab60: ver 3 0 (tinfo 0xd4e6bbe0)
07-31 05:51:16.184 19580 19580 D EGL_emulation: eglMakeCurrent: 0xb1952a80: ver 3 0 (tinfo 0xd4e6bbe0)
07-31 05:51:16.185 19580 19580 D EGL_emulation: eglMakeCurrent: 0xbfe7ab60: ver 3 0 (tinfo 0xd4e6bbe0)
07-31 05:51:16.188 19580 19580 E native  : E0000 00:00:1659246676.187942   19580 hit_test.cc:428] INTERNAL: No point hit.
07-31 05:51:16.197 19580 19580 E eglCodecCommon: glUtilsParamSize: unknow param 0x00008919
07-31 05:51:16.197 19580 19580 E eglCodecCommon: glUtilsParamSize: unknow param 0x00008919
07-31 05:51:16.201 19580 19689 D eglCodecCommon: setVertexArrayObject: set vao to 2 (2) 13 11
07-31 05:51:16.202 19580 19751 E ACameraMetadata: getConstEntry: cannot find metadata tag 65576
07-31 05:51:16.203 19580 19689 D eglCodecCommon: setVertexArrayObject: set vao to 1 (1) 13 2
07-31 05:51:16.210 19580 19580 E ACameraMetadata: getConstEntry: cannot find metadata tag 65576
07-31 05:51:16.211 19580 19580 D EGL_emulation: eglMakeCurrent: 0xb1952a80: ver 3 0 (tinfo 0xd4e6bbe0)
07-31 05:51:16.212 19580 19580 D EGL_emulation: eglMakeCurrent: 0xbfe7ab60: ver 3 0 (tinfo 0xd4e6bbe0)
07-31 05:51:16.213 19580 19580 D EGL_emulation: eglMakeCurrent: 0xb1952a80: ver 3 0 (tinfo 0xd4e6bbe0)
07-31 05:51:16.215 19580 19580 D EGL_emulation: eglMakeCurrent: 0xbfe7ab60: ver 3 0 (tinfo 0xd4e6bbe0)
07-31 05:51:16.216 19580 19580 E native  : E0000 00:00:1659246676.216012   19580 hit_test.cc:428] INTERNAL: No point hit.
07-31 05:51:16.218 19580 19580 E eglCodecCommon: glUtilsParamSize: unknow param 0x00008919
07-31 05:51:16.219 19580 19580 E eglCodecCommon: glUtilsParamSize: unknow param 0x00008919
07-31 05:51:16.221 19580 19689 D eglCodecCommon: setVertexArrayObject: set vao to 2 (2) 13 11
07-31 05:51:16.222 19580 19689 D eglCodecCommon: setVertexArrayObject: set vao to 1 (1) 13 2
07-31 05:51:16.236 19580 19751 E ACameraMetadata: getConstEntry: cannot find metadata tag 65576
07-31 05:51:16.240 19580 19580 E ACameraMetadata: getConstEntry: cannot find metadata tag 65576
07-31 05:51:16.243 19580 19580 D EGL_emulation: eglMakeCurrent: 0xb1952a80: ver 3 0 (tinfo 0xd4e6bbe0)
07-31 05:51:16.245 19580 19580 D EGL_emulation: eglMakeCurrent: 0xbfe7ab60: ver 3 0 (tinfo 0xd4e6bbe0)
07-31 05:51:16.246 19580 19580 D EGL_emulation: eglMakeCurrent: 0xb1952a80: ver 3 0 (tinfo 0xd4e6bbe0)
07-31 05:51:16.248 19580 19580 D EGL_emulation: eglMakeCurrent: 0xbfe7ab60: ver 3 0 (tinfo 0xd4e6bbe0)
07-31 05:51:16.249 19580 19580 E native  : E0000 00:00:1659246676.249284   19580 hit_test.cc:428] INTERNAL: No point hit.
07-31 05:51:16.251 19580 19580 E eglCodecCommon: glUtilsParamSize: unknow param 0x00008919
07-31 05:51:16.251 19580 19580 E eglCodecCommon: glUtilsParamSize: unknow param 0x00008919
07-31 05:51:16.253 19580 19689 D eglCodecCommon: setVertexArrayObject: set vao to 2 (2) 13 11
07-31 05:51:16.253 19580 19689 D eglCodecCommon: setVertexArrayObject: set vao to 1 (1) 13 2
07-31 05:51:16.275 19580 19751 E ACameraMetadata: getConstEntry: cannot find metadata tag 65576
07-31 05:51:16.276 19580 19580 E ACameraMetadata: getConstEntry: cannot find metadata tag 65576
07-31 05:51:16.282 19580 19580 D EGL_emulation: eglMakeCurrent: 0xb1952a80: ver 3 0 (tinfo 0xd4e6bbe0)
07-31 05:51:16.285 19580 19580 D EGL_emulation: eglMakeCurrent: 0xbfe7ab60: ver 3 0 (tinfo 0xd4e6bbe0)
07-31 05:51:16.286 19580 19580 D EGL_emulation: eglMakeCurrent: 0xb1952a80: ver 3 0 (tinfo 0xd4e6bbe0)
07-31 05:51:16.287 19580 19580 D EGL_emulation: eglMakeCurrent: 0xbfe7ab60: ver 3 0 (tinfo 0xd4e6bbe0)
07-31 05:51:16.288 19580 19580 E native  : E0000 00:00:1659246676.288319   19580 hit_test.cc:428] INTERNAL: No point hit.
07-31 05:51:16.289 19580 19580 E eglCodecCommon: glUtilsParamSize: unknow param 0x00008919
07-31 05:51:16.289 19580 19580 E eglCodecCommon: glUtilsParamSize: unknow param 0x00008919
07-31 05:51:16.291 19580 19689 D eglCodecCommon: setVertexArrayObject: set vao to 2 (2) 13 11
07-31 05:51:16.303 19580 19689 D eglCodecCommon: setVertexArrayObject: set vao to 1 (1) 13 2
07-31 05:51:16.312 19580 19751 E ACameraMetadata: getConstEntry: cannot find metadata tag 65576
07-31 05:51:16.317 19580 19580 E ACameraMetadata: getConstEntry: cannot find metadata tag 65576
07-31 05:51:16.318 19580 19580 D EGL_emulation: eglMakeCurrent: 0xb1952a80: ver 3 0 (tinfo 0xd4e6bbe0)
07-31 05:51:16.319 19580 19580 D EGL_emulation: eglMakeCurrent: 0xbfe7ab60: ver 3 0 (tinfo 0xd4e6bbe0)
07-31 05:51:16.321 19580 19580 D EGL_emulation: eglMakeCurrent: 0xb1952a80: ver 3 0 (tinfo 0xd4e6bbe0)
07-31 05:51:16.323 19580 19580 D EGL_emulation: eglMakeCurrent: 0xbfe7ab60: ver 3 0 (tinfo 0xd4e6bbe0)
07-31 05:51:16.325 19580 19580 E native  : E0000 00:00:1659246676.325115   19580 hit_test.cc:428] INTERNAL: No point hit.
07-31 05:51:16.337 19580 19580 E eglCodecCommon: glUtilsParamSize: unknow param 0x00008919
07-31 05:51:16.338 19580 19580 E eglCodecCommon: glUtilsParamSize: unknow param 0x00008919
07-31 05:51:16.341 19580 19689 D eglCodecCommon: setVertexArrayObject: set vao to 2 (2) 13 11
07-31 05:51:16.342 19580 19689 D eglCodecCommon: setVertexArrayObject: set vao to 1 (1) 13 2
07-31 05:51:16.346 19580 19751 E ACameraMetadata: getConstEntry: cannot find metadata tag 65576
07-31 05:51:16.347 19580 19580 E ACameraMetadata: getConstEntry: cannot find metadata tag 65576
07-31 05:51:16.348 19580 19580 D EGL_emulation: eglMakeCurrent: 0xb1952a80: ver 3 0 (tinfo 0xd4e6bbe0)
07-31 05:51:16.351 19580 19580 D EGL_emulation: eglMakeCurrent: 0xbfe7ab60: ver 3 0 (tinfo 0xd4e6bbe0)
07-31 05:51:16.351 19580 19580 D EGL_emulation: eglMakeCurrent: 0xb1952a80: ver 3 0 (tinfo 0xd4e6bbe0)
07-31 05:51:16.353 19580 19580 D EGL_emulation: eglMakeCurrent: 0xbfe7ab60: ver 3 0 (tinfo 0xd4e6bbe0)
07-31 05:51:16.366 19580 19580 E native  : E0000 00:00:1659246676.366262   19580 hit_test.cc:428] INTERNAL: No point hit.
07-31 05:51:16.371 19580 19580 E eglCodecCommon: glUtilsParamSize: unknow param 0x00008919
07-31 05:51:16.371 19580 19580 E eglCodecCommon: glUtilsParamSize: unknow param 0x00008919
07-31 05:51:16.375 19580 19689 D eglCodecCommon: setVertexArrayObject: set vao to 2 (2) 13 11
07-31 05:51:16.376 19580 19689 D eglCodecCommon: setVertexArrayObject: set vao to 1 (1) 13 2
07-31 05:51:16.383 19580 19580 E ACameraMetadata: getConstEntry: cannot find metadata tag 65576
07-31 05:51:16.383 19580 19751 E ACameraMetadata: getConstEntry: cannot find metadata tag 65576
07-31 05:51:16.384 19580 19580 D EGL_emulation: eglMakeCurrent: 0xb1952a80: ver 3 0 (tinfo 0xd4e6bbe0)
07-31 05:51:16.388 19580 19580 D EGL_emulation: eglMakeCurrent: 0xbfe7ab60: ver 3 0 (tinfo 0xd4e6bbe0)
07-31 05:51:16.388 19580 19580 D EGL_emulation: eglMakeCurrent: 0xb1952a80: ver 3 0 (tinfo 0xd4e6bbe0)
07-31 05:51:16.390 19580 19580 D EGL_emulation: eglMakeCurrent: 0xbfe7ab60: ver 3 0 (tinfo 0xd4e6bbe0)
07-31 05:51:16.392 19580 19580 E native  : E0000 00:00:1659246676.392292   19580 hit_test.cc:428] INTERNAL: No point hit.
07-31 05:51:16.394 19580 19580 E eglCodecCommon: glUtilsParamSize: unknow param 0x00008919
07-31 05:51:16.394 19580 19580 E eglCodecCommon: glUtilsParamSize: unknow param 0x00008919
07-31 05:51:16.399 19580 19689 D eglCodecCommon: setVertexArrayObject: set vao to 2 (2) 13 11
07-31 05:51:16.400 19580 19689 D eglCodecCommon: setVertexArrayObject: set vao to 1 (1) 13 2
07-31 05:51:16.409 19580 19751 E ACameraMetadata: getConstEntry: cannot find metadata tag 65576
07-31 05:51:16.422 19580 19580 E ACameraMetadata: getConstEntry: cannot find metadata tag 65576
07-31 05:51:16.424 19580 19580 D EGL_emulation: eglMakeCurrent: 0xb1952a80: ver 3 0 (tinfo 0xd4e6bbe0)
07-31 05:51:16.428 19580 19580 D EGL_emulation: eglMakeCurrent: 0xbfe7ab60: ver 3 0 (tinfo 0xd4e6bbe0)
07-31 05:51:16.429 19580 19580 D EGL_emulation: eglMakeCurrent: 0xb1952a80: ver 3 0 (tinfo 0xd4e6bbe0)
07-31 05:51:16.434 19580 19580 D EGL_emulation: eglMakeCurrent: 0xbfe7ab60: ver 3 0 (tinfo 0xd4e6bbe0)
07-31 05:51:16.437 19580 19580 E native  : E0000 00:00:1659246676.668339   19580 hit_test.cc:428] INTERNAL: No point hit.
07-31 05:51:16.440 19580 19580 E eglCodecCommon: glUtilsParamSize: unknow param 0x00008919
07-31 05:51:16.440 19580 19580 E eglCodecCommon: glUtilsParamSize: unknow param 0x00008919
07-31 05:51:16.443 19580 19689 D eglCodecCommon: setVertexArrayObject: set vao to 2 (2) 13 11
07-31 05:51:16.443 19580 19689 D eglCodecCommon: setVertexArrayObject: set vao to 1 (1) 13 2
07-31 05:51:16.447 19580 19751 E ACameraMetadata: getConstEntry: cannot find metadata tag 65576
07-31 05:51:16.452 19580 19725 I native  : I0000 00:00:1659246676.683713   19725 performance_monitor.cc:115] Event: FeatureExtraction is taking too long, it took 127.254ms
07-31 05:51:16.477 19580 19580 E ACameraMetadata: getConstEntry: cannot find metadata tag 65576
07-31 05:51:16.477 19580 19751 E ACameraMetadata: getConstEntry: cannot find metadata tag 65576
07-31 05:51:16.477 19580 19580 D EGL_emulation: eglMakeCurrent: 0xb1952a80: ver 3 0 (tinfo 0xd4e6bbe0)
07-31 05:51:16.479 19580 19580 D EGL_emulation: eglMakeCurrent: 0xbfe7ab60: ver 3 0 (tinfo 0xd4e6bbe0)
07-31 05:51:16.480 19580 19580 D EGL_emulation: eglMakeCurrent: 0xb1952a80: ver 3 0 (tinfo 0xd4e6bbe0)
07-31 05:51:16.481 19580 19580 D EGL_emulation: eglMakeCurrent: 0xbfe7ab60: ver 3 0 (tinfo 0xd4e6bbe0)
07-31 05:51:16.482 19580 19580 E native  : E0000 00:00:1659246676.713137   19580 hit_test.cc:428] INTERNAL: No point hit.
07-31 05:51:16.484 19580 19580 E eglCodecCommon: glUtilsParamSize: unknow param 0x00008919
07-31 05:51:16.484 19580 19580 E eglCodecCommon: glUtilsParamSize: unknow param 0x00008919
07-31 05:51:16.487 19580 19689 D eglCodecCommon: setVertexArrayObject: set vao to 2 (2) 13 11
07-31 05:51:16.488 19580 19689 D eglCodecCommon: setVertexArrayObject: set vao to 1 (1) 13 2
07-31 05:51:16.511 19580 19751 E ACameraMetadata: getConstEntry: cannot find metadata tag 65576
07-31 05:51:16.517 19580 19580 E ACameraMetadata: getConstEntry: cannot find metadata tag 65576
07-31 05:51:16.520 19580 19580 D EGL_emulation: eglMakeCurrent: 0xb1952a80: ver 3 0 (tinfo 0xd4e6bbe0)
07-31 05:51:16.523 19580 19580 D EGL_emulation: eglMakeCurrent: 0xbfe7ab60: ver 3 0 (tinfo 0xd4e6bbe0)
07-31 05:51:16.524 19580 19580 D EGL_emulation: eglMakeCurrent: 0xb1952a80: ver 3 0 (tinfo 0xd4e6bbe0)
07-31 05:51:16.526 19580 19580 D EGL_emulation: eglMakeCurrent: 0xbfe7ab60: ver 3 0 (tinfo 0xd4e6bbe0)
07-31 05:51:16.526 19580 19580 E native  : E0000 00:00:1659246678.205349   19580 hit_test.cc:428] INTERNAL: No point hit.
07-31 05:51:16.528 19580 19580 E eglCodecCommon: glUtilsParamSize: unknow param 0x00008919
07-31 05:51:16.528 19580 19580 E eglCodecCommon: glUtilsParamSize: unknow param 0x00008919
07-31 05:51:16.530 19580 19689 D eglCodecCommon: setVertexArrayObject: set vao to 2 (2) 13 11
07-31 05:51:16.533 19580 19689 D eglCodecCommon: setVertexArrayObject: set vao to 1 (1) 13 2
07-31 05:51:16.545 19580 19751 E ACameraMetadata: getConstEntry: cannot find metadata tag 65576
07-31 05:51:16.555 19580 19580 E ACameraMetadata: getConstEntry: cannot find metadata tag 65576
07-31 05:51:16.558 19580 19580 D EGL_emulation: eglMakeCurrent: 0xb1952a80: ver 3 0 (tinfo 0xd4e6bbe0)
07-31 05:51:16.559 19580 19580 D EGL_emulation: eglMakeCurrent: 0xbfe7ab60: ver 3 0 (tinfo 0xd4e6bbe0)
07-31 05:51:16.560 19580 19580 D EGL_emulation: eglMakeCurrent: 0xb1952a80: ver 3 0 (tinfo 0xd4e6bbe0)
07-31 05:51:16.564 19580 19580 D EGL_emulation: eglMakeCurrent: 0xbfe7ab60: ver 3 0 (tinfo 0xd4e6bbe0)
07-31 05:51:16.566 19580 19580 E native  : E0000 00:00:1659246676.566219   19580 hit_test.cc:428] INTERNAL: No point hit.
07-31 05:51:16.568 19580 19580 E eglCodecCommon: glUtilsParamSize: unknow param 0x00008919
07-31 05:51:16.568 19580 19580 E eglCodecCommon: glUtilsParamSize: unknow param 0x00008919
07-31 05:51:16.573 19580 19689 D eglCodecCommon: setVertexArrayObject: set vao to 2 (2) 13 11
07-31 05:51:16.580 19580 19689 D eglCodecCommon: setVertexArrayObject: set vao to 1 (1) 13 2
07-31 05:51:16.595 19580 19580 E ACameraMetadata: getConstEntry: cannot find metadata tag 65576
07-31 05:51:16.599 19580 19580 D EGL_emulation: eglMakeCurrent: 0xb1952a80: ver 3 0 (tinfo 0xd4e6bbe0)
07-31 05:51:16.599 19580 19751 E ACameraMetadata: getConstEntry: cannot find metadata tag 65576
07-31 05:51:16.601 19580 19580 D EGL_emulation: eglMakeCurrent: 0xbfe7ab60: ver 3 0 (tinfo 0xd4e6bbe0)
07-31 05:51:16.602 19580 19580 D EGL_emulation: eglMakeCurrent: 0xb1952a80: ver 3 0 (tinfo 0xd4e6bbe0)
07-31 05:51:16.604 19580 19580 D EGL_emulation: eglMakeCurrent: 0xbfe7ab60: ver 3 0 (tinfo 0xd4e6bbe0)
07-31 05:51:16.614 19580 19580 E native  : E0000 00:00:1659246678.292886   19580 hit_test.cc:428] INTERNAL: No point hit.
07-31 05:51:16.618 19580 19580 E eglCodecCommon: glUtilsParamSize: unknow param 0x00008919
07-31 05:51:16.618 19580 19580 E eglCodecCommon: glUtilsParamSize: unknow param 0x00008919
07-31 05:51:16.620 19580 19689 D eglCodecCommon: setVertexArrayObject: set vao to 2 (2) 13 11
07-31 05:51:16.621 19580 19689 D eglCodecCommon: setVertexArrayObject: set vao to 1 (1) 13 2
07-31 05:51:16.624 19580 19751 E ACameraMetadata: getConstEntry: cannot find metadata tag 65576
07-31 05:51:16.625 19580 19580 E ACameraMetadata: getConstEntry: cannot find metadata tag 65576
07-31 05:51:16.626 19580 19580 D EGL_emulation: eglMakeCurrent: 0xb1952a80: ver 3 0 (tinfo 0xd4e6bbe0)
07-31 05:51:16.628 19580 19580 D EGL_emulation: eglMakeCurrent: 0xbfe7ab60: ver 3 0 (tinfo 0xd4e6bbe0)
07-31 05:51:16.630 19580 19580 D EGL_emulation: eglMakeCurrent: 0xb1952a80: ver 3 0 (tinfo 0xd4e6bbe0)
07-31 05:51:16.631 19580 19580 D EGL_emulation: eglMakeCurrent: 0xbfe7ab60: ver 3 0 (tinfo 0xd4e6bbe0)
07-31 05:51:16.633 19580 19580 E native  : E0000 00:00:1659246678.311480   19580 hit_test.cc:428] INTERNAL: No point hit.
07-31 05:51:16.637 19580 19580 E eglCodecCommon: glUtilsParamSize: unknow param 0x00008919
07-31 05:51:16.637 19580 19580 E eglCodecCommon: glUtilsParamSize: unknow param 0x00008919
07-31 05:51:16.645 19580 19689 D eglCodecCommon: setVertexArrayObject: set vao to 2 (2) 13 11
07-31 05:51:16.650 19580 19751 E ACameraMetadata: getConstEntry: cannot find metadata tag 65576
07-31 05:51:16.650 19580 19689 D eglCodecCommon: setVertexArrayObject: set vao to 1 (1) 13 2
07-31 05:51:16.650 19580 19580 E ACameraMetadata: getConstEntry: cannot find metadata tag 65576
07-31 05:51:16.652 19580 19580 D EGL_emulation: eglMakeCurrent: 0xb1952a80: ver 3 0 (tinfo 0xd4e6bbe0)
07-31 05:51:16.658 19580 19580 D EGL_emulation: eglMakeCurrent: 0xbfe7ab60: ver 3 0 (tinfo 0xd4e6bbe0)
07-31 05:51:16.659 19580 19580 D EGL_emulation: eglMakeCurrent: 0xb1952a80: ver 3 0 (tinfo 0xd4e6bbe0)
07-31 05:51:16.660 19580 19580 D EGL_emulation: eglMakeCurrent: 0xbfe7ab60: ver 3 0 (tinfo 0xd4e6bbe0)
07-31 05:51:16.661 19580 19580 E native  : E0000 00:00:1659246677.141522   19580 hit_test.cc:428] INTERNAL: No point hit.
07-31 05:51:16.671 19580 19580 E eglCodecCommon: glUtilsParamSize: unknow param 0x00008919
07-31 05:51:16.671 19580 19580 E eglCodecCommon: glUtilsParamSize: unknow param 0x00008919
07-31 05:51:16.679 19580 19689 D eglCodecCommon: setVertexArrayObject: set vao to 2 (2) 13 11
07-31 05:51:16.683 19580 19751 E ACameraMetadata: getConstEntry: cannot find metadata tag 65576
07-31 05:51:16.680 19580 19689 D eglCodecCommon: setVertexArrayObject: set vao to 1 (1) 13 2
07-31 05:51:16.684 19580 19580 E ACameraMetadata: getConstEntry: cannot find metadata tag 65576
07-31 05:51:16.686 19580 19580 D EGL_emulation: eglMakeCurrent: 0xb1952a80: ver 3 0 (tinfo 0xd4e6bbe0)
07-31 05:51:16.688 19580 19580 D EGL_emulation: eglMakeCurrent: 0xbfe7ab60: ver 3 0 (tinfo 0xd4e6bbe0)
07-31 05:51:16.690 19580 19580 D EGL_emulation: eglMakeCurrent: 0xb1952a80: ver 3 0 (tinfo 0xd4e6bbe0)
07-31 05:51:16.691 19580 19580 D EGL_emulation: eglMakeCurrent: 0xbfe7ab60: ver 3 0 (tinfo 0xd4e6bbe0)
07-31 05:51:16.692 19580 19580 E native  : E0000 00:00:1659246678.370736   19580 hit_test.cc:428] INTERNAL: No point hit.
07-31 05:51:16.695 19580 19580 E eglCodecCommon: glUtilsParamSize: unknow param 0x00008919
07-31 05:51:16.695 19580 19580 E eglCodecCommon: glUtilsParamSize: unknow param 0x00008919
07-31 05:51:16.697 19580 19689 D eglCodecCommon: setVertexArrayObject: set vao to 2 (2) 13 11
07-31 05:51:16.698 19580 19689 D eglCodecCommon: setVertexArrayObject: set vao to 1 (1) 13 2
07-31 05:51:16.713 19580 19751 E ACameraMetadata: getConstEntry: cannot find metadata tag 65576
07-31 05:51:16.716 19580 19580 E ACameraMetadata: getConstEntry: cannot find metadata tag 65576
07-31 05:51:16.717 19580 19580 D EGL_emulation: eglMakeCurrent: 0xb1952a80: ver 3 0 (tinfo 0xd4e6bbe0)
07-31 05:51:16.719 19580 19580 D EGL_emulation: eglMakeCurrent: 0xbfe7ab60: ver 3 0 (tinfo 0xd4e6bbe0)
07-31 05:51:16.725 19580 19580 D EGL_emulation: eglMakeCurrent: 0xb1952a80: ver 3 0 (tinfo 0xd4e6bbe0)
07-31 05:51:16.726 19580 19580 D EGL_emulation: eglMakeCurrent: 0xbfe7ab60: ver 3 0 (tinfo 0xd4e6bbe0)
07-31 05:51:16.727 19580 19580 E native  : E0000 00:00:1659246678.405628   19580 hit_test.cc:428] INTERNAL: No point hit.
07-31 05:51:16.731 19580 19580 E eglCodecCommon: glUtilsParamSize: unknow param 0x00008919
07-31 05:51:16.731 19580 19580 E eglCodecCommon: glUtilsParamSize: unknow param 0x00008919
07-31 05:51:16.732 19580 19689 D eglCodecCommon: setVertexArrayObject: set vao to 2 (2) 13 11
07-31 05:51:16.734 19580 19689 D eglCodecCommon: setVertexArrayObject: set vao to 1 (1) 13 2
07-31 05:51:16.752 19580 19751 E ACameraMetadata: getConstEntry: cannot find metadata tag 65576
07-31 05:51:16.754 19580 19580 E ACameraMetadata: getConstEntry: cannot find metadata tag 65576
07-31 05:51:16.759 19580 19580 D EGL_emulation: eglMakeCurrent: 0xb1952a80: ver 3 0 (tinfo 0xd4e6bbe0)
07-31 05:51:16.761 19580 19580 D EGL_emulation: eglMakeCurrent: 0xbfe7ab60: ver 3 0 (tinfo 0xd4e6bbe0)
07-31 05:51:16.762 19580 19580 D EGL_emulation: eglMakeCurrent: 0xb1952a80: ver 3 0 (tinfo 0xd4e6bbe0)
07-31 05:51:16.764 19580 19580 D EGL_emulation: eglMakeCurrent: 0xbfe7ab60: ver 3 0 (tinfo 0xd4e6bbe0)
07-31 05:51:16.765 19580 19580 E native  : E0000 00:00:1659246678.443932   19580 hit_test.cc:428] INTERNAL: No point hit.
07-31 05:51:16.767 19580 19580 E eglCodecCommon: glUtilsParamSize: unknow param 0x00008919
07-31 05:51:16.767 19580 19580 E eglCodecCommon: glUtilsParamSize: unknow param 0x00008919
07-31 05:51:16.769 19580 19689 D eglCodecCommon: setVertexArrayObject: set vao to 2 (2) 13 11
07-31 05:51:16.770 19580 19689 D eglCodecCommon: setVertexArrayObject: set vao to 1 (1) 13 2
07-31 05:51:16.788 19580 19751 E ACameraMetadata: getConstEntry: cannot find metadata tag 65576
07-31 05:51:16.792 19580 19580 E ACameraMetadata: getConstEntry: cannot find metadata tag 65576
07-31 05:51:16.795 19580 19580 D EGL_emulation: eglMakeCurrent: 0xb1952a80: ver 3 0 (tinfo 0xd4e6bbe0)
07-31 05:51:16.798 19580 19580 D EGL_emulation: eglMakeCurrent: 0xbfe7ab60: ver 3 0 (tinfo 0xd4e6bbe0)
07-31 05:51:16.799 19580 19580 D EGL_emulation: eglMakeCurrent: 0xb1952a80: ver 3 0 (tinfo 0xd4e6bbe0)
07-31 05:51:16.801 19580 19580 D EGL_emulation: eglMakeCurrent: 0xbfe7ab60: ver 3 0 (tinfo 0xd4e6bbe0)
07-31 05:51:16.802 19580 19580 E native  : E0000 00:00:1659246678.480999   19580 hit_test.cc:428] INTERNAL: No point hit.
07-31 05:51:16.804 19580 19580 E eglCodecCommon: glUtilsParamSize: unknow param 0x00008919
07-31 05:51:16.804 19580 19580 E eglCodecCommon: glUtilsParamSize: unknow param 0x00008919
07-31 05:51:16.806 19580 19689 D eglCodecCommon: setVertexArrayObject: set vao to 2 (2) 13 11
07-31 05:51:16.807 19580 19689 D eglCodecCommon: setVertexArrayObject: set vao to 1 (1) 13 2
07-31 05:51:16.822 19580 19751 E ACameraMetadata: getConstEntry: cannot find metadata tag 65576
07-31 05:51:16.824 19580 19743 W native  : W0000 00:00:1659246676.823632   19743 throttled_thread_pool.cc:61] INVALID_ARGUMENT: TemporalRateLimiter end time must be after previous triggers.
07-31 05:51:16.824 19580 19743 W native  : === Source Location Trace: ===
07-31 05:51:16.824 19580 19743 W native  : ./vr/perception/depth/projects/motion_stereo/throttled_thread_pool/temporal_rate_limiter.h:127
07-31 05:51:16.824 19580 19743 W native  : vr/perception/depth/projects/motion_stereo/throttled_thread_pool/prioritized_temporal_rate_limiter.cc:80
07-31 05:51:16.824 19580 19743 W native  :
07-31 05:51:16.830 19580 19580 E ACameraMetadata: getConstEntry: cannot find metadata tag 65576
07-31 05:51:16.831 19580 19580 D EGL_emulation: eglMakeCurrent: 0xb1952a80: ver 3 0 (tinfo 0xd4e6bbe0)
07-31 05:51:16.832 19580 19580 D EGL_emulation: eglMakeCurrent: 0xbfe7ab60: ver 3 0 (tinfo 0xd4e6bbe0)
07-31 05:51:16.833 19580 19580 D EGL_emulation: eglMakeCurrent: 0xb1952a80: ver 3 0 (tinfo 0xd4e6bbe0)
07-31 05:51:16.835 19580 19580 D EGL_emulation: eglMakeCurrent: 0xbfe7ab60: ver 3 0 (tinfo 0xd4e6bbe0)
07-31 05:51:16.836 19580 19580 E native  : E0000 00:00:1659246677.316454   19580 hit_test.cc:428] INTERNAL: No point hit.
07-31 05:51:16.838 19580 19580 E eglCodecCommon: glUtilsParamSize: unknow param 0x00008919
07-31 05:51:16.838 19580 19580 E eglCodecCommon: glUtilsParamSize: unknow param 0x00008919
07-31 05:51:16.841 19580 19689 D eglCodecCommon: setVertexArrayObject: set vao to 2 (2) 13 11
07-31 05:51:16.848 19580 19689 D eglCodecCommon: setVertexArrayObject: set vao to 1 (1) 13 2
07-31 05:51:16.859 19580 19580 E ACameraMetadata: getConstEntry: cannot find metadata tag 65576
07-31 05:51:16.859 19580 19751 E ACameraMetadata: getConstEntry: cannot find metadata tag 65576
07-31 05:51:16.861 19580 19580 D EGL_emulation: eglMakeCurrent: 0xb1952a80: ver 3 0 (tinfo 0xd4e6bbe0)
07-31 05:51:16.862 19580 19743 W native  : W0000 00:00:1659246676.862696   19743 throttled_thread_pool.cc:61] INVALID_ARGUMENT: TemporalRateLimiter end time must be after previous triggers.
07-31 05:51:16.862 19580 19743 W native  : === Source Location Trace: ===
07-31 05:51:16.862 19580 19743 W native  : ./vr/perception/depth/projects/motion_stereo/throttled_thread_pool/temporal_rate_limiter.h:127
07-31 05:51:16.862 19580 19743 W native  : vr/perception/depth/projects/motion_stereo/throttled_thread_pool/prioritized_temporal_rate_limiter.cc:80
07-31 05:51:16.862 19580 19743 W native  :
07-31 05:51:16.863 19580 19580 D EGL_emulation: eglMakeCurrent: 0xbfe7ab60: ver 3 0 (tinfo 0xd4e6bbe0)
07-31 05:51:16.864 19580 19580 D EGL_emulation: eglMakeCurrent: 0xb1952a80: ver 3 0 (tinfo 0xd4e6bbe0)
07-31 05:51:16.868 19580 19580 D EGL_emulation: eglMakeCurrent: 0xbfe7ab60: ver 3 0 (tinfo 0xd4e6bbe0)
07-31 05:51:16.870 19580 19580 E native  : E0000 00:00:1659246677.350873   19580 hit_test.cc:428] INTERNAL: No point hit.
07-31 05:51:16.875 19580 19580 E eglCodecCommon: glUtilsParamSize: unknow param 0x00008919
07-31 05:51:16.878 19580 19580 E eglCodecCommon: glUtilsParamSize: unknow param 0x00008919
07-31 05:51:16.891 19580 19689 D eglCodecCommon: setVertexArrayObject: set vao to 2 (2) 13 11
07-31 05:51:16.892 19580 19689 D eglCodecCommon: setVertexArrayObject: set vao to 1 (1) 13 2
07-31 05:51:16.896 19580 19580 E ACameraMetadata: getConstEntry: cannot find metadata tag 65576
07-31 05:51:16.896 19580 19751 E ACameraMetadata: getConstEntry: cannot find metadata tag 65576
07-31 05:51:16.897 19580 19580 D EGL_emulation: eglMakeCurrent: 0xb1952a80: ver 3 0 (tinfo 0xd4e6bbe0)
07-31 05:51:16.898 19580 19743 W native  : W0000 00:00:1659246676.898252   19743 throttled_thread_pool.cc:61] INVALID_ARGUMENT: TemporalRateLimiter end time must be after previous triggers.
07-31 05:51:16.898 19580 19743 W native  : === Source Location Trace: ===
07-31 05:51:16.898 19580 19743 W native  : ./vr/perception/depth/projects/motion_stereo/throttled_thread_pool/temporal_rate_limiter.h:127
07-31 05:51:16.898 19580 19743 W native  : vr/perception/depth/projects/motion_stereo/throttled_thread_pool/prioritized_temporal_rate_limiter.cc:80
07-31 05:51:16.898 19580 19743 W native  :
07-31 05:51:16.899 19580 19580 D EGL_emulation: eglMakeCurrent: 0xbfe7ab60: ver 3 0 (tinfo 0xd4e6bbe0)
07-31 05:51:16.900 19580 19580 D EGL_emulation: eglMakeCurrent: 0xb1952a80: ver 3 0 (tinfo 0xd4e6bbe0)
07-31 05:51:16.903 19580 19580 D EGL_emulation: eglMakeCurrent: 0xbfe7ab60: ver 3 0 (tinfo 0xd4e6bbe0)
07-31 05:51:16.906 19580 19580 E native  : E0000 00:00:1659246677.386263   19580 hit_test.cc:428] INTERNAL: No point hit.
07-31 05:51:16.908 19580 19580 E eglCodecCommon: glUtilsParamSize: unknow param 0x00008919
07-31 05:51:16.908 19580 19580 E eglCodecCommon: glUtilsParamSize: unknow param 0x00008919
07-31 05:51:16.909 19580 19689 D eglCodecCommon: setVertexArrayObject: set vao to 2 (2) 13 11
07-31 05:51:16.913 19580 19689 D eglCodecCommon: setVertexArrayObject: set vao to 1 (1) 13 2
07-31 05:51:16.930 19580 19751 E ACameraMetadata: getConstEntry: cannot find metadata tag 65576
07-31 05:51:16.932 19580 19743 W native  : W0000 00:00:1659246676.932298   19743 throttled_thread_pool.cc:61] INVALID_ARGUMENT: TemporalRateLimiter end time must be after previous triggers.
07-31 05:51:16.932 19580 19743 W native  : === Source Location Trace: ===
07-31 05:51:16.932 19580 19743 W native  : ./vr/perception/depth/projects/motion_stereo/throttled_thread_pool/temporal_rate_limiter.h:127
07-31 05:51:16.932 19580 19743 W native  : vr/perception/depth/projects/motion_stereo/throttled_thread_pool/prioritized_temporal_rate_limiter.cc:80
07-31 05:51:16.932 19580 19743 W native  :
07-31 05:51:16.940 19580 19580 E ACameraMetadata: getConstEntry: cannot find metadata tag 65576
07-31 05:51:16.941 19580 19580 D EGL_emulation: eglMakeCurrent: 0xb1952a80: ver 3 0 (tinfo 0xd4e6bbe0)
07-31 05:51:16.943 19580 19580 D EGL_emulation: eglMakeCurrent: 0xbfe7ab60: ver 3 0 (tinfo 0xd4e6bbe0)
07-31 05:51:16.944 19580 19580 D EGL_emulation: eglMakeCurrent: 0xb1952a80: ver 3 0 (tinfo 0xd4e6bbe0)
07-31 05:51:16.946 19580 19580 D EGL_emulation: eglMakeCurrent: 0xbfe7ab60: ver 3 0 (tinfo 0xd4e6bbe0)
07-31 05:51:16.947 19580 19580 E native  : E0000 00:00:1659246677.428204   19580 hit_test.cc:428] INTERNAL: No point hit.
07-31 05:51:16.953 19580 19580 E eglCodecCommon: glUtilsParamSize: unknow param 0x00008919
07-31 05:51:16.954 19580 19580 E eglCodecCommon: glUtilsParamSize: unknow param 0x00008919
07-31 05:51:16.959 19580 19689 D eglCodecCommon: setVertexArrayObject: set vao to 2 (2) 13 11
07-31 05:51:16.960 19580 19689 D eglCodecCommon: setVertexArrayObject: set vao to 1 (1) 13 2
07-31 05:51:16.962 19580 19751 E ACameraMetadata: getConstEntry: cannot find metadata tag 65576
07-31 05:51:16.968 19580 19743 W native  : W0000 00:00:1659246676.968269   19743 throttled_thread_pool.cc:61] INVALID_ARGUMENT: TemporalRateLimiter end time must be after previous triggers.
07-31 05:51:16.968 19580 19743 W native  : === Source Location Trace: ===
07-31 05:51:16.968 19580 19743 W native  : ./vr/perception/depth/projects/motion_stereo/throttled_thread_pool/temporal_rate_limiter.h:127
07-31 05:51:16.968 19580 19743 W native  : vr/perception/depth/projects/motion_stereo/throttled_thread_pool/prioritized_temporal_rate_limiter.cc:80
07-31 05:51:16.968 19580 19743 W native  :
07-31 05:51:16.969 19580 19580 E ACameraMetadata: getConstEntry: cannot find metadata tag 65576
07-31 05:51:16.970 19580 19580 D EGL_emulation: eglMakeCurrent: 0xb1952a80: ver 3 0 (tinfo 0xd4e6bbe0)
07-31 05:51:16.971 19580 19580 D EGL_emulation: eglMakeCurrent: 0xbfe7ab60: ver 3 0 (tinfo 0xd4e6bbe0)
07-31 05:51:16.973 19580 19580 D EGL_emulation: eglMakeCurrent: 0xb1952a80: ver 3 0 (tinfo 0xd4e6bbe0)
07-31 05:51:16.974 19580 19580 D EGL_emulation: eglMakeCurrent: 0xbfe7ab60: ver 3 0 (tinfo 0xd4e6bbe0)
07-31 05:51:16.976 19580 19580 E native  : E0000 00:00:1659246677.456733   19580 hit_test.cc:428] INTERNAL: No point hit.
07-31 05:51:16.978 19580 19580 E eglCodecCommon: glUtilsParamSize: unknow param 0x00008919
07-31 05:51:16.979 19580 19580 E eglCodecCommon: glUtilsParamSize: unknow param 0x00008919
07-31 05:51:16.984 19580 19689 D eglCodecCommon: setVertexArrayObject: set vao to 2 (2) 13 11
07-31 05:51:16.988 19580 19689 D eglCodecCommon: setVertexArrayObject: set vao to 1 (1) 13 2
07-31 05:51:17.004 19580 19751 E ACameraMetadata: getConstEntry: cannot find metadata tag 65576
07-31 05:51:17.004 19580 19580 E ACameraMetadata: getConstEntry: cannot find metadata tag 65576
07-31 05:51:17.004 19580 19580 D EGL_emulation: eglMakeCurrent: 0xb1952a80: ver 3 0 (tinfo 0xd4e6bbe0)
07-31 05:51:17.005 19580 19743 W native  : W0000 00:00:1659246677.005605   19743 throttled_thread_pool.cc:61] INVALID_ARGUMENT: TemporalRateLimiter end time must be after previous triggers.
07-31 05:51:17.005 19580 19743 W native  : === Source Location Trace: ===
07-31 05:51:17.005 19580 19743 W native  : ./vr/perception/depth/projects/motion_stereo/throttled_thread_pool/temporal_rate_limiter.h:127
07-31 05:51:17.005 19580 19743 W native  : vr/perception/depth/projects/motion_stereo/throttled_thread_pool/prioritized_temporal_rate_limiter.cc:80
07-31 05:51:17.005 19580 19743 W native  :
07-31 05:51:17.007 19580 19580 D EGL_emulation: eglMakeCurrent: 0xbfe7ab60: ver 3 0 (tinfo 0xd4e6bbe0)
07-31 05:51:17.009 19580 19580 D EGL_emulation: eglMakeCurrent: 0xb1952a80: ver 3 0 (tinfo 0xd4e6bbe0)
07-31 05:51:17.011 19580 19580 D EGL_emulation: eglMakeCurrent: 0xbfe7ab60: ver 3 0 (tinfo 0xd4e6bbe0)
07-31 05:51:17.012 19580 19580 E native  : E0000 00:00:1659246677.012312   19580 hit_test.cc:428] INTERNAL: No point hit.
07-31 05:51:17.016 19580 19580 E eglCodecCommon: glUtilsParamSize: unknow param 0x00008919
07-31 05:51:17.017 19580 19580 E eglCodecCommon: glUtilsParamSize: unknow param 0x00008919
07-31 05:51:17.024 19580 19689 D eglCodecCommon: setVertexArrayObject: set vao to 2 (2) 13 11
07-31 05:51:17.028 19580 19689 D eglCodecCommon: setVertexArrayObject: set vao to 1 (1) 13 2
07-31 05:51:17.034 19580 19751 E ACameraMetadata: getConstEntry: cannot find metadata tag 65576
07-31 05:51:17.056 19580 19580 E ACameraMetadata: getConstEntry: cannot find metadata tag 65576
07-31 05:51:17.058 19580 19580 D EGL_emulation: eglMakeCurrent: 0xb1952a80: ver 3 0 (tinfo 0xd4e6bbe0)
07-31 05:51:17.062 19580 19580 D EGL_emulation: eglMakeCurrent: 0xbfe7ab60: ver 3 0 (tinfo 0xd4e6bbe0)
07-31 05:51:17.063 19580 19580 D EGL_emulation: eglMakeCurrent: 0xb1952a80: ver 3 0 (tinfo 0xd4e6bbe0)
07-31 05:51:17.065 19580 19580 D EGL_emulation: eglMakeCurrent: 0xbfe7ab60: ver 3 0 (tinfo 0xd4e6bbe0)
07-31 05:51:17.066 19580 19751 E ACameraMetadata: getConstEntry: cannot find metadata tag 65576
07-31 05:51:17.068 19580 19580 E native  : E0000 00:00:1659246677.068054   19580 hit_test.cc:428] INTERNAL: No point hit.
07-31 05:51:17.070 19580 19580 E eglCodecCommon: glUtilsParamSize: unknow param 0x00008919
07-31 05:51:17.070 19580 19580 E eglCodecCommon: glUtilsParamSize: unknow param 0x00008919
07-31 05:51:17.073 19580 19689 D eglCodecCommon: setVertexArrayObject: set vao to 2 (2) 13 11
07-31 05:51:17.075 19580 19689 D eglCodecCommon: setVertexArrayObject: set vao to 1 (1) 13 2
07-31 05:51:17.076 19580 19580 E ACameraMetadata: getConstEntry: cannot find metadata tag 65576
07-31 05:51:17.078 19580 19580 D EGL_emulation: eglMakeCurrent: 0xb1952a80: ver 3 0 (tinfo 0xd4e6bbe0)
07-31 05:51:17.080 19580 19580 D EGL_emulation: eglMakeCurrent: 0xbfe7ab60: ver 3 0 (tinfo 0xd4e6bbe0)
07-31 05:51:17.081 19580 19580 D EGL_emulation: eglMakeCurrent: 0xb1952a80: ver 3 0 (tinfo 0xd4e6bbe0)
07-31 05:51:17.082 19580 19580 D EGL_emulation: eglMakeCurrent: 0xbfe7ab60: ver 3 0 (tinfo 0xd4e6bbe0)
07-31 05:51:17.085 19580 19580 E native  : E0000 00:00:1659246677.084970   19580 hit_test.cc:428] INTERNAL: No point hit.
07-31 05:51:17.092 19580 19580 E eglCodecCommon: glUtilsParamSize: unknow param 0x00008919
07-31 05:51:17.095 19580 19580 E eglCodecCommon: glUtilsParamSize: unknow param 0x00008919
07-31 05:51:17.098 19580 19689 D eglCodecCommon: setVertexArrayObject: set vao to 2 (2) 13 11
07-31 05:51:17.099 19580 19689 D eglCodecCommon: setVertexArrayObject: set vao to 1 (1) 13 2
07-31 05:51:17.107 19580 19751 E ACameraMetadata: getConstEntry: cannot find metadata tag 65576
07-31 05:51:17.119 19580 19580 E ACameraMetadata: getConstEntry: cannot find metadata tag 65576
07-31 05:51:17.127 19580 19580 D EGL_emulation: eglMakeCurrent: 0xb1952a80: ver 3 0 (tinfo 0xd4e6bbe0)
07-31 05:51:17.132 19580 19580 D EGL_emulation: eglMakeCurrent: 0xbfe7ab60: ver 3 0 (tinfo 0xd4e6bbe0)
07-31 05:51:17.133 19580 19580 D EGL_emulation: eglMakeCurrent: 0xb1952a80: ver 3 0 (tinfo 0xd4e6bbe0)
07-31 05:51:17.135 19580 19751 E ACameraMetadata: getConstEntry: cannot find metadata tag 65576
07-31 05:51:17.135 19580 19580 D EGL_emulation: eglMakeCurrent: 0xbfe7ab60: ver 3 0 (tinfo 0xd4e6bbe0)
07-31 05:51:17.137 19580 19580 E native  : E0000 00:00:1659246677.137934   19580 hit_test.cc:428] INTERNAL: No point hit.
07-31 05:51:17.140 19580 19580 E eglCodecCommon: glUtilsParamSize: unknow param 0x00008919
07-31 05:51:17.140 19580 19580 E eglCodecCommon: glUtilsParamSize: unknow param 0x00008919
07-31 05:51:17.146 19580 19689 D eglCodecCommon: setVertexArrayObject: set vao to 2 (2) 13 11
07-31 05:51:17.149 19580 19689 D eglCodecCommon: setVertexArrayObject: set vao to 1 (1) 13 2
07-31 05:51:17.150 19580 19580 E ACameraMetadata: getConstEntry: cannot find metadata tag 65576
07-31 05:51:17.150 19580 19580 D EGL_emulation: eglMakeCurrent: 0xb1952a80: ver 3 0 (tinfo 0xd4e6bbe0)
07-31 05:51:17.151 19580 19580 D EGL_emulation: eglMakeCurrent: 0xbfe7ab60: ver 3 0 (tinfo 0xd4e6bbe0)
07-31 05:51:17.154 19580 19580 D EGL_emulation: eglMakeCurrent: 0xb1952a80: ver 3 0 (tinfo 0xd4e6bbe0)
07-31 05:51:17.160 19580 19580 D EGL_emulation: eglMakeCurrent: 0xbfe7ab60: ver 3 0 (tinfo 0xd4e6bbe0)
07-31 05:51:17.163 19580 19580 E native  : E0000 00:00:1659246677.163020   19580 hit_test.cc:428] INTERNAL: No point hit.
07-31 05:51:17.167 19580 19751 E ACameraMetadata: getConstEntry: cannot find metadata tag 65576
07-31 05:51:17.168 19580 19580 E eglCodecCommon: glUtilsParamSize: unknow param 0x00008919
07-31 05:51:17.168 19580 19580 E eglCodecCommon: glUtilsParamSize: unknow param 0x00008919
07-31 05:51:17.170 19580 19689 D eglCodecCommon: setVertexArrayObject: set vao to 2 (2) 13 11
07-31 05:51:17.171 19580 19689 D eglCodecCommon: setVertexArrayObject: set vao to 1 (1) 13 2
07-31 05:51:17.173  1817  2351 E GnssHAL_GnssInterface: gnssSvStatusCb: a: input svInfo.flags is 8
07-31 05:51:17.173  1817  2351 E GnssHAL_GnssInterface: gnssSvStatusCb: b: input svInfo.flags is 8
07-31 05:51:17.177 19580 19580 E ACameraMetadata: getConstEntry: cannot find metadata tag 65576
07-31 05:51:17.185 19580 19580 D EGL_emulation: eglMakeCurrent: 0xb1952a80: ver 3 0 (tinfo 0xd4e6bbe0)
07-31 05:51:17.186 19580 19580 D EGL_emulation: eglMakeCurrent: 0xbfe7ab60: ver 3 0 (tinfo 0xd4e6bbe0)
07-31 05:51:17.187 19580 19580 D EGL_emulation: eglMakeCurrent: 0xb1952a80: ver 3 0 (tinfo 0xd4e6bbe0)
07-31 05:51:17.190 19580 19580 D EGL_emulation: eglMakeCurrent: 0xbfe7ab60: ver 3 0 (tinfo 0xd4e6bbe0)
07-31 05:51:17.200 19580 19580 E native  : E0000 00:00:1659246677.200111   19580 hit_test.cc:428] INTERNAL: No point hit.
07-31 05:51:17.203 19580 19580 E eglCodecCommon: glUtilsParamSize: unknow param 0x00008919
07-31 05:51:17.203 19580 19580 E eglCodecCommon: glUtilsParamSize: unknow param 0x00008919
07-31 05:51:17.206 19580 19751 E ACameraMetadata: getConstEntry: cannot find metadata tag 65576
07-31 05:51:17.207 19580 19689 D eglCodecCommon: setVertexArrayObject: set vao to 2 (2) 13 11
07-31 05:51:17.208 19580 19689 D eglCodecCommon: setVertexArrayObject: set vao to 1 (1) 13 2
07-31 05:51:17.211 19580 19580 E ACameraMetadata: getConstEntry: cannot find metadata tag 65576
07-31 05:51:17.212 19580 19580 D EGL_emulation: eglMakeCurrent: 0xb1952a80: ver 3 0 (tinfo 0xd4e6bbe0)
07-31 05:51:17.214 19580 19580 D EGL_emulation: eglMakeCurrent: 0xbfe7ab60: ver 3 0 (tinfo 0xd4e6bbe0)
07-31 05:51:17.215 19580 19580 D EGL_emulation: eglMakeCurrent: 0xb1952a80: ver 3 0 (tinfo 0xd4e6bbe0)
07-31 05:51:17.216 19580 19580 D EGL_emulation: eglMakeCurrent: 0xbfe7ab60: ver 3 0 (tinfo 0xd4e6bbe0)
07-31 05:51:17.217 19580 19580 E native  : E0000 00:00:1659246677.217586   19580 hit_test.cc:428] INTERNAL: No point hit.
07-31 05:51:17.219 19580 19580 E eglCodecCommon: glUtilsParamSize: unknow param 0x00008919
07-31 05:51:17.220 19580 19580 E eglCodecCommon: glUtilsParamSize: unknow param 0x00008919
07-31 05:51:17.221 19580 19689 D eglCodecCommon: setVertexArrayObject: set vao to 2 (2) 13 11
07-31 05:51:17.221 19580 19689 D eglCodecCommon: setVertexArrayObject: set vao to 1 (1) 13 2
07-31 05:51:17.238 19580 19751 E ACameraMetadata: getConstEntry: cannot find metadata tag 65576
07-31 05:51:17.242 19580 19580 E ACameraMetadata: getConstEntry: cannot find metadata tag 65576
07-31 05:51:17.244 19580 19580 D EGL_emulation: eglMakeCurrent: 0xb1952a80: ver 3 0 (tinfo 0xd4e6bbe0)
07-31 05:51:17.246 19580 19580 D EGL_emulation: eglMakeCurrent: 0xbfe7ab60: ver 3 0 (tinfo 0xd4e6bbe0)
07-31 05:51:17.247 19580 19580 D EGL_emulation: eglMakeCurrent: 0xb1952a80: ver 3 0 (tinfo 0xd4e6bbe0)
07-31 05:51:17.249 19580 19580 D EGL_emulation: eglMakeCurrent: 0xbfe7ab60: ver 3 0 (tinfo 0xd4e6bbe0)
07-31 05:51:17.250 19580 19580 E native  : E0000 00:00:1659246677.250457   19580 hit_test.cc:428] INTERNAL: No point hit.
07-31 05:51:17.254 19580 19580 E eglCodecCommon: glUtilsParamSize: unknow param 0x00008919
07-31 05:51:17.254 19580 19580 E eglCodecCommon: glUtilsParamSize: unknow param 0x00008919
07-31 05:51:17.255 19580 19689 D eglCodecCommon: setVertexArrayObject: set vao to 2 (2) 13 11
07-31 05:51:17.256 19580 19689 D eglCodecCommon: setVertexArrayObject: set vao to 1 (1) 13 2
07-31 05:51:17.276 19580 19751 E ACameraMetadata: getConstEntry: cannot find metadata tag 65576
07-31 05:51:17.284 19580 19580 E ACameraMetadata: getConstEntry: cannot find metadata tag 65576
07-31 05:51:17.284 19580 19580 D EGL_emulation: eglMakeCurrent: 0xb1952a80: ver 3 0 (tinfo 0xd4e6bbe0)
07-31 05:51:17.286 19580 19580 D EGL_emulation: eglMakeCurrent: 0xbfe7ab60: ver 3 0 (tinfo 0xd4e6bbe0)
07-31 05:51:17.288 19580 19580 D EGL_emulation: eglMakeCurrent: 0xb1952a80: ver 3 0 (tinfo 0xd4e6bbe0)
07-31 05:51:17.289 19580 19580 D EGL_emulation: eglMakeCurrent: 0xbfe7ab60: ver 3 0 (tinfo 0xd4e6bbe0)
07-31 05:51:17.290 19580 19580 E native  : E0000 00:00:1659246677.290006   19580 hit_test.cc:428] INTERNAL: No point hit.
07-31 05:51:17.294 19580 19580 E eglCodecCommon: glUtilsParamSize: unknow param 0x00008919
07-31 05:51:17.294 19580 19580 E eglCodecCommon: glUtilsParamSize: unknow param 0x00008919
07-31 05:51:17.307 19580 19689 D eglCodecCommon: setVertexArrayObject: set vao to 2 (2) 13 11
07-31 05:51:17.308 19580 19689 D eglCodecCommon: setVertexArrayObject: set vao to 1 (1) 13 2
07-31 05:51:17.310 19580 19751 E ACameraMetadata: getConstEntry: cannot find metadata tag 65576
07-31 05:51:17.310 19580 19580 E ACameraMetadata: getConstEntry: cannot find metadata tag 65576
07-31 05:51:17.312 19580 19580 D EGL_emulation: eglMakeCurrent: 0xb1952a80: ver 3 0 (tinfo 0xd4e6bbe0)
07-31 05:51:17.314 19580 19580 D EGL_emulation: eglMakeCurrent: 0xbfe7ab60: ver 3 0 (tinfo 0xd4e6bbe0)
07-31 05:51:17.316 19580 19580 D EGL_emulation: eglMakeCurrent: 0xb1952a80: ver 3 0 (tinfo 0xd4e6bbe0)
07-31 05:51:17.319 19580 19580 D EGL_emulation: eglMakeCurrent: 0xbfe7ab60: ver 3 0 (tinfo 0xd4e6bbe0)
07-31 05:51:17.320 19580 19580 E native  : E0000 00:00:1659246677.320903   19580 hit_test.cc:428] INTERNAL: No point hit.
07-31 05:51:17.323 19580 19580 E eglCodecCommon: glUtilsParamSize: unknow param 0x00008919
07-31 05:51:17.323 19580 19580 E eglCodecCommon: glUtilsParamSize: unknow param 0x00008919
07-31 05:51:17.325 19580 19689 D eglCodecCommon: setVertexArrayObject: set vao to 2 (2) 13 11
07-31 05:51:17.326 19580 19689 D eglCodecCommon: setVertexArrayObject: set vao to 1 (1) 13 2
07-31 05:51:17.348 19580 19751 E ACameraMetadata: getConstEntry: cannot find metadata tag 65576
07-31 05:51:17.352 19580 19580 E ACameraMetadata: getConstEntry: cannot find metadata tag 65576
07-31 05:51:17.352 19580 19580 D EGL_emulation: eglMakeCurrent: 0xb1952a80: ver 3 0 (tinfo 0xd4e6bbe0)
07-31 05:51:17.354 19580 19580 D EGL_emulation: eglMakeCurrent: 0xbfe7ab60: ver 3 0 (tinfo 0xd4e6bbe0)
07-31 05:51:17.364 19580 19580 D EGL_emulation: eglMakeCurrent: 0xb1952a80: ver 3 0 (tinfo 0xd4e6bbe0)
07-31 05:51:17.371 19580 19580 D EGL_emulation: eglMakeCurrent: 0xbfe7ab60: ver 3 0 (tinfo 0xd4e6bbe0)
07-31 05:51:17.376 19580 19580 E native  : E0000 00:00:1659246677.376765   19580 hit_test.cc:428] INTERNAL: No point hit.
07-31 05:51:17.379 19580 19580 E eglCodecCommon: glUtilsParamSize: unknow param 0x00008919
07-31 05:51:17.379 19580 19580 E eglCodecCommon: glUtilsParamSize: unknow param 0x00008919
07-31 05:51:17.381 19580 19689 D eglCodecCommon: setVertexArrayObject: set vao to 2 (2) 13 11
07-31 05:51:17.382 19580 19689 D eglCodecCommon: setVertexArrayObject: set vao to 1 (1) 13 2
07-31 05:51:17.382 19580 19751 E ACameraMetadata: getConstEntry: cannot find metadata tag 65576
07-31 05:51:17.392 19580 19580 E ACameraMetadata: getConstEntry: cannot find metadata tag 65576
07-31 05:51:17.394 19580 19580 D EGL_emulation: eglMakeCurrent: 0xb1952a80: ver 3 0 (tinfo 0xd4e6bbe0)
07-31 05:51:17.397 19580 19580 D EGL_emulation: eglMakeCurrent: 0xbfe7ab60: ver 3 0 (tinfo 0xd4e6bbe0)
07-31 05:51:17.398 19580 19580 D EGL_emulation: eglMakeCurrent: 0xb1952a80: ver 3 0 (tinfo 0xd4e6bbe0)
07-31 05:51:17.399 19580 19580 D EGL_emulation: eglMakeCurrent: 0xbfe7ab60: ver 3 0 (tinfo 0xd4e6bbe0)
07-31 05:51:17.403 19580 19580 E native  : E0000 00:00:1659246677.403596   19580 hit_test.cc:428] INTERNAL: No point hit.
07-31 05:51:17.409 19580 19580 E eglCodecCommon: glUtilsParamSize: unknow param 0x00008919
07-31 05:51:17.409 19580 19580 E eglCodecCommon: glUtilsParamSize: unknow param 0x00008919
07-31 05:51:17.411 19580 19689 D eglCodecCommon: setVertexArrayObject: set vao to 2 (2) 13 11
07-31 05:51:17.412 19580 19689 D eglCodecCommon: setVertexArrayObject: set vao to 1 (1) 13 2
07-31 05:51:17.413 19580 19751 E ACameraMetadata: getConstEntry: cannot find metadata tag 65576
07-31 05:51:17.423 19580 19580 E ACameraMetadata: getConstEntry: cannot find metadata tag 65576
07-31 05:51:17.423 19580 19580 D EGL_emulation: eglMakeCurrent: 0xb1952a80: ver 3 0 (tinfo 0xd4e6bbe0)
07-31 05:51:17.425 19580 19580 D EGL_emulation: eglMakeCurrent: 0xbfe7ab60: ver 3 0 (tinfo 0xd4e6bbe0)
07-31 05:51:17.427 19580 19580 D EGL_emulation: eglMakeCurrent: 0xb1952a80: ver 3 0 (tinfo 0xd4e6bbe0)
07-31 05:51:17.430 19580 19580 D EGL_emulation: eglMakeCurrent: 0xbfe7ab60: ver 3 0 (tinfo 0xd4e6bbe0)
07-31 05:51:17.431 19580 19580 E native  : E0000 00:00:1659246677.431383   19580 hit_test.cc:428] INTERNAL: No point hit.
07-31 05:51:17.437 19580 19580 E eglCodecCommon: glUtilsParamSize: unknow param 0x00008919
07-31 05:51:17.438 19580 19580 E eglCodecCommon: glUtilsParamSize: unknow param 0x00008919
07-31 05:51:17.445 19580 19751 E ACameraMetadata: getConstEntry: cannot find metadata tag 65576
07-31 05:51:17.445 19580 19689 D eglCodecCommon: setVertexArrayObject: set vao to 2 (2) 13 11
07-31 05:51:17.446 19580 19689 D eglCodecCommon: setVertexArrayObject: set vao to 1 (1) 13 2
07-31 05:51:17.452 19580 19580 E ACameraMetadata: getConstEntry: cannot find metadata tag 65576
07-31 05:51:17.455 19580 19580 D EGL_emulation: eglMakeCurrent: 0xb1952a80: ver 3 0 (tinfo 0xd4e6bbe0)
07-31 05:51:17.459 19580 19580 D EGL_emulation: eglMakeCurrent: 0xbfe7ab60: ver 3 0 (tinfo 0xd4e6bbe0)
07-31 05:51:17.460 19580 19580 D EGL_emulation: eglMakeCurrent: 0xb1952a80: ver 3 0 (tinfo 0xd4e6bbe0)
07-31 05:51:17.461 19580 19580 D EGL_emulation: eglMakeCurrent: 0xbfe7ab60: ver 3 0 (tinfo 0xd4e6bbe0)
07-31 05:51:17.462 19580 19580 E native  : E0000 00:00:1659246677.462011   19580 hit_test.cc:428] INTERNAL: No point hit.
07-31 05:51:17.466 19580 19580 E eglCodecCommon: glUtilsParamSize: unknow param 0x00008919
07-31 05:51:17.466 19580 19580 E eglCodecCommon: glUtilsParamSize: unknow param 0x00008919
07-31 05:51:17.473 19580 19689 D eglCodecCommon: setVertexArrayObject: set vao to 2 (2) 13 11
07-31 05:51:17.474 19580 19689 D eglCodecCommon: setVertexArrayObject: set vao to 1 (1) 13 2
07-31 05:51:17.487 19580 19751 E ACameraMetadata: getConstEntry: cannot find metadata tag 65576
07-31 05:51:17.489 19580 19580 E ACameraMetadata: getConstEntry: cannot find metadata tag 65576
07-31 05:51:17.490 19580 19580 D EGL_emulation: eglMakeCurrent: 0xb1952a80: ver 3 0 (tinfo 0xd4e6bbe0)
07-31 05:51:17.492 19580 19580 D EGL_emulation: eglMakeCurrent: 0xbfe7ab60: ver 3 0 (tinfo 0xd4e6bbe0)
07-31 05:51:17.494 19580 19580 D EGL_emulation: eglMakeCurrent: 0xb1952a80: ver 3 0 (tinfo 0xd4e6bbe0)
07-31 05:51:17.495 19580 19580 D EGL_emulation: eglMakeCurrent: 0xbfe7ab60: ver 3 0 (tinfo 0xd4e6bbe0)
07-31 05:51:17.497 19580 19580 E native  : E0000 00:00:1659246677.497201   19580 hit_test.cc:428] INTERNAL: No point hit.
07-31 05:51:17.499 19580 19580 E eglCodecCommon: glUtilsParamSize: unknow param 0x00008919
07-31 05:51:17.499 19580 19580 E eglCodecCommon: glUtilsParamSize: unknow param 0x00008919
07-31 05:51:17.503 19580 19689 D eglCodecCommon: setVertexArrayObject: set vao to 2 (2) 13 11
07-31 05:51:17.503 19580 19689 D eglCodecCommon: setVertexArrayObject: set vao to 1 (1) 13 2
07-31 05:51:17.524 19580 19751 E ACameraMetadata: getConstEntry: cannot find metadata tag 65576
07-31 05:51:17.526 19580 19580 E ACameraMetadata: getConstEntry: cannot find metadata tag 65576
