07-31 05:51:14.712 19580 19580 E native  : E0000 00:00:1659246674.712188   19580 hit_test.cc:428] INTERNAL: No point hit.
07-31 05:51:14.715 19580 19580 E eglCodecCommon: glUtilsParamSize: unknow param 0x00008919
07-31 05:51:14.715 19580 19580 E eglCodecCommon: glUtilsParamSize: unknow param 0x00008919
07-31 05:51:14.717 19580 19689 D eglCodecCommon: setVertexArrayObject: set vao to 2 (2) 13 11
07-31 05:51:14.718 19580 19689 D eglCodecCommon: setVertexArrayObject: set vao to 1 (1) 13 2
07-31 05:51:14.734 19580 19751 E ACameraMetadata: getConstEntry: cannot find metadata tag 65576
07-31 05:51:14.741 19580 19580 E ACameraMetadata: getConstEntry: cannot find metadata tag 65576
07-31 05:51:14.742 19580 19580 D EGL_emulation: eglMakeCurrent: 0xb1952a80: ver 3 0 (tinfo 0xd4e6bbe0)
07-31 05:51:14.744 19580 19580 D EGL_emulation: eglMakeCurrent: 0xbfe7ab60: ver 3 0 (tinfo 0xd4e6bbe0)
07-31 05:51:14.745 19580 19580 D EGL_emulation: eglMakeCurrent: 0xb1952a80: ver 3 0 (tinfo 0xd4e6bbe0)
07-31 05:51:14.747 19580 19580 D EGL_emulation: eglMakeCurrent: 0xbfe7ab60: ver 3 0 (tinfo 0xd4e6bbe0)
07-31 05:51:14.748 19580 19580 E native  : E0000 00:00:1659246675.229020   19580 hit_test.cc:428] INTERNAL: No point hit.
07-31 05:51:14.750 19580 19580 E eglCodecCommon: glUtilsParamSize: unknow param 0x00008919
07-31 05:51:14.750 19580 19580 E eglCodecCommon: glUtilsParamSize: unknow param 0x00008919
07-31 05:51:14.754 19580 19689 D eglCodecCommon: setVertexArrayObject: set vao to 2 (2) 13 11
07-31 05:51:14.755 19580 19689 D eglCodecCommon: setVertexArrayObject: set vao to 1 (1) 13 2
07-31 05:51:14.769 19580 19751 E ACameraMetadata: getConstEntry: cannot find metadata tag 65576
07-31 05:51:14.774 19580 19580 E ACameraMetadata: getConstEntry: cannot find metadata tag 65576
07-31 05:51:14.777 19580 19580 D EGL_emulation: eglMakeCurrent: 0xb1952a80: ver 3 0 (tinfo 0xd4e6bbe0)
07-31 05:51:14.779 19580 19580 D EGL_emulation: eglMakeCurrent: 0xbfe7ab60: ver 3 0 (tinfo 0xd4e6bbe0)
07-31 05:51:14.780 19580 19580 D EGL_emulation: eglMakeCurrent: 0xb1952a80: ver 3 0 (tinfo 0xd4e6bbe0)
07-31 05:51:14.781 19580 19580 D EGL_emulation: eglMakeCurrent: 0xbfe7ab60: ver 3 0 (tinfo 0xd4e6bbe0)
07-31 05:51:14.782 19580 19580 E native  : E0000 00:00:1659246675.262634   19580 hit_test.cc:428] INTERNAL: No point hit.
07-31 05:51:14.785 19580 19580 E eglCodecCommon: glUtilsParamSize: unknow param 0x00008919
07-31 05:51:14.785 19580 19580 E eglCodecCommon: glUtilsParamSize: unknow param 0x00008919
07-31 05:51:14.787 19580 19689 D eglCodecCommon: setVertexArrayObject: set vao to 2 (2) 13 11
07-31 05:51:14.788 19580 19689 D eglCodecCommon: setVertexArrayObject: set vao to 1 (1) 13 2
07-31 05:51:14.808 19580 19751 E ACameraMetadata: getConstEntry: cannot find metadata tag 65576
07-31 05:51:14.809 19580 19580 E ACameraMetadata: getConstEntry: cannot find metadata tag 65576
07-31 05:51:14.812 19580 19580 D EGL_emulation: eglMakeCurrent: 0xb1952a80: ver 3 0 (tinfo 0xd4e6bbe0)
07-31 05:51:14.813 19580 19580 D EGL_emulation: eglMakeCurrent: 0xbfe7ab60: ver 3 0 (tinfo 0xd4e6bbe0)
07-31 05:51:14.815 19580 19580 D EGL_emulation: eglMakeCurrent: 0xb1952a80: ver 3 0 (tinfo 0xd4e6bbe0)
07-31 05:51:14.817 19580 19580 D EGL_emulation: eglMakeCurrent: 0xbfe7ab60: ver 3 0 (tinfo 0xd4e6bbe0)
07-31 05:51:14.818 19580 19580 E native  : E0000 00:00:1659246675.298349   19580 hit_test.cc:428] INTERNAL: No point hit.
07-31 05:51:14.820 19580 19580 E eglCodecCommon: glUtilsParamSize: unknow param 0x00008919
07-31 05:51:14.820 19580 19580 E eglCodecCommon: glUtilsParamSize: unknow param 0x00008919
07-31 05:51:14.822 19580 19689 D eglCodecCommon: setVertexArrayObject: set vao to 2 (2) 13 11
07-31 05:51:14.823 19580 19689 D eglCodecCommon: setVertexArrayObject: set vao to 1 (1) 13 2
07-31 05:51:14.839 19580 19751 E ACameraMetadata: getConstEntry: cannot find metadata tag 65576
07-31 05:51:14.843 19580 19580 E ACameraMetadata: getConstEntry: cannot find metadata tag 65576
07-31 05:51:14.843 19580 19580 D EGL_emulation: eglMakeCurrent: 0xb1952a80: ver 3 0 (tinfo 0xd4e6bbe0)
07-31 05:51:14.848 19580 19580 D EGL_emulation: eglMakeCurrent: 0xbfe7ab60: ver 3 0 (tinfo 0xd4e6bbe0)
07-31 05:51:14.849 19580 19580 D EGL_emulation: eglMakeCurrent: 0xb1952a80: ver 3 0 (tinfo 0xd4e6bbe0)
07-31 05:51:14.850 19580 19580 D EGL_emulation: eglMakeCurrent: 0xbfe7ab60: ver 3 0 (tinfo 0xd4e6bbe0)
07-31 05:51:14.851 19580 19580 E native  : E0000 00:00:1659246675.332019   19580 hit_test.cc:428] INTERNAL: No point hit.
07-31 05:51:14.853 19580 19580 E eglCodecCommon: glUtilsParamSize: unknow param 0x00008919
07-31 05:51:14.854 19580 19580 E eglCodecCommon: glUtilsParamSize: unknow param 0x00008919
07-31 05:51:14.856 19580 19689 D eglCodecCommon: setVertexArrayObject: set vao to 2 (2) 13 11
07-31 05:51:14.857 19580 19689 D eglCodecCommon: setVertexArrayObject: set vao to 1 (1) 13 2
07-31 05:51:14.874 19580 19751 E ACameraMetadata: getConstEntry: cannot find metadata tag 65576
07-31 05:51:14.883 19580 19580 E ACameraMetadata: getConstEntry: cannot find metadata tag 65576
07-31 05:51:14.883 19580 19580 D EGL_emulation: eglMakeCurrent: 0xb1952a80: ver 3 0 (tinfo 0xd4e6bbe0)
07-31 05:51:14.884 19580 19580 D EGL_emulation: eglMakeCurrent: 0xbfe7ab60: ver 3 0 (tinfo 0xd4e6bbe0)
07-31 05:51:14.885 19580 19580 D EGL_emulation: eglMakeCurrent: 0xb1952a80: ver 3 0 (tinfo 0xd4e6bbe0)
07-31 05:51:14.887 19580 19580 D EGL_emulation: eglMakeCurrent: 0xbfe7ab60: ver 3 0 (tinfo 0xd4e6bbe0)
07-31 05:51:14.888 19580 19580 E native  : E0000 00:00:1659246674.888902   19580 hit_test.cc:428] INTERNAL: No point hit.
07-31 05:51:14.891 19580 19580 E eglCodecCommon: glUtilsParamSize: unknow param 0x00008919
07-31 05:51:14.891 19580 19580 E eglCodecCommon: glUtilsParamSize: unknow param 0x00008919
07-31 05:51:14.892 19580 19689 D eglCodecCommon: setVertexArrayObject: set vao to 2 (2) 13 11
07-31 05:51:14.894 19580 19689 D eglCodecCommon: setVertexArrayObject: set vao to 1 (1) 13 2
07-31 05:51:14.912 19580 19751 E ACameraMetadata: getConstEntry: cannot find metadata tag 65576
07-31 05:51:14.913 19580 19743 W native  : W0000 00:00:1659246674.913210   19743 throttled_thread_pool.cc:61] INVALID_ARGUMENT: TemporalRateLimiter end time must be after previous triggers.
07-31 05:51:14.913 19580 19743 W native  : === Source Location Trace: ===
07-31 05:51:14.913 19580 19743 W native  : ./vr/perception/depth/projects/motion_stereo/throttled_thread_pool/temporal_rate_limiter.h:127
07-31 05:51:14.913 19580 19743 W native  : vr/perception/depth/projects/motion_stereo/throttled_thread_pool/prioritized_temporal_rate_limiter.cc:80
07-31 05:51:14.913 19580 19743 W native  :
07-31 05:51:14.915 19580 19580 E ACameraMetadata: getConstEntry: cannot find metadata tag 65576
07-31 05:51:14.916 19580 19580 D EGL_emulation: eglMakeCurrent: 0xb1952a80: ver 3 0 (tinfo 0xd4e6bbe0)
07-31 05:51:14.920 19580 19580 D EGL_emulation: eglMakeCurrent: 0xbfe7ab60: ver 3 0 (tinfo 0xd4e6bbe0)
07-31 05:51:14.921 19580 19580 D EGL_emulation: eglMakeCurrent: 0xb1952a80: ver 3 0 (tinfo 0xd4e6bbe0)
07-31 05:51:14.922 19580 19580 D EGL_emulation: eglMakeCurrent: 0xbfe7ab60: ver 3 0 (tinfo 0xd4e6bbe0)
07-31 05:51:14.923 19580 19580 E native  : E0000 00:00:1659246674.923620   19580 hit_test.cc:428] INTERNAL: No point hit.
07-31 05:51:14.925 19580 19580 E eglCodecCommon: glUtilsParamSize: unknow param 0x00008919
07-31 05:51:14.926 19580 19580 E eglCodecCommon: glUtilsParamSize: unknow param 0x00008919
07-31 05:51:14.927 19580 19689 D eglCodecCommon: setVertexArrayObject: set vao to 2 (2) 13 11
07-31 05:51:14.929 19580 19689 D eglCodecCommon: setVertexArrayObject: set vao to 1 (1) 13 2
07-31 05:51:14.948 19580 19751 E ACameraMetadata: getConstEntry: cannot find metadata tag 65576
07-31 05:51:14.949 19580 19743 W native  : W0000 00:00:1659246674.949668   19743 throttled_thread_pool.cc:61] INVALID_ARGUMENT: TemporalRateLimiter end time must be after previous triggers.
07-31 05:51:14.949 19580 19743 W native  : === Source Location Trace: ===
07-31 05:51:14.949 19580 19743 W native  : ./vr/perception/depth/projects/motion_stereo/throttled_thread_pool/temporal_rate_limiter.h:127
07-31 05:51:14.949 19580 19743 W native  : vr/perception/depth/projects/motion_stereo/throttled_thread_pool/prioritized_temporal_rate_limiter.cc:80
07-31 05:51:14.949 19580 19743 W native  :
07-31 05:51:14.952 19580 19580 E ACameraMetadata: getConstEntry: cannot find metadata tag 65576
07-31 05:51:14.952 19580 19580 D EGL_emulation: eglMakeCurrent: 0xb1952a80: ver 3 0 (tinfo 0xd4e6bbe0)
07-31 05:51:14.955 19580 19580 D EGL_emulation: eglMakeCurrent: 0xbfe7ab60: ver 3 0 (tinfo 0xd4e6bbe0)
07-31 05:51:14.956 19580 19580 D EGL_emulation: eglMakeCurrent: 0xb1952a80: ver 3 0 (tinfo 0xd4e6bbe0)
07-31 05:51:14.957 19580 19580 D EGL_emulation: eglMakeCurrent: 0xbfe7ab60: ver 3 0 (tinfo 0xd4e6bbe0)
07-31 05:51:14.960 19580 19580 E native  : E0000 00:00:1659246674.960239   19580 hit_test.cc:428] INTERNAL: No point hit.
07-31 05:51:14.962 19580 19580 E eglCodecCommon: glUtilsParamSize: unknow param 0x00008919
07-31 05:51:14.963 19580 19580 E eglCodecCommon: glUtilsParamSize: unknow param 0x00008919
07-31 05:51:14.965 19580 19689 D eglCodecCommon: setVertexArrayObject: set vao to 2 (2) 13 11
07-31 05:51:14.966 19580 19689 D eglCodecCommon: setVertexArrayObject: set vao to 1 (1) 13 2
07-31 05:51:14.985 19580 19751 E ACameraMetadata: getConstEntry: cannot find metadata tag 65576
07-31 05:51:14.991 19580 19743 W native  : W0000 00:00:1659246674.991258   19743 throttled_thread_pool.cc:61] INVALID_ARGUMENT: TemporalRateLimiter end time must be after previous triggers.
07-31 05:51:14.991 19580 19743 W native  : === Source Location Trace: ===
07-31 05:51:14.991 19580 19743 W native  : ./vr/perception/depth/projects/motion_stereo/throttled_thread_pool/temporal_rate_limiter.h:127
07-31 05:51:14.991 19580 19743 W native  : vr/perception/depth/projects/motion_stereo/throttled_thread_pool/prioritized_temporal_rate_limiter.cc:80
07-31 05:51:14.991 19580 19743 W native  :
07-31 05:51:14.991 19580 19580 E ACameraMetadata: getConstEntry: cannot find metadata tag 65576
07-31 05:51:14.992 19580 19580 D EGL_emulation: eglMakeCurrent: 0xb1952a80: ver 3 0 (tinfo 0xd4e6bbe0)
07-31 05:51:14.997 19580 19580 D EGL_emulation: eglMakeCurrent: 0xbfe7ab60: ver 3 0 (tinfo 0xd4e6bbe0)
07-31 05:51:14.998 19580 19580 D EGL_emulation: eglMakeCurrent: 0xb1952a80: ver 3 0 (tinfo 0xd4e6bbe0)
07-31 05:51:15.000 19580 19580 D EGL_emulation: eglMakeCurrent: 0xbfe7ab60: ver 3 0 (tinfo 0xd4e6bbe0)
07-31 05:51:15.001 19580 19580 E native  : E0000 00:00:1659246675.001668   19580 hit_test.cc:428] INTERNAL: No point hit.
07-31 05:51:15.014 19580 19580 E eglCodecCommon: glUtilsParamSize: unknow param 0x00008919
07-31 05:51:15.015 19580 19580 E eglCodecCommon: glUtilsParamSize: unknow param 0x00008919
07-31 05:51:15.018 19580 19689 D eglCodecCommon: setVertexArrayObject: set vao to 2 (2) 13 11
07-31 05:51:15.019 19580 19689 D eglCodecCommon: setVertexArrayObject: set vao to 1 (1) 13 2
07-31 05:51:15.026 19580 19580 E ACameraMetadata: getConstEntry: cannot find metadata tag 65576
07-31 05:51:15.026 19580 19580 D EGL_emulation: eglMakeCurrent: 0xb1952a80: ver 3 0 (tinfo 0xd4e6bbe0)
07-31 05:51:15.027 19580 19580 D EGL_emulation: eglMakeCurrent: 0xbfe7ab60: ver 3 0 (tinfo 0xd4e6bbe0)
07-31 05:51:15.028 19580 19751 E ACameraMetadata: getConstEntry: cannot find metadata tag 65576
07-31 05:51:15.032 19580 19743 W native  : W0000 00:00:1659246675.032047   19743 throttled_thread_pool.cc:61] INVALID_ARGUMENT: TemporalRateLimiter end time must be after previous triggers.
07-31 05:51:15.032 19580 19743 W native  : === Source Location Trace: ===
07-31 05:51:15.032 19580 19743 W native  : ./vr/perception/depth/projects/motion_stereo/throttled_thread_pool/temporal_rate_limiter.h:127
07-31 05:51:15.032 19580 19743 W native  : vr/perception/depth/projects/motion_stereo/throttled_thread_pool/prioritized_temporal_rate_limiter.cc:80
07-31 05:51:15.032 19580 19743 W native  :
07-31 05:51:15.035 19580 19580 D EGL_emulation: eglMakeCurrent: 0xb1952a80: ver 3 0 (tinfo 0xd4e6bbe0)
07-31 05:51:15.037 19580 19580 D EGL_emulation: eglMakeCurrent: 0xbfe7ab60: ver 3 0 (tinfo 0xd4e6bbe0)
07-31 05:51:15.041 19580 19580 E native  : E0000 00:00:1659246675.041160   19580 hit_test.cc:428] INTERNAL: No point hit.
07-31 05:51:15.050 19580 19580 E eglCodecCommon: glUtilsParamSize: unknow param 0x00008919
07-31 05:51:15.050 19580 19580 E eglCodecCommon: glUtilsParamSize: unknow param 0x00008919
07-31 05:51:15.051 19580 19751 E ACameraMetadata: getConstEntry: cannot find metadata tag 65576
07-31 05:51:15.052 19580 19743 W native  : W0000 00:00:1659246675.052251   19743 throttled_thread_pool.cc:61] INVALID_ARGUMENT: TemporalRateLimiter end time must be after previous triggers.
07-31 05:51:15.052 19580 19743 W native  : === Source Location Trace: ===
07-31 05:51:15.052 19580 19743 W native  : ./vr/perception/depth/projects/motion_stereo/throttled_thread_pool/temporal_rate_limiter.h:127
07-31 05:51:15.052 19580 19743 W native  : vr/perception/depth/projects/motion_stereo/throttled_thread_pool/prioritized_temporal_rate_limiter.cc:80
07-31 05:51:15.052 19580 19743 W native  :
07-31 05:51:15.052 19580 19689 D eglCodecCommon: setVertexArrayObject: set vao to 2 (2) 13 11
07-31 05:51:15.053 19580 19689 D eglCodecCommon: setVertexArrayObject: set vao to 1 (1) 13 2
07-31 05:51:15.059 19580 19580 E ACameraMetadata: getConstEntry: cannot find metadata tag 65576
07-31 05:51:15.060 19580 19580 D EGL_emulation: eglMakeCurrent: 0xb1952a80: ver 3 0 (tinfo 0xd4e6bbe0)
07-31 05:51:15.062 19580 19580 D EGL_emulation: eglMakeCurrent: 0xbfe7ab60: ver 3 0 (tinfo 0xd4e6bbe0)
07-31 05:51:15.064 19580 19580 D EGL_emulation: eglMakeCurrent: 0xb1952a80: ver 3 0 (tinfo 0xd4e6bbe0)
07-31 05:51:15.067 19580 19580 D EGL_emulation: eglMakeCurrent: 0xbfe7ab60: ver 3 0 (tinfo 0xd4e6bbe0)
07-31 05:51:15.069 19580 19580 E native  : E0000 00:00:1659246675.069442   19580 hit_test.cc:428] INTERNAL: No point hit.
07-31 05:51:15.081 19580 19580 E eglCodecCommon: glUtilsParamSize: unknow param 0x00008919
07-31 05:51:15.081 19580 19580 E eglCodecCommon: glUtilsParamSize: unknow param 0x00008919
07-31 05:51:15.084 19580 19689 D eglCodecCommon: setVertexArrayObject: set vao to 2 (2) 13 11
07-31 05:51:15.086 19580 19689 D eglCodecCommon: setVertexArrayObject: set vao to 1 (1) 13 2
07-31 05:51:15.086 19580 19751 E ACameraMetadata: getConstEntry: cannot find metadata tag 65576
07-31 05:51:15.089 19580 19743 W native  : W0000 00:00:1659246675.089741   19743 throttled_thread_pool.cc:61] INVALID_ARGUMENT: TemporalRateLimiter end time must be after previous triggers.
07-31 05:51:15.089 19580 19743 W native  : === Source Location Trace: ===
07-31 05:51:15.089 19580 19743 W native  : ./vr/perception/depth/projects/motion_stereo/throttled_thread_pool/temporal_rate_limiter.h:127
07-31 05:51:15.089 19580 19743 W native  : vr/perception/depth/projects/motion_stereo/throttled_thread_pool/prioritized_temporal_rate_limiter.cc:80
07-31 05:51:15.089 19580 19743 W native  :
07-31 05:51:15.090 19580 19580 E ACameraMetadata: getConstEntry: cannot find metadata tag 65576
07-31 05:51:15.091 19580 19580 D EGL_emulation: eglMakeCurrent: 0xb1952a80: ver 3 0 (tinfo 0xd4e6bbe0)
07-31 05:51:15.092 19580 19580 D EGL_emulation: eglMakeCurrent: 0xbfe7ab60: ver 3 0 (tinfo 0xd4e6bbe0)
07-31 05:51:15.094 19580 19580 D EGL_emulation: eglMakeCurrent: 0xb1952a80: ver 3 0 (tinfo 0xd4e6bbe0)
07-31 05:51:15.099 19580 19580 D EGL_emulation: eglMakeCurrent: 0xbfe7ab60: ver 3 0 (tinfo 0xd4e6bbe0)
07-31 05:51:15.100 19580 19580 E native  : E0000 00:00:1659246675.100246   19580 hit_test.cc:428] INTERNAL: No point hit.
07-31 05:51:15.106 19580 19580 E eglCodecCommon: glUtilsParamSize: unknow param 0x00008919
07-31 05:51:15.106 19580 19580 E eglCodecCommon: glUtilsParamSize: unknow param 0x00008919
07-31 05:51:15.117 19580 19689 D eglCodecCommon: setVertexArrayObject: set vao to 2 (2) 13 11
07-31 05:51:15.117 19580 19689 D eglCodecCommon: setVertexArrayObject: set vao to 1 (1) 13 2
07-31 05:51:15.121 19580 19580 E ACameraMetadata: getConstEntry: cannot find metadata tag 65576
07-31 05:51:15.122 19580 19580 D EGL_emulation: eglMakeCurrent: 0xb1952a80: ver 3 0 (tinfo 0xd4e6bbe0)
07-31 05:51:15.123 19580 19751 E ACameraMetadata: getConstEntry: cannot find metadata tag 65576
07-31 05:51:15.125 19580 19580 D EGL_emulation: eglMakeCurrent: 0xbfe7ab60: ver 3 0 (tinfo 0xd4e6bbe0)
07-31 05:51:15.127 19580 19743 W native  : W0000 00:00:1659246675.127579   19743 throttled_thread_pool.cc:61] INVALID_ARGUMENT: TemporalRateLimiter end time must be after previous triggers.
07-31 05:51:15.127 19580 19743 W native  : === Source Location Trace: ===
07-31 05:51:15.127 19580 19743 W native  : ./vr/perception/depth/projects/motion_stereo/throttled_thread_pool/temporal_rate_limiter.h:127
07-31 05:51:15.127 19580 19743 W native  : vr/perception/depth/projects/motion_stereo/throttled_thread_pool/prioritized_temporal_rate_limiter.cc:80
07-31 05:51:15.127 19580 19743 W native  :
07-31 05:51:15.127 19580 19580 D EGL_emulation: eglMakeCurrent: 0xb1952a80: ver 3 0 (tinfo 0xd4e6bbe0)
07-31 05:51:15.129 19580 19580 D EGL_emulation: eglMakeCurrent: 0xbfe7ab60: ver 3 0 (tinfo 0xd4e6bbe0)
07-31 05:51:15.130 19580 19580 E native  : E0000 00:00:1659246675.130290   19580 hit_test.cc:428] INTERNAL: No point hit.
07-31 05:51:15.133 19580 19580 E eglCodecCommon: glUtilsParamSize: unknow param 0x00008919
07-31 05:51:15.133 19580 19580 E eglCodecCommon: glUtilsParamSize: unknow param 0x00008919
07-31 05:51:15.137 19580 19689 D eglCodecCommon: setVertexArrayObject: set vao to 2 (2) 13 11
07-31 05:51:15.138 19580 19689 D eglCodecCommon: setVertexArrayObject: set vao to 1 (1) 13 2
07-31 05:51:15.159 19580 19751 E ACameraMetadata: getConstEntry: cannot find metadata tag 65576
07-31 05:51:15.159 19580 19580 E ACameraMetadata: getConstEntry: cannot find metadata tag 65576
07-31 05:51:15.160 19580 19580 D EGL_emulation: eglMakeCurrent: 0xb1952a80: ver 3 0 (tinfo 0xd4e6bbe0)
07-31 05:51:15.161 19580 19743 W native  : W0000 00:00:1659246675.161445   19743 throttled_thread_pool.cc:61] INVALID_ARGUMENT: TemporalRateLimiter end time must be after previous triggers.
07-31 05:51:15.161 19580 19743 W native  : === Source Location Trace: ===
07-31 05:51:15.161 19580 19743 W native  : ./vr/perception/depth/projects/motion_stereo/throttled_thread_pool/temporal_rate_limiter.h:127
07-31 05:51:15.161 19580 19743 W native  : vr/perception/depth/projects/motion_stereo/throttled_thread_pool/prioritized_temporal_rate_limiter.cc:80
07-31 05:51:15.161 19580 19743 W native  :
07-31 05:51:15.162 19580 19580 D EGL_emulation: eglMakeCurrent: 0xbfe7ab60: ver 3 0 (tinfo 0xd4e6bbe0)
07-31 05:51:15.164 19580 19580 D EGL_emulation: eglMakeCurrent: 0xb1952a80: ver 3 0 (tinfo 0xd4e6bbe0)
07-31 05:51:15.165 19580 19580 D EGL_emulation: eglMakeCurrent: 0xbfe7ab60: ver 3 0 (tinfo 0xd4e6bbe0)
07-31 05:51:15.166 19580 19580 E native  : E0000 00:00:1659246675.166892   19580 hit_test.cc:428] INTERNAL: No point hit.
07-31 05:51:15.170 19580 19580 E eglCodecCommon: glUtilsParamSize: unknow param 0x00008919
07-31 05:51:15.170 19580 19580 E eglCodecCommon: glUtilsParamSize: unknow param 0x00008919
07-31 05:51:15.173 19580 19689 D eglCodecCommon: setVertexArrayObject: set vao to 2 (2) 13 11
07-31 05:51:15.173  1817  2351 E GnssHAL_GnssInterface: gnssSvStatusCb: a: input svInfo.flags is 8
07-31 05:51:15.173  1817  2351 E GnssHAL_GnssInterface: gnssSvStatusCb: b: input svInfo.flags is 8
07-31 05:51:15.175 19580 19689 D eglCodecCommon: setVertexArrayObject: set vao to 1 (1) 13 2
07-31 05:51:15.202 19580 19751 E ACameraMetadata: getConstEntry: cannot find metadata tag 65576
07-31 05:51:15.203 19580 19743 W native  : W0000 00:00:1659246675.203609   19743 throttled_thread_pool.cc:61] INVALID_ARGUMENT: TemporalRateLimiter end time must be after previous triggers.
07-31 05:51:15.203 19580 19743 W native  : === Source Location Trace: ===
07-31 05:51:15.203 19580 19743 W native  : ./vr/perception/depth/projects/motion_stereo/throttled_thread_pool/temporal_rate_limiter.h:127
07-31 05:51:15.203 19580 19743 W native  : vr/perception/depth/projects/motion_stereo/throttled_thread_pool/prioritized_temporal_rate_limiter.cc:80
07-31 05:51:15.203 19580 19743 W native  :
07-31 05:51:15.206 19580 19580 E ACameraMetadata: getConstEntry: cannot find metadata tag 65576
07-31 05:51:15.207 19580 19580 D EGL_emulation: eglMakeCurrent: 0xb1952a80: ver 3 0 (tinfo 0xd4e6bbe0)
07-31 05:51:15.210 19580 19580 D EGL_emulation: eglMakeCurrent: 0xbfe7ab60: ver 3 0 (tinfo 0xd4e6bbe0)
07-31 05:51:15.212 19580 19580 D EGL_emulation: eglMakeCurrent: 0xb1952a80: ver 3 0 (tinfo 0xd4e6bbe0)
07-31 05:51:15.220 19580 19742 I native  : I0000 00:00:1659246675.220906   19742 model_inference_cpu.cc:82] Successfully started the ArDepthCalculator graph.
07-31 05:51:15.221 19580 19580 D EGL_emulation: eglMakeCurrent: 0xbfe7ab60: ver 3 0 (tinfo 0xd4e6bbe0)
07-31 05:51:15.224 19580 19768 I native  : I0000 00:00:1659246675.224875   19768 jni_util.cc:41] GetEnv: not attached
07-31 05:51:15.226 19580 19580 E native  : E0000 00:00:1659246675.225661   19580 hit_test.cc:428] INTERNAL: No point hit.
07-31 05:51:15.231 19580 19580 E eglCodecCommon: glUtilsParamSize: unknow param 0x00008919
07-31 05:51:15.231 19580 19580 E eglCodecCommon: glUtilsParamSize: unknow param 0x00008919
07-31 05:51:15.231 19580 19751 E ACameraMetadata: getConstEntry: cannot find metadata tag 65576
07-31 05:51:15.233 19580 19689 D eglCodecCommon: setVertexArrayObject: set vao to 2 (2) 13 11
07-31 05:51:15.233 19580 19743 W native  : W0000 00:00:1659246675.233519   19743 throttled_thread_pool.cc:61] INVALID_ARGUMENT: TemporalRateLimiter end time must be after previous triggers.
07-31 05:51:15.233 19580 19743 W native  : === Source Location Trace: ===
07-31 05:51:15.233 19580 19743 W native  : ./vr/perception/depth/projects/motion_stereo/throttled_thread_pool/temporal_rate_limiter.h:127
07-31 05:51:15.233 19580 19743 W native  : vr/perception/depth/projects/motion_stereo/throttled_thread_pool/prioritized_temporal_rate_limiter.cc:80
07-31 05:51:15.233 19580 19743 W native  :
07-31 05:51:15.233 19580 19689 D eglCodecCommon: setVertexArrayObject: set vao to 1 (1) 13 2
07-31 05:51:15.238 19580 19580 E ACameraMetadata: getConstEntry: cannot find metadata tag 65576
07-31 05:51:15.239 19580 19580 D EGL_emulation: eglMakeCurrent: 0xb1952a80: ver 3 0 (tinfo 0xd4e6bbe0)
07-31 05:51:15.240 19580 19768 I tflite  : Replacing 117 node(s) with delegate (TfLiteXNNPackDelegate) node, yielding 2 partitions.
07-31 05:51:15.243 19580 19580 D EGL_emulation: eglMakeCurrent: 0xbfe7ab60: ver 3 0 (tinfo 0xd4e6bbe0)
07-31 05:51:15.245 19580 19580 D EGL_emulation: eglMakeCurrent: 0xb1952a80: ver 3 0 (tinfo 0xd4e6bbe0)
07-31 05:51:15.247 19580 19580 D EGL_emulation: eglMakeCurrent: 0xbfe7ab60: ver 3 0 (tinfo 0xd4e6bbe0)
07-31 05:51:15.249 19580 19580 E native  : E0000 00:00:1659246675.249345   19580 hit_test.cc:428] INTERNAL: No point hit.
07-31 05:51:15.260 19580 19580 E eglCodecCommon: glUtilsParamSize: unknow param 0x00008919
07-31 05:51:15.261 19580 19580 E eglCodecCommon: glUtilsParamSize: unknow param 0x00008919
07-31 05:51:15.264 19580 19689 D eglCodecCommon: setVertexArrayObject: set vao to 2 (2) 13 11
07-31 05:51:15.265 19580 19689 D eglCodecCommon: setVertexArrayObject: set vao to 1 (1) 13 2
07-31 05:51:15.265 19580 19751 E ACameraMetadata: getConstEntry: cannot find metadata tag 65576
07-31 05:51:15.268 19580 19743 W native  : W0000 00:00:1659246675.268121   19743 throttled_thread_pool.cc:61] INVALID_ARGUMENT: TemporalRateLimiter end time must be after previous triggers.
07-31 05:51:15.268 19580 19743 W native  : === Source Location Trace: ===
07-31 05:51:15.268 19580 19743 W native  : ./vr/perception/depth/projects/motion_stereo/throttled_thread_pool/temporal_rate_limiter.h:127
07-31 05:51:15.268 19580 19743 W native  : vr/perception/depth/projects/motion_stereo/throttled_thread_pool/prioritized_temporal_rate_limiter.cc:80
07-31 05:51:15.268 19580 19743 W native  :
07-31 05:51:15.271 19580 19580 E ACameraMetadata: getConstEntry: cannot find metadata tag 65576
07-31 05:51:15.272 19580 19580 D EGL_emulation: eglMakeCurrent: 0xb1952a80: ver 3 0 (tinfo 0xd4e6bbe0)
07-31 05:51:15.274 19580 19580 D EGL_emulation: eglMakeCurrent: 0xbfe7ab60: ver 3 0 (tinfo 0xd4e6bbe0)
07-31 05:51:15.275 19580 19580 D EGL_emulation: eglMakeCurrent: 0xb1952a80: ver 3 0 (tinfo 0xd4e6bbe0)
07-31 05:51:15.276 19580 19580 D EGL_emulation: eglMakeCurrent: 0xbfe7ab60: ver 3 0 (tinfo 0xd4e6bbe0)
07-31 05:51:15.278 19580 19580 E native  : E0000 00:00:1659246675.278270   19580 hit_test.cc:428] INTERNAL: No point hit.
07-31 05:51:15.282 19580 19580 E eglCodecCommon: glUtilsParamSize: unknow param 0x00008919
07-31 05:51:15.282 19580 19580 E eglCodecCommon: glUtilsParamSize: unknow param 0x00008919
07-31 05:51:15.284 19580 19689 D eglCodecCommon: setVertexArrayObject: set vao to 2 (2) 13 11
07-31 05:51:15.293 19580 19689 D eglCodecCommon: setVertexArrayObject: set vao to 1 (1) 13 2
07-31 05:51:15.303 19580 19580 E ACameraMetadata: getConstEntry: cannot find metadata tag 65576
07-31 05:51:15.303 19580 19751 E ACameraMetadata: getConstEntry: cannot find metadata tag 65576
07-31 05:51:15.306 19580 19580 D EGL_emulation: eglMakeCurrent: 0xb1952a80: ver 3 0 (tinfo 0xd4e6bbe0)
07-31 05:51:15.309 19580 19743 W native  : W0000 00:00:1659246675.309492   19743 throttled_thread_pool.cc:61] INVALID_ARGUMENT: TemporalRateLimiter end time must be after previous triggers.
07-31 05:51:15.309 19580 19743 W native  : === Source Location Trace: ===
07-31 05:51:15.309 19580 19743 W native  : ./vr/perception/depth/projects/motion_stereo/throttled_thread_pool/temporal_rate_limiter.h:127
07-31 05:51:15.309 19580 19743 W native  : vr/perception/depth/projects/motion_stereo/throttled_thread_pool/prioritized_temporal_rate_limiter.cc:80
07-31 05:51:15.309 19580 19743 W native  :
07-31 05:51:15.309 19580 19580 D EGL_emulation: eglMakeCurrent: 0xbfe7ab60: ver 3 0 (tinfo 0xd4e6bbe0)
07-31 05:51:15.311 19580 19580 D EGL_emulation: eglMakeCurrent: 0xb1952a80: ver 3 0 (tinfo 0xd4e6bbe0)
07-31 05:51:15.313 19580 19580 D EGL_emulation: eglMakeCurrent: 0xbfe7ab60: ver 3 0 (tinfo 0xd4e6bbe0)
07-31 05:51:15.315 19580 19580 E native  : E0000 00:00:1659246675.315357   19580 hit_test.cc:428] INTERNAL: No point hit.
07-31 05:51:15.319 19580 19580 E eglCodecCommon: glUtilsParamSize: unknow param 0x00008919
07-31 05:51:15.319 19580 19580 E eglCodecCommon: glUtilsParamSize: unknow param 0x00008919
07-31 05:51:15.329 19580 19689 D eglCodecCommon: setVertexArrayObject: set vao to 2 (2) 13 11
07-31 05:51:15.330 19580 19689 D eglCodecCommon: setVertexArrayObject: set vao to 1 (1) 13 2
07-31 05:51:15.334 19580 19751 E ACameraMetadata: getConstEntry: cannot find metadata tag 65576
07-31 05:51:15.336 19580 19743 W native  : W0000 00:00:1659246675.336065   19743 throttled_thread_pool.cc:61] INVALID_ARGUMENT: TemporalRateLimiter end time must be after previous triggers.
07-31 05:51:15.336 19580 19743 W native  : === Source Location Trace: ===
07-31 05:51:15.336 19580 19743 W native  : ./vr/perception/depth/projects/motion_stereo/throttled_thread_pool/temporal_rate_limiter.h:127
07-31 05:51:15.336 19580 19743 W native  : vr/perception/depth/projects/motion_stereo/throttled_thread_pool/prioritized_temporal_rate_limiter.cc:80
07-31 05:51:15.336 19580 19743 W native  :
07-31 05:51:15.338 19580 19580 E ACameraMetadata: getConstEntry: cannot find metadata tag 65576
07-31 05:51:15.339 19580 19580 D EGL_emulation: eglMakeCurrent: 0xb1952a80: ver 3 0 (tinfo 0xd4e6bbe0)
07-31 05:51:15.340 19580 19580 D EGL_emulation: eglMakeCurrent: 0xbfe7ab60: ver 3 0 (tinfo 0xd4e6bbe0)
07-31 05:51:15.341 19580 19580 D EGL_emulation: eglMakeCurrent: 0xb1952a80: ver 3 0 (tinfo 0xd4e6bbe0)
07-31 05:51:15.342 19580 19580 D EGL_emulation: eglMakeCurrent: 0xbfe7ab60: ver 3 0 (tinfo 0xd4e6bbe0)
07-31 05:51:15.343 19580 19580 E native  : E0000 00:00:1659246675.343128   19580 hit_test.cc:428] INTERNAL: No point hit.
07-31 05:51:15.346 19580 19580 E eglCodecCommon: glUtilsParamSize: unknow param 0x00008919
07-31 05:51:15.346 19580 19580 E eglCodecCommon: glUtilsParamSize: unknow param 0x00008919
07-31 05:51:15.348 19580 19689 D eglCodecCommon: setVertexArrayObject: set vao to 2 (2) 13 11
07-31 05:51:15.349 19580 19689 D eglCodecCommon: setVertexArrayObject: set vao to 1 (1) 13 2
07-31 05:51:15.368 19580 19751 E ACameraMetadata: getConstEntry: cannot find metadata tag 65576
07-31 05:51:15.375 19580 19580 E ACameraMetadata: getConstEntry: cannot find metadata tag 65576
07-31 05:51:15.375 19580 19580 D EGL_emulation: eglMakeCurrent: 0xb1952a80: ver 3 0 (tinfo 0xd4e6bbe0)
07-31 05:51:15.378 19580 19580 D EGL_emulation: eglMakeCurrent: 0xbfe7ab60: ver 3 0 (tinfo 0xd4e6bbe0)
07-31 05:51:15.379 19580 19580 D EGL_emulation: eglMakeCurrent: 0xb1952a80: ver 3 0 (tinfo 0xd4e6bbe0)
07-31 05:51:15.380 19580 19580 D EGL_emulation: eglMakeCurrent: 0xbfe7ab60: ver 3 0 (tinfo 0xd4e6bbe0)
07-31 05:51:15.381 19580 19580 E native  : E0000 00:00:1659246675.381077   19580 hit_test.cc:428] INTERNAL: No point hit.
07-31 05:51:15.383 19580 19580 E eglCodecCommon: glUtilsParamSize: unknow param 0x00008919
07-31 05:51:15.383 19580 19580 E eglCodecCommon: glUtilsParamSize: unknow param 0x00008919
07-31 05:51:15.386 19580 19689 D eglCodecCommon: setVertexArrayObject: set vao to 2 (2) 13 11
07-31 05:51:15.398 19580 19689 D eglCodecCommon: setVertexArrayObject: set vao to 1 (1) 13 2
07-31 05:51:15.407 19580 19751 E ACameraMetadata: getConstEntry: cannot find metadata tag 65576
07-31 05:51:15.412 19580 19580 E ACameraMetadata: getConstEntry: cannot find metadata tag 65576
07-31 05:51:15.412 19580 19580 D EGL_emulation: eglMakeCurrent: 0xb1952a80: ver 3 0 (tinfo 0xd4e6bbe0)
07-31 05:51:15.418 19580 19580 D EGL_emulation: eglMakeCurrent: 0xbfe7ab60: ver 3 0 (tinfo 0xd4e6bbe0)
07-31 05:51:15.420 19580 19580 D EGL_emulation: eglMakeCurrent: 0xb1952a80: ver 3 0 (tinfo 0xd4e6bbe0)
07-31 05:51:15.421 19580 19580 D EGL_emulation: eglMakeCurrent: 0xbfe7ab60: ver 3 0 (tinfo 0xd4e6bbe0)
07-31 05:51:15.422 19580 19580 E native  : E0000 00:00:1659246675.422354   19580 hit_test.cc:428] INTERNAL: No point hit.
07-31 05:51:15.437 19580 19580 E eglCodecCommon: glUtilsParamSize: unknow param 0x00008919
07-31 05:51:15.437 19580 19580 E eglCodecCommon: glUtilsParamSize: unknow param 0x00008919
07-31 05:51:15.438 19580 19751 E ACameraMetadata: getConstEntry: cannot find metadata tag 65576
07-31 05:51:15.440 19580 19689 D eglCodecCommon: setVertexArrayObject: set vao to 2 (2) 13 11
07-31 05:51:15.441 19580 19689 D eglCodecCommon: setVertexArrayObject: set vao to 1 (1) 13 2
07-31 05:51:15.443 19580 19580 E ACameraMetadata: getConstEntry: cannot find metadata tag 65576
07-31 05:51:15.443 19580 19580 D EGL_emulation: eglMakeCurrent: 0xb1952a80: ver 3 0 (tinfo 0xd4e6bbe0)
07-31 05:51:15.446 19580 19580 D EGL_emulation: eglMakeCurrent: 0xbfe7ab60: ver 3 0 (tinfo 0xd4e6bbe0)
07-31 05:51:15.452 19580 19580 D EGL_emulation: eglMakeCurrent: 0xb1952a80: ver 3 0 (tinfo 0xd4e6bbe0)
07-31 05:51:15.454 19580 19580 D EGL_emulation: eglMakeCurrent: 0xbfe7ab60: ver 3 0 (tinfo 0xd4e6bbe0)
07-31 05:51:15.456 19580 19580 E native  : E0000 00:00:1659246675.456402   19580 hit_test.cc:428] INTERNAL: No point hit.
07-31 05:51:15.469 19580 19580 E eglCodecCommon: glUtilsParamSize: unknow param 0x00008919
07-31 05:51:15.469 19580 19580 E eglCodecCommon: glUtilsParamSize: unknow param 0x00008919
07-31 05:51:15.472 19580 19689 D eglCodecCommon: setVertexArrayObject: set vao to 2 (2) 13 11
07-31 05:51:15.473  1806  1965 E audio_hw_generic: pcm_write failed cannot write stream data: I/O error
07-31 05:51:15.473 19580 19689 D eglCodecCommon: setVertexArrayObject: set vao to 1 (1) 13 2
07-31 05:51:15.479 19580 19751 E ACameraMetadata: getConstEntry: cannot find metadata tag 65576
07-31 05:51:15.483 19580 19580 E ACameraMetadata: getConstEntry: cannot find metadata tag 65576
07-31 05:51:15.485 19580 19580 D EGL_emulation: eglMakeCurrent: 0xb1952a80: ver 3 0 (tinfo 0xd4e6bbe0)
07-31 05:51:15.489 19580 19580 D EGL_emulation: eglMakeCurrent: 0xbfe7ab60: ver 3 0 (tinfo 0xd4e6bbe0)
07-31 05:51:15.491 19580 19580 D EGL_emulation: eglMakeCurrent: 0xb1952a80: ver 3 0 (tinfo 0xd4e6bbe0)
07-31 05:51:15.502 19580 19580 D EGL_emulation: eglMakeCurrent: 0xbfe7ab60: ver 3 0 (tinfo 0xd4e6bbe0)
07-31 05:51:15.505 19580 19580 E native  : E0000 00:00:1659246675.505224   19580 hit_test.cc:428] INTERNAL: No point hit.
07-31 05:51:15.508 19580 19580 E eglCodecCommon: glUtilsParamSize: unknow param 0x00008919
07-31 05:51:15.508 19580 19580 E eglCodecCommon: glUtilsParamSize: unknow param 0x00008919
07-31 05:51:15.510 19580 19689 D eglCodecCommon: setVertexArrayObject: set vao to 2 (2) 13 11
07-31 05:51:15.511 19580 19689 D eglCodecCommon: setVertexArrayObject: set vao to 1 (1) 13 2
07-31 05:51:15.512 19580 19751 E ACameraMetadata: getConstEntry: cannot find metadata tag 65576
07-31 05:51:15.514 19580 19580 E ACameraMetadata: getConstEntry: cannot find metadata tag 65576
07-31 05:51:15.514 19580 19580 D EGL_emulation: eglMakeCurrent: 0xb1952a80: ver 3 0 (tinfo 0xd4e6bbe0)
07-31 05:51:15.518 19580 19580 D EGL_emulation: eglMakeCurrent: 0xbfe7ab60: ver 3 0 (tinfo 0xd4e6bbe0)
07-31 05:51:15.520 19580 19580 D EGL_emulation: eglMakeCurrent: 0xb1952a80: ver 3 0 (tinfo 0xd4e6bbe0)
07-31 05:51:15.523 19580 19580 D EGL_emulation: eglMakeCurrent: 0xbfe7ab60: ver 3 0 (tinfo 0xd4e6bbe0)
07-31 05:51:15.530 19580 19580 E native  : E0000 00:00:1659246675.530234   19580 hit_test.cc:428] INTERNAL: No point hit.
07-31 05:51:15.539 19580 19580 E eglCodecCommon: glUtilsParamSize: unknow param 0x00008919
07-31 05:51:15.540 19580 19580 E eglCodecCommon: glUtilsParamSize: unknow param 0x00008919
07-31 05:51:15.541 19580 19751 E ACameraMetadata: getConstEntry: cannot find metadata tag 65576
07-31 05:51:15.545 19580 19689 D eglCodecCommon: setVertexArrayObject: set vao to 2 (2) 13 11
07-31 05:51:15.546 19580 19689 D eglCodecCommon: setVertexArrayObject: set vao to 1 (1) 13 2
07-31 05:51:15.547 19580 19580 E ACameraMetadata: getConstEntry: cannot find metadata tag 65576
07-31 05:51:15.550 19580 19580 D EGL_emulation: eglMakeCurrent: 0xb1952a80: ver 3 0 (tinfo 0xd4e6bbe0)
07-31 05:51:15.554 19580 19580 D EGL_emulation: eglMakeCurrent: 0xbfe7ab60: ver 3 0 (tinfo 0xd4e6bbe0)
07-31 05:51:15.555 19580 19580 D EGL_emulation: eglMakeCurrent: 0xb1952a80: ver 3 0 (tinfo 0xd4e6bbe0)
07-31 05:51:15.565 19580 19580 D EGL_emulation: eglMakeCurrent: 0xbfe7ab60: ver 3 0 (tinfo 0xd4e6bbe0)
07-31 05:51:15.573 19580 19580 E native  : E0000 00:00:1659246675.573027   19580 hit_test.cc:428] INTERNAL: No point hit.
07-31 05:51:15.575 19580 19751 E ACameraMetadata: getConstEntry: cannot find metadata tag 65576
07-31 05:51:15.579 19580 19580 E eglCodecCommon: glUtilsParamSize: unknow param 0x00008919
07-31 05:51:15.579 19580 19580 E eglCodecCommon: glUtilsParamSize: unknow param 0x00008919
07-31 05:51:15.587 19580 19689 D eglCodecCommon: setVertexArrayObject: set vao to 2 (2) 13 11
07-31 05:51:15.587 19580 19689 D eglCodecCommon: setVertexArrayObject: set vao to 1 (1) 13 2
07-31 05:51:15.588 19580 19580 E ACameraMetadata: getConstEntry: cannot find metadata tag 65576
07-31 05:51:15.589 19580 19580 D EGL_emulation: eglMakeCurrent: 0xb1952a80: ver 3 0 (tinfo 0xd4e6bbe0)
07-31 05:51:15.591 19580 19580 D EGL_emulation: eglMakeCurrent: 0xbfe7ab60: ver 3 0 (tinfo 0xd4e6bbe0)
07-31 05:51:15.594 19580 19580 D EGL_emulation: eglMakeCurrent: 0xb1952a80: ver 3 0 (tinfo 0xd4e6bbe0)
07-31 05:51:15.605 19580 19580 D EGL_emulation: eglMakeCurrent: 0xbfe7ab60: ver 3 0 (tinfo 0xd4e6bbe0)
07-31 05:51:15.606 19580 19580 E native  : E0000 00:00:1659246675.606893   19580 hit_test.cc:428] INTERNAL: No point hit.
07-31 05:51:15.609 19580 19580 E eglCodecCommon: glUtilsParamSize: unknow param 0x00008919
07-31 05:51:15.609 19580 19580 E eglCodecCommon: glUtilsParamSize: unknow param 0x00008919
07-31 05:51:15.610 19580 19751 E ACameraMetadata: getConstEntry: cannot find metadata tag 65576
07-31 05:51:15.617 19580 19689 D eglCodecCommon: setVertexArrayObject: set vao to 2 (2) 13 11
07-31 05:51:15.618 19580 19689 D eglCodecCommon: setVertexArrayObject: set vao to 1 (1) 13 2
07-31 05:51:15.618 19580 19580 E ACameraMetadata: getConstEntry: cannot find metadata tag 65576
07-31 05:51:15.619 19580 19580 D EGL_emulation: eglMakeCurrent: 0xb1952a80: ver 3 0 (tinfo 0xd4e6bbe0)
07-31 05:51:15.622 19580 19580 D EGL_emulation: eglMakeCurrent: 0xbfe7ab60: ver 3 0 (tinfo 0xd4e6bbe0)
07-31 05:51:15.623 19580 19580 D EGL_emulation: eglMakeCurrent: 0xb1952a80: ver 3 0 (tinfo 0xd4e6bbe0)
07-31 05:51:15.625 19580 19580 D EGL_emulation: eglMakeCurrent: 0xbfe7ab60: ver 3 0 (tinfo 0xd4e6bbe0)
07-31 05:51:15.628 19580 19580 E native  : E0000 00:00:1659246675.628760   19580 hit_test.cc:428] INTERNAL: No point hit.
07-31 05:51:15.638 19580 19580 E eglCodecCommon: glUtilsParamSize: unknow param 0x00008919
07-31 05:51:15.638 19580 19580 E eglCodecCommon: glUtilsParamSize: unknow param 0x00008919
07-31 05:51:15.641 19580 19689 D eglCodecCommon: setVertexArrayObject: set vao to 2 (2) 13 11
07-31 05:51:15.642 19580 19689 D eglCodecCommon: setVertexArrayObject: set vao to 1 (1) 13 2
07-31 05:51:15.645 19580 19751 E ACameraMetadata: getConstEntry: cannot find metadata tag 65576
07-31 05:51:15.651 19580 19580 E ACameraMetadata: getConstEntry: cannot find metadata tag 65576
07-31 05:51:15.651 19580 19580 D EGL_emulation: eglMakeCurrent: 0xb1952a80: ver 3 0 (tinfo 0xd4e6bbe0)
07-31 05:51:15.655 19580 19580 D EGL_emulation: eglMakeCurrent: 0xbfe7ab60: ver 3 0 (tinfo 0xd4e6bbe0)
07-31 05:51:15.656 19580 19580 D EGL_emulation: eglMakeCurrent: 0xb1952a80: ver 3 0 (tinfo 0xd4e6bbe0)
07-31 05:51:15.657 19580 19580 D EGL_emulation: eglMakeCurrent: 0xbfe7ab60: ver 3 0 (tinfo 0xd4e6bbe0)
07-31 05:51:15.658 19580 19580 E native  : E0000 00:00:1659246675.658660   19580 hit_test.cc:428] INTERNAL: No point hit.
07-31 05:51:15.660 19580 19580 E eglCodecCommon: glUtilsParamSize: unknow param 0x00008919
07-31 05:51:15.660 19580 19580 E eglCodecCommon: glUtilsParamSize: unknow param 0x00008919
07-31 05:51:15.662 19580 19689 D eglCodecCommon: setVertexArrayObject: set vao to 2 (2) 13 11
07-31 05:51:15.663 19580 19689 D eglCodecCommon: setVertexArrayObject: set vao to 1 (1) 13 2
07-31 05:51:15.680 19580 19751 E ACameraMetadata: getConstEntry: cannot find metadata tag 65576
07-31 05:51:15.684 19580 19580 E ACameraMetadata: getConstEntry: cannot find metadata tag 65576
07-31 05:51:15.686 19580 19580 D EGL_emulation: eglMakeCurrent: 0xb1952a80: ver 3 0 (tinfo 0xd4e6bbe0)
07-31 05:51:15.689 19580 19580 D EGL_emulation: eglMakeCurrent: 0xbfe7ab60: ver 3 0 (tinfo 0xd4e6bbe0)
07-31 05:51:15.690 19580 19580 D EGL_emulation: eglMakeCurrent: 0xb1952a80: ver 3 0 (tinfo 0xd4e6bbe0)
07-31 05:51:15.691 19580 19580 D EGL_emulation: eglMakeCurrent: 0xbfe7ab60: ver 3 0 (tinfo 0xd4e6bbe0)
07-31 05:51:15.693 19580 19580 E native  : E0000 00:00:1659246675.693002   19580 hit_test.cc:428] INTERNAL: No point hit.
07-31 05:51:15.696 19580 19580 E eglCodecCommon: glUtilsParamSize: unknow param 0x00008919
07-31 05:51:15.696 19580 19580 E eglCodecCommon: glUtilsParamSize: unknow param 0x00008919
07-31 05:51:15.699 19580 19689 D eglCodecCommon: setVertexArrayObject: set vao to 2 (2) 13 11
07-31 05:51:15.700 19580 19689 D eglCodecCommon: setVertexArrayObject: set vao to 1 (1) 13 2
07-31 05:51:15.720 19580 19751 E ACameraMetadata: getConstEntry: cannot find metadata tag 65576
07-31 05:51:15.725 19580 19580 E ACameraMetadata: getConstEntry: cannot find metadata tag 65576
07-31 05:51:15.727 19580 19580 D EGL_emulation: eglMakeCurrent: 0xb1952a80: ver 3 0 (tinfo 0xd4e6bbe0)
07-31 05:51:15.729 19580 19580 D EGL_emulation: eglMakeCurrent: 0xbfe7ab60: ver 3 0 (tinfo 0xd4e6bbe0)
07-31 05:51:15.731 19580 19580 D EGL_emulation: eglMakeCurrent: 0xb1952a80: ver 3 0 (tinfo 0xd4e6bbe0)
07-31 05:51:15.734 19580 19580 D EGL_emulation: eglMakeCurrent: 0xbfe7ab60: ver 3 0 (tinfo 0xd4e6bbe0)
07-31 05:51:15.735 19580 19580 E native  : E0000 00:00:1659246675.735186   19580 hit_test.cc:428] INTERNAL: No point hit.
07-31 05:51:15.742 19580 19580 E eglCodecCommon: glUtilsParamSize: unknow param 0x00008919
07-31 05:51:15.742 19580 19580 E eglCodecCommon: glUtilsParamSize: unknow param 0x00008919
07-31 05:51:15.747 19580 19689 D eglCodecCommon: setVertexArrayObject: set vao to 2 (2) 13 11
07-31 05:51:15.748 19580 19751 E ACameraMetadata: getConstEntry: cannot find metadata tag 65576
07-31 05:51:15.748 19580 19689 D eglCodecCommon: setVertexArrayObject: set vao to 1 (1) 13 2
07-31 05:51:15.751 19580 19580 E ACameraMetadata: getConstEntry: cannot find metadata tag 65576
07-31 05:51:15.757 19580 19580 D EGL_emulation: eglMakeCurrent: 0xb1952a80: ver 3 0 (tinfo 0xd4e6bbe0)
07-31 05:51:15.760 19580 19580 D EGL_emulation: eglMakeCurrent: 0xbfe7ab60: ver 3 0 (tinfo 0xd4e6bbe0)
07-31 05:51:15.763 19580 19580 D EGL_emulation: eglMakeCurrent: 0xb1952a80: ver 3 0 (tinfo 0xd4e6bbe0)
07-31 05:51:15.765 19580 19580 D EGL_emulation: eglMakeCurrent: 0xbfe7ab60: ver 3 0 (tinfo 0xd4e6bbe0)
07-31 05:51:15.767 19580 19580 E native  : E0000 00:00:1659246675.767629   19580 hit_test.cc:428] INTERNAL: No point hit.
07-31 05:51:15.776 19580 19580 E eglCodecCommon: glUtilsParamSize: unknow param 0x00008919
07-31 05:51:15.779 19580 19580 E eglCodecCommon: glUtilsParamSize: unknow param 0x00008919
07-31 05:51:15.782 19580 19689 D eglCodecCommon: setVertexArrayObject: set vao to 2 (2) 13 11
07-31 05:51:15.783 19580 19689 D eglCodecCommon: setVertexArrayObject: set vao to 1 (1) 13 2
07-31 05:51:15.787 19580 19751 E ACameraMetadata: getConstEntry: cannot find metadata tag 65576
07-31 05:51:15.788 19580 19580 E ACameraMetadata: getConstEntry: cannot find metadata tag 65576
07-31 05:51:15.789 19580 19580 D EGL_emulation: eglMakeCurrent: 0xb1952a80: ver 3 0 (tinfo 0xd4e6bbe0)
07-31 05:51:15.791 19580 19580 D EGL_emulation: eglMakeCurrent: 0xbfe7ab60: ver 3 0 (tinfo 0xd4e6bbe0)
07-31 05:51:15.793 19580 19580 D EGL_emulation: eglMakeCurrent: 0xb1952a80: ver 3 0 (tinfo 0xd4e6bbe0)
07-31 05:51:15.795 19580 19580 D EGL_emulation: eglMakeCurrent: 0xbfe7ab60: ver 3 0 (tinfo 0xd4e6bbe0)
07-31 05:51:15.796 19580 19580 E native  : E0000 00:00:1659246675.796090   19580 hit_test.cc:428] INTERNAL: No point hit.
07-31 05:51:15.798 19580 19580 E eglCodecCommon: glUtilsParamSize: unknow param 0x00008919
07-31 05:51:15.798 19580 19580 E eglCodecCommon: glUtilsParamSize: unknow param 0x00008919
07-31 05:51:15.799 19580 19689 D eglCodecCommon: setVertexArrayObject: set vao to 2 (2) 13 11
07-31 05:51:15.801 19580 19689 D eglCodecCommon: setVertexArrayObject: set vao to 1 (1) 13 2
07-31 05:51:15.826 19580 19751 E ACameraMetadata: getConstEntry: cannot find metadata tag 65576
07-31 05:51:15.837 19580 19580 E ACameraMetadata: getConstEntry: cannot find metadata tag 65576
07-31 05:51:15.841 19580 19580 D EGL_emulation: eglMakeCurrent: 0xb1952a80: ver 3 0 (tinfo 0xd4e6bbe0)
07-31 05:51:15.847 19580 19580 D EGL_emulation: eglMakeCurrent: 0xbfe7ab60: ver 3 0 (tinfo 0xd4e6bbe0)
07-31 05:51:15.853 19580 19580 D EGL_emulation: eglMakeCurrent: 0xb1952a80: ver 3 0 (tinfo 0xd4e6bbe0)
07-31 05:51:15.856 19580 19580 D EGL_emulation: eglMakeCurrent: 0xbfe7ab60: ver 3 0 (tinfo 0xd4e6bbe0)
07-31 05:51:15.859 19580 19580 E native  : E0000 00:00:1659246675.859341   19580 hit_test.cc:428] INTERNAL: No point hit.
07-31 05:51:15.862 19580 19580 E eglCodecCommon: glUtilsParamSize: unknow param 0x00008919
07-31 05:51:15.862 19580 19580 E eglCodecCommon: glUtilsParamSize: unknow param 0x00008919
07-31 05:51:15.862 19580 19751 E ACameraMetadata: getConstEntry: cannot find metadata tag 65576
07-31 05:51:15.864 19580 19689 D eglCodecCommon: setVertexArrayObject: set vao to 2 (2) 13 11
07-31 05:51:15.865 19580 19689 D eglCodecCommon: setVertexArrayObject: set vao to 1 (1) 13 2
07-31 05:51:15.867 19580 19580 E ACameraMetadata: getConstEntry: cannot find metadata tag 65576
07-31 05:51:15.868 19580 19580 D EGL_emulation: eglMakeCurrent: 0xb1952a80: ver 3 0 (tinfo 0xd4e6bbe0)
07-31 05:51:15.869 19580 19580 D EGL_emulation: eglMakeCurrent: 0xbfe7ab60: ver 3 0 (tinfo 0xd4e6bbe0)
07-31 05:51:15.870 19580 19580 D EGL_emulation: eglMakeCurrent: 0xb1952a80: ver 3 0 (tinfo 0xd4e6bbe0)
07-31 05:51:15.872 19580 19580 D EGL_emulation: eglMakeCurrent: 0xbfe7ab60: ver 3 0 (tinfo 0xd4e6bbe0)
07-31 05:51:15.879 19580 19580 E native  : E0000 00:00:1659246675.879337   19580 hit_test.cc:428] INTERNAL: No point hit.
07-31 05:51:15.883 19580 19580 E eglCodecCommon: glUtilsParamSize: unknow param 0x00008919
07-31 05:51:15.884 19580 19580 E eglCodecCommon: glUtilsParamSize: unknow param 0x00008919
07-31 05:51:15.887 19580 19689 D eglCodecCommon: setVertexArrayObject: set vao to 2 (2) 13 11
07-31 05:51:15.888 19580 19689 D eglCodecCommon: setVertexArrayObject: set vao to 1 (1) 13 2
07-31 05:51:15.890 19580 19751 E ACameraMetadata: getConstEntry: cannot find metadata tag 65576
07-31 05:51:15.893 19580 19580 E ACameraMetadata: getConstEntry: cannot find metadata tag 65576
07-31 05:51:15.894 19580 19580 D EGL_emulation: eglMakeCurrent: 0xb1952a80: ver 3 0 (tinfo 0xd4e6bbe0)
07-31 05:51:15.896 19580 19580 D EGL_emulation: eglMakeCurrent: 0xbfe7ab60: ver 3 0 (tinfo 0xd4e6bbe0)
07-31 05:51:15.897 19580 19580 D EGL_emulation: eglMakeCurrent: 0xb1952a80: ver 3 0 (tinfo 0xd4e6bbe0)
07-31 05:51:15.899 19580 19580 D EGL_emulation: eglMakeCurrent: 0xbfe7ab60: ver 3 0 (tinfo 0xd4e6bbe0)
07-31 05:51:15.900 19580 19580 E native  : E0000 00:00:1659246675.900651   19580 hit_test.cc:428] INTERNAL: No point hit.
07-31 05:51:15.902 19580 19580 E eglCodecCommon: glUtilsParamSize: unknow param 0x00008919
07-31 05:51:15.903 19580 19580 E eglCodecCommon: glUtilsParamSize: unknow param 0x00008919
07-31 05:51:15.905 19580 19689 D eglCodecCommon: setVertexArrayObject: set vao to 2 (2) 13 11
07-31 05:51:15.906 19580 19689 D eglCodecCommon: setVertexArrayObject: set vao to 1 (1) 13 2
07-31 05:51:15.923 19580 19751 E ACameraMetadata: getConstEntry: cannot find metadata tag 65576
07-31 05:51:15.929 19580 19580 E ACameraMetadata: getConstEntry: cannot find metadata tag 65576
07-31 05:51:15.933 19580 19580 D EGL_emulation: eglMakeCurrent: 0xb1952a80: ver 3 0 (tinfo 0xd4e6bbe0)
07-31 05:51:15.935 19580 19580 D EGL_emulation: eglMakeCurrent: 0xbfe7ab60: ver 3 0 (tinfo 0xd4e6bbe0)
07-31 05:51:15.937 19580 19580 D EGL_emulation: eglMakeCurrent: 0xb1952a80: ver 3 0 (tinfo 0xd4e6bbe0)
07-31 05:51:15.939 19580 19580 D EGL_emulation: eglMakeCurrent: 0xbfe7ab60: ver 3 0 (tinfo 0xd4e6bbe0)
07-31 05:51:15.939 19580 19580 E native  : E0000 00:00:1659246675.939941   19580 hit_test.cc:428] INTERNAL: No point hit.
07-31 05:51:15.942 19580 19580 E eglCodecCommon: glUtilsParamSize: unknow param 0x00008919
07-31 05:51:15.942 19580 19580 E eglCodecCommon: glUtilsParamSize: unknow param 0x00008919
07-31 05:51:15.943 19580 19689 D eglCodecCommon: setVertexArrayObject: set vao to 2 (2) 13 11
07-31 05:51:15.944 19580 19689 D eglCodecCommon: setVertexArrayObject: set vao to 1 (1) 13 2
07-31 05:51:15.970 19580 19751 E ACameraMetadata: getConstEntry: cannot find metadata tag 65576
07-31 05:51:15.975 19580 19580 E ACameraMetadata: getConstEntry: cannot find metadata tag 65576
07-31 05:51:15.976 19580 19580 D EGL_emulation: eglMakeCurrent: 0xb1952a80: ver 3 0 (tinfo 0xd4e6bbe0)
07-31 05:51:15.979 19580 19580 D EGL_emulation: eglMakeCurrent: 0xbfe7ab60: ver 3 0 (tinfo 0xd4e6bbe0)
07-31 05:51:15.985 19580 19580 D EGL_emulation: eglMakeCurrent: 0xb1952a80: ver 3 0 (tinfo 0xd4e6bbe0)
07-31 05:51:15.991 19580 19580 D EGL_emulation: eglMakeCurrent: 0xbfe7ab60: ver 3 0 (tinfo 0xd4e6bbe0)
07-31 05:51:15.992 19580 19580 E native  : E0000 00:00:1659246675.992904   19580 hit_test.cc:428] INTERNAL: No point hit.
07-31 05:51:15.996 19580 19580 E eglCodecCommon: glUtilsParamSize: unknow param 0x00008919
07-31 05:51:15.997 19580 19580 E eglCodecCommon: glUtilsParamSize: unknow param 0x00008919
07-31 05:51:15.999 19580 19751 E ACameraMetadata: getConstEntry: cannot find metadata tag 65576
07-31 05:51:15.999 19580 19689 D eglCodecCommon: setVertexArrayObject: set vao to 2 (2) 13 11
07-31 05:51:16.000 19580 19689 D eglCodecCommon: setVertexArrayObject: set vao to 1 (1) 13 2
07-31 05:51:16.002 19580 19580 E ACameraMetadata: getConstEntry: cannot find metadata tag 65576
07-31 05:51:16.004 19580 19580 D EGL_emulation: eglMakeCurrent: 0xb1952a80: ver 3 0 (tinfo 0xd4e6bbe0)
07-31 05:51:16.005 19580 19580 D EGL_emulation: eglMakeCurrent: 0xbfe7ab60: ver 3 0 (tinfo 0xd4e6bbe0)
07-31 05:51:16.007 19580 19580 D EGL_emulation: eglMakeCurrent: 0xb1952a80: ver 3 0 (tinfo 0xd4e6bbe0)
07-31 05:51:16.020 19580 19580 D EGL_emulation: eglMakeCurrent: 0xbfe7ab60: ver 3 0 (tinfo 0xd4e6bbe0)
07-31 05:51:16.027 19580 19580 E native  : E0000 00:00:1659246676.027600   19580 hit_test.cc:428] INTERNAL: No point hit.
07-31 05:51:16.030 19580 19751 E ACameraMetadata: getConstEntry: cannot find metadata tag 65576
07-31 05:51:16.032 19580 19580 E eglCodecCommon: glUtilsParamSize: unknow param 0x00008919
07-31 05:51:16.032 19580 19580 E eglCodecCommon: glUtilsParamSize: unknow param 0x00008919
07-31 05:51:16.036 19580 19689 D eglCodecCommon: setVertexArrayObject: set vao to 2 (2) 13 11
07-31 05:51:16.037 19580 19689 D eglCodecCommon: setVertexArrayObject: set vao to 1 (1) 13 2
07-31 05:51:16.039 19580 19580 E ACameraMetadata: getConstEntry: cannot find metadata tag 65576
07-31 05:51:16.041 19580 19580 D EGL_emulation: eglMakeCurrent: 0xb1952a80: ver 3 0 (tinfo 0xd4e6bbe0)
07-31 05:51:16.043 19580 19580 D EGL_emulation: eglMakeCurrent: 0xbfe7ab60: ver 3 0 (tinfo 0xd4e6bbe0)
07-31 05:51:16.046 19580 19580 D EGL_emulation: eglMakeCurrent: 0xb1952a80: ver 3 0 (tinfo 0xd4e6bbe0)
