07-31 05:51:19.337 19580 19743 W native  : === Source Location Trace: ===
07-31 05:51:19.337 19580 19743 W native  : ./vr/perception/depth/projects/motion_stereo/throttled_thread_pool/temporal_rate_limiter.h:127
07-31 05:51:19.337 19580 19743 W native  : vr/perception/depth/projects/motion_stereo/throttled_thread_pool/prioritized_temporal_rate_limiter.cc:80
07-31 05:51:19.337 19580 19743 W native  :
07-31 05:51:19.340 19580 19580 D EGL_emulation: eglMakeCurrent: 0xb1952a80: ver 3 0 (tinfo 0xd4e6bbe0)
07-31 05:51:19.344 19580 19580 D EGL_emulation: eglMakeCurrent: 0xbfe7ab60: ver 3 0 (tinfo 0xd4e6bbe0)
07-31 05:51:19.346 19580 19580 D EGL_emulation: eglMakeCurrent: 0xb1952a80: ver 3 0 (tinfo 0xd4e6bbe0)
07-31 05:51:19.348 19580 19580 D EGL_emulation: eglMakeCurrent: 0xbfe7ab60: ver 3 0 (tinfo 0xd4e6bbe0)
07-31 05:51:19.349 19580 19580 E native  : E0000 00:00:1659246679.349965   19580 hit_test.cc:428] INTERNAL: No point hit.
07-31 05:51:19.352 19580 19580 E eglCodecCommon: glUtilsParamSize: unknow param 0x00008919
07-31 05:51:19.352 19580 19580 E eglCodecCommon: glUtilsParamSize: unknow param 0x00008919
07-31 05:51:19.354 19580 19689 D eglCodecCommon: setVertexArrayObject: set vao to 2 (2) 13 11
07-31 05:51:19.355 19580 19689 D eglCodecCommon: setVertexArrayObject: set vao to 1 (1) 13 2
07-31 05:51:19.368 19580 19580 E ACameraMetadata: getConstEntry: cannot find metadata tag 65576
07-31 05:51:19.369 19580 19751 E ACameraMetadata: getConstEntry: cannot find metadata tag 65576
07-31 05:51:19.369 19580 19580 D EGL_emulation: eglMakeCurrent: 0xb1952a80: ver 3 0 (tinfo 0xd4e6bbe0)
07-31 05:51:19.370 19580 19743 W native  : W0000 00:00:1659246679.370940   19743 throttled_thread_pool.cc:61] INVALID_ARGUMENT: TemporalRateLimiter end time must be after previous triggers.
07-31 05:51:19.370 19580 19743 W native  : === Source Location Trace: ===
07-31 05:51:19.370 19580 19743 W native  : ./vr/perception/depth/projects/motion_stereo/throttled_thread_pool/temporal_rate_limiter.h:127
07-31 05:51:19.370 19580 19743 W native  : vr/perception/depth/projects/motion_stereo/throttled_thread_pool/prioritized_temporal_rate_limiter.cc:80
07-31 05:51:19.370 19580 19743 W native  :
07-31 05:51:19.371 19580 19580 D EGL_emulation: eglMakeCurrent: 0xbfe7ab60: ver 3 0 (tinfo 0xd4e6bbe0)
07-31 05:51:19.372 19580 19580 D EGL_emulation: eglMakeCurrent: 0xb1952a80: ver 3 0 (tinfo 0xd4e6bbe0)
07-31 05:51:19.374 19580 19580 D EGL_emulation: eglMakeCurrent: 0xbfe7ab60: ver 3 0 (tinfo 0xd4e6bbe0)
07-31 05:51:19.376 19580 19580 E native  : E0000 00:00:1659246679.376834   19580 hit_test.cc:428] INTERNAL: No point hit.
07-31 05:51:19.386 19580 19580 E eglCodecCommon: glUtilsParamSize: unknow param 0x00008919
07-31 05:51:19.386 19580 19580 E eglCodecCommon: glUtilsParamSize: unknow param 0x00008919
07-31 05:51:19.388 19580 19689 D eglCodecCommon: setVertexArrayObject: set vao to 2 (2) 13 11
07-31 05:51:19.390 19580 19689 D eglCodecCommon: setVertexArrayObject: set vao to 1 (1) 13 2
07-31 05:51:19.403 19580 19751 E ACameraMetadata: getConstEntry: cannot find metadata tag 65576
07-31 05:51:19.406 19580 19743 W native  : W0000 00:00:1659246679.406149   19743 throttled_thread_pool.cc:61] INVALID_ARGUMENT: TemporalRateLimiter end time must be after previous triggers.
07-31 05:51:19.406 19580 19743 W native  : === Source Location Trace: ===
07-31 05:51:19.406 19580 19743 W native  : ./vr/perception/depth/projects/motion_stereo/throttled_thread_pool/temporal_rate_limiter.h:127
07-31 05:51:19.406 19580 19743 W native  : vr/perception/depth/projects/motion_stereo/throttled_thread_pool/prioritized_temporal_rate_limiter.cc:80
07-31 05:51:19.406 19580 19743 W native  :
07-31 05:51:19.408 19580 19580 E ACameraMetadata: getConstEntry: cannot find metadata tag 65576
07-31 05:51:19.409 19580 19580 D EGL_emulation: eglMakeCurrent: 0xb1952a80: ver 3 0 (tinfo 0xd4e6bbe0)
07-31 05:51:19.411 19580 19580 D EGL_emulation: eglMakeCurrent: 0xbfe7ab60: ver 3 0 (tinfo 0xd4e6bbe0)
07-31 05:51:19.413 19580 19580 D EGL_emulation: eglMakeCurrent: 0xb1952a80: ver 3 0 (tinfo 0xd4e6bbe0)
07-31 05:51:19.416 19580 19580 D EGL_emulation: eglMakeCurrent: 0xbfe7ab60: ver 3 0 (tinfo 0xd4e6bbe0)
07-31 05:51:19.417 19580 19580 E native  : E0000 00:00:1659246679.417416   19580 hit_test.cc:428] INTERNAL: No point hit.
07-31 05:51:19.422 19580 19580 E eglCodecCommon: glUtilsParamSize: unknow param 0x00008919
07-31 05:51:19.422 19580 19580 E eglCodecCommon: glUtilsParamSize: unknow param 0x00008919
07-31 05:51:19.426 19580 19689 D eglCodecCommon: setVertexArrayObject: set vao to 2 (2) 13 11
07-31 05:51:19.435 19580 19689 D eglCodecCommon: setVertexArrayObject: set vao to 1 (1) 13 2
07-31 05:51:19.441 19580 19751 E ACameraMetadata: getConstEntry: cannot find metadata tag 65576
07-31 05:51:19.441 19580 19580 E ACameraMetadata: getConstEntry: cannot find metadata tag 65576
07-31 05:51:19.444 19580 19580 D EGL_emulation: eglMakeCurrent: 0xb1952a80: ver 3 0 (tinfo 0xd4e6bbe0)
07-31 05:51:19.444 19580 19743 W native  : W0000 00:00:1659246679.444864   19743 throttled_thread_pool.cc:61] INVALID_ARGUMENT: TemporalRateLimiter end time must be after previous triggers.
07-31 05:51:19.444 19580 19743 W native  : === Source Location Trace: ===
07-31 05:51:19.444 19580 19743 W native  : ./vr/perception/depth/projects/motion_stereo/throttled_thread_pool/temporal_rate_limiter.h:127
07-31 05:51:19.444 19580 19743 W native  : vr/perception/depth/projects/motion_stereo/throttled_thread_pool/prioritized_temporal_rate_limiter.cc:80
07-31 05:51:19.444 19580 19743 W native  :
07-31 05:51:19.447 19580 19580 D EGL_emulation: eglMakeCurrent: 0xbfe7ab60: ver 3 0 (tinfo 0xd4e6bbe0)
07-31 05:51:19.448 19580 19580 D EGL_emulation: eglMakeCurrent: 0xb1952a80: ver 3 0 (tinfo 0xd4e6bbe0)
07-31 05:51:19.451 19580 19580 D EGL_emulation: eglMakeCurrent: 0xbfe7ab60: ver 3 0 (tinfo 0xd4e6bbe0)
07-31 05:51:19.452 19580 19580 E native  : E0000 00:00:1659246679.452234   19580 hit_test.cc:428] INTERNAL: No point hit.
07-31 05:51:19.456 19580 19580 E eglCodecCommon: glUtilsParamSize: unknow param 0x00008919
07-31 05:51:19.456 19580 19580 E eglCodecCommon: glUtilsParamSize: unknow param 0x00008919
07-31 05:51:19.458 19580 19689 D eglCodecCommon: setVertexArrayObject: set vao to 2 (2) 13 11
07-31 05:51:19.459 19580 19689 D eglCodecCommon: setVertexArrayObject: set vao to 1 (1) 13 2
07-31 05:51:19.478 19580 19751 E ACameraMetadata: getConstEntry: cannot find metadata tag 65576
07-31 05:51:19.481 19580 19743 W native  : W0000 00:00:1659246679.481077   19743 throttled_thread_pool.cc:61] INVALID_ARGUMENT: TemporalRateLimiter end time must be after previous triggers.
07-31 05:51:19.481 19580 19743 W native  : === Source Location Trace: ===
07-31 05:51:19.481 19580 19743 W native  : ./vr/perception/depth/projects/motion_stereo/throttled_thread_pool/temporal_rate_limiter.h:127
07-31 05:51:19.481 19580 19743 W native  : vr/perception/depth/projects/motion_stereo/throttled_thread_pool/prioritized_temporal_rate_limiter.cc:80
07-31 05:51:19.481 19580 19743 W native  :
07-31 05:51:19.487 19580 19580 E ACameraMetadata: getConstEntry: cannot find metadata tag 65576
07-31 05:51:19.490 19580 19580 D EGL_emulation: eglMakeCurrent: 0xb1952a80: ver 3 0 (tinfo 0xd4e6bbe0)
07-31 05:51:19.491 19580 19580 D EGL_emulation: eglMakeCurrent: 0xbfe7ab60: ver 3 0 (tinfo 0xd4e6bbe0)
07-31 05:51:19.493 19580 19580 D EGL_emulation: eglMakeCurrent: 0xb1952a80: ver 3 0 (tinfo 0xd4e6bbe0)
07-31 05:51:19.495 19580 19580 D EGL_emulation: eglMakeCurrent: 0xbfe7ab60: ver 3 0 (tinfo 0xd4e6bbe0)
07-31 05:51:19.496 19580 19580 E native  : E0000 00:00:1659246679.496751   19580 hit_test.cc:428] INTERNAL: No point hit.
07-31 05:51:19.511 19580 19751 E ACameraMetadata: getConstEntry: cannot find metadata tag 65576
07-31 05:51:19.513 19580 19580 E eglCodecCommon: glUtilsParamSize: unknow param 0x00008919
07-31 05:51:19.514 19580 19580 E eglCodecCommon: glUtilsParamSize: unknow param 0x00008919
07-31 05:51:19.514 19580 19743 W native  : W0000 00:00:1659246679.514344   19743 throttled_thread_pool.cc:61] INVALID_ARGUMENT: TemporalRateLimiter end time must be after previous triggers.
07-31 05:51:19.514 19580 19743 W native  : === Source Location Trace: ===
07-31 05:51:19.514 19580 19743 W native  : ./vr/perception/depth/projects/motion_stereo/throttled_thread_pool/temporal_rate_limiter.h:127
07-31 05:51:19.514 19580 19743 W native  : vr/perception/depth/projects/motion_stereo/throttled_thread_pool/prioritized_temporal_rate_limiter.cc:80
07-31 05:51:19.514 19580 19743 W native  :
07-31 05:51:19.516 19580 19689 D eglCodecCommon: setVertexArrayObject: set vao to 2 (2) 13 11
07-31 05:51:19.518 19580 19689 D eglCodecCommon: setVertexArrayObject: set vao to 1 (1) 13 2
07-31 05:51:19.523 19580 19580 E ACameraMetadata: getConstEntry: cannot find metadata tag 65576
07-31 05:51:19.524 19580 19580 D EGL_emulation: eglMakeCurrent: 0xb1952a80: ver 3 0 (tinfo 0xd4e6bbe0)
07-31 05:51:19.527 19580 19580 D EGL_emulation: eglMakeCurrent: 0xbfe7ab60: ver 3 0 (tinfo 0xd4e6bbe0)
07-31 05:51:19.529 19580 19580 D EGL_emulation: eglMakeCurrent: 0xb1952a80: ver 3 0 (tinfo 0xd4e6bbe0)
07-31 05:51:19.531 19580 19580 D EGL_emulation: eglMakeCurrent: 0xbfe7ab60: ver 3 0 (tinfo 0xd4e6bbe0)
07-31 05:51:19.541 19580 19580 E native  : E0000 00:00:1659246679.541136   19580 hit_test.cc:428] INTERNAL: No point hit.
07-31 05:51:19.544 19580 19580 E eglCodecCommon: glUtilsParamSize: unknow param 0x00008919
07-31 05:51:19.545 19580 19580 E eglCodecCommon: glUtilsParamSize: unknow param 0x00008919
07-31 05:51:19.547 19580 19751 E ACameraMetadata: getConstEntry: cannot find metadata tag 65576
07-31 05:51:19.547 19580 19689 D eglCodecCommon: setVertexArrayObject: set vao to 2 (2) 13 11
07-31 05:51:19.548 19580 19689 D eglCodecCommon: setVertexArrayObject: set vao to 1 (1) 13 2
07-31 05:51:19.549 19580 19743 W native  : W0000 00:00:1659246679.549685   19743 throttled_thread_pool.cc:61] INVALID_ARGUMENT: TemporalRateLimiter end time must be after previous triggers.
07-31 05:51:19.549 19580 19743 W native  : === Source Location Trace: ===
07-31 05:51:19.549 19580 19743 W native  : ./vr/perception/depth/projects/motion_stereo/throttled_thread_pool/temporal_rate_limiter.h:127
07-31 05:51:19.549 19580 19743 W native  : vr/perception/depth/projects/motion_stereo/throttled_thread_pool/prioritized_temporal_rate_limiter.cc:80
07-31 05:51:19.549 19580 19743 W native  :
07-31 05:51:19.551 19580 19580 E ACameraMetadata: getConstEntry: cannot find metadata tag 65576
07-31 05:51:19.552 19580 19580 D EGL_emulation: eglMakeCurrent: 0xb1952a80: ver 3 0 (tinfo 0xd4e6bbe0)
07-31 05:51:19.553 19580 19580 D EGL_emulation: eglMakeCurrent: 0xbfe7ab60: ver 3 0 (tinfo 0xd4e6bbe0)
07-31 05:51:19.554 19580 19580 D EGL_emulation: eglMakeCurrent: 0xb1952a80: ver 3 0 (tinfo 0xd4e6bbe0)
07-31 05:51:19.556 19580 19580 D EGL_emulation: eglMakeCurrent: 0xbfe7ab60: ver 3 0 (tinfo 0xd4e6bbe0)
07-31 05:51:19.558 19580 19580 E native  : E0000 00:00:1659246679.558760   19580 hit_test.cc:428] INTERNAL: No point hit.
07-31 05:51:19.561 19580 19580 E eglCodecCommon: glUtilsParamSize: unknow param 0x00008919
07-31 05:51:19.561 19580 19580 E eglCodecCommon: glUtilsParamSize: unknow param 0x00008919
07-31 05:51:19.569 19580 19689 D eglCodecCommon: setVertexArrayObject: set vao to 2 (2) 13 11
07-31 05:51:19.572 19580 19689 D eglCodecCommon: setVertexArrayObject: set vao to 1 (1) 13 2
07-31 05:51:19.584 19580 19580 E ACameraMetadata: getConstEntry: cannot find metadata tag 65576
07-31 05:51:19.585 19580 19580 D EGL_emulation: eglMakeCurrent: 0xb1952a80: ver 3 0 (tinfo 0xd4e6bbe0)
07-31 05:51:19.585 19580 19751 E ACameraMetadata: getConstEntry: cannot find metadata tag 65576
07-31 05:51:19.586 19580 19743 W native  : W0000 00:00:1659246679.586826   19743 throttled_thread_pool.cc:61] INVALID_ARGUMENT: TemporalRateLimiter end time must be after previous triggers.
07-31 05:51:19.586 19580 19743 W native  : === Source Location Trace: ===
07-31 05:51:19.586 19580 19743 W native  : ./vr/perception/depth/projects/motion_stereo/throttled_thread_pool/temporal_rate_limiter.h:127
07-31 05:51:19.586 19580 19743 W native  : vr/perception/depth/projects/motion_stereo/throttled_thread_pool/prioritized_temporal_rate_limiter.cc:80
07-31 05:51:19.586 19580 19743 W native  :
07-31 05:51:19.589 19580 19580 D EGL_emulation: eglMakeCurrent: 0xbfe7ab60: ver 3 0 (tinfo 0xd4e6bbe0)
07-31 05:51:19.590 19580 19580 D EGL_emulation: eglMakeCurrent: 0xb1952a80: ver 3 0 (tinfo 0xd4e6bbe0)
07-31 05:51:19.592 19580 19580 D EGL_emulation: eglMakeCurrent: 0xbfe7ab60: ver 3 0 (tinfo 0xd4e6bbe0)
07-31 05:51:19.593 19580 19580 E native  : E0000 00:00:1659246679.593045   19580 hit_test.cc:428] INTERNAL: No point hit.
07-31 05:51:19.595 19580 19580 E eglCodecCommon: glUtilsParamSize: unknow param 0x00008919
07-31 05:51:19.595 19580 19580 E eglCodecCommon: glUtilsParamSize: unknow param 0x00008919
07-31 05:51:19.597 19580 19689 D eglCodecCommon: setVertexArrayObject: set vao to 2 (2) 13 11
07-31 05:51:19.597 19580 19689 D eglCodecCommon: setVertexArrayObject: set vao to 1 (1) 13 2
07-31 05:51:19.612 19580 19751 E ACameraMetadata: getConstEntry: cannot find metadata tag 65576
07-31 05:51:19.617 19580 19580 E ACameraMetadata: getConstEntry: cannot find metadata tag 65576
07-31 05:51:19.620 19580 19580 D EGL_emulation: eglMakeCurrent: 0xb1952a80: ver 3 0 (tinfo 0xd4e6bbe0)
07-31 05:51:19.626 19580 19580 D EGL_emulation: eglMakeCurrent: 0xbfe7ab60: ver 3 0 (tinfo 0xd4e6bbe0)
07-31 05:51:19.627 19580 19580 D EGL_emulation: eglMakeCurrent: 0xb1952a80: ver 3 0 (tinfo 0xd4e6bbe0)
07-31 05:51:19.643 19580 19580 D EGL_emulation: eglMakeCurrent: 0xbfe7ab60: ver 3 0 (tinfo 0xd4e6bbe0)
07-31 05:51:19.645 19580 19751 E ACameraMetadata: getConstEntry: cannot find metadata tag 65576
07-31 05:51:19.645 19580 19580 E native  : E0000 00:00:1659246679.645749   19580 hit_test.cc:428] INTERNAL: No point hit.
07-31 05:51:19.647 19580 19580 E eglCodecCommon: glUtilsParamSize: unknow param 0x00008919
07-31 05:51:19.647 19580 19580 E eglCodecCommon: glUtilsParamSize: unknow param 0x00008919
07-31 05:51:19.649 19580 19689 D eglCodecCommon: setVertexArrayObject: set vao to 2 (2) 13 11
07-31 05:51:19.650 19580 19689 D eglCodecCommon: setVertexArrayObject: set vao to 1 (1) 13 2
07-31 05:51:19.656 19580 19580 E ACameraMetadata: getConstEntry: cannot find metadata tag 65576
07-31 05:51:19.657 19580 19580 D EGL_emulation: eglMakeCurrent: 0xb1952a80: ver 3 0 (tinfo 0xd4e6bbe0)
07-31 05:51:19.659 19580 19580 D EGL_emulation: eglMakeCurrent: 0xbfe7ab60: ver 3 0 (tinfo 0xd4e6bbe0)
07-31 05:51:19.659 19580 19580 D EGL_emulation: eglMakeCurrent: 0xb1952a80: ver 3 0 (tinfo 0xd4e6bbe0)
07-31 05:51:19.661 19580 19580 D EGL_emulation: eglMakeCurrent: 0xbfe7ab60: ver 3 0 (tinfo 0xd4e6bbe0)
07-31 05:51:19.661 19580 19580 E native  : E0000 00:00:1659246679.661847   19580 hit_test.cc:428] INTERNAL: No point hit.
07-31 05:51:19.664 19580 19580 E eglCodecCommon: glUtilsParamSize: unknow param 0x00008919
07-31 05:51:19.664 19580 19580 E eglCodecCommon: glUtilsParamSize: unknow param 0x00008919
07-31 05:51:19.667 19580 19689 D eglCodecCommon: setVertexArrayObject: set vao to 2 (2) 13 11
07-31 05:51:19.667 19580 19689 D eglCodecCommon: setVertexArrayObject: set vao to 1 (1) 13 2
07-31 05:51:19.682 19580 19751 E ACameraMetadata: getConstEntry: cannot find metadata tag 65576
07-31 05:51:19.690 19580 19580 E ACameraMetadata: getConstEntry: cannot find metadata tag 65576
07-31 05:51:19.693 19580 19580 D EGL_emulation: eglMakeCurrent: 0xb1952a80: ver 3 0 (tinfo 0xd4e6bbe0)
07-31 05:51:19.695 19580 19580 D EGL_emulation: eglMakeCurrent: 0xbfe7ab60: ver 3 0 (tinfo 0xd4e6bbe0)
07-31 05:51:19.696 19580 19580 D EGL_emulation: eglMakeCurrent: 0xb1952a80: ver 3 0 (tinfo 0xd4e6bbe0)
07-31 05:51:19.697 19580 19580 D EGL_emulation: eglMakeCurrent: 0xbfe7ab60: ver 3 0 (tinfo 0xd4e6bbe0)
07-31 05:51:19.698 19580 19580 E native  : E0000 00:00:1659246679.698263   19580 hit_test.cc:428] INTERNAL: No point hit.
07-31 05:51:19.700 19580 19580 E eglCodecCommon: glUtilsParamSize: unknow param 0x00008919
07-31 05:51:19.700 19580 19580 E eglCodecCommon: glUtilsParamSize: unknow param 0x00008919
07-31 05:51:19.701 19580 19689 D eglCodecCommon: setVertexArrayObject: set vao to 2 (2) 13 11
07-31 05:51:19.706 19580 19689 D eglCodecCommon: setVertexArrayObject: set vao to 1 (1) 13 2
07-31 05:51:19.717 19580 19580 E ACameraMetadata: getConstEntry: cannot find metadata tag 65576
07-31 05:51:19.717 19580 19751 E ACameraMetadata: getConstEntry: cannot find metadata tag 65576
07-31 05:51:19.717 19580 19580 D EGL_emulation: eglMakeCurrent: 0xb1952a80: ver 3 0 (tinfo 0xd4e6bbe0)
07-31 05:51:19.718 19580 19580 D EGL_emulation: eglMakeCurrent: 0xbfe7ab60: ver 3 0 (tinfo 0xd4e6bbe0)
07-31 05:51:19.719 19580 19580 D EGL_emulation: eglMakeCurrent: 0xb1952a80: ver 3 0 (tinfo 0xd4e6bbe0)
07-31 05:51:19.720 19580 19580 D EGL_emulation: eglMakeCurrent: 0xbfe7ab60: ver 3 0 (tinfo 0xd4e6bbe0)
07-31 05:51:19.722 19580 19580 E native  : E0000 00:00:1659246679.722077   19580 hit_test.cc:428] INTERNAL: No point hit.
07-31 05:51:19.725 19580 19580 E eglCodecCommon: glUtilsParamSize: unknow param 0x00008919
07-31 05:51:19.725 19580 19580 E eglCodecCommon: glUtilsParamSize: unknow param 0x00008919
07-31 05:51:19.727 19580 19689 D eglCodecCommon: setVertexArrayObject: set vao to 2 (2) 13 11
07-31 05:51:19.728 19580 19689 D eglCodecCommon: setVertexArrayObject: set vao to 1 (1) 13 2
07-31 05:51:19.746 19580 19580 E ACameraMetadata: getConstEntry: cannot find metadata tag 65576
07-31 05:51:19.747 19580 19751 E ACameraMetadata: getConstEntry: cannot find metadata tag 65576
07-31 05:51:19.747 19580 19580 D EGL_emulation: eglMakeCurrent: 0xb1952a80: ver 3 0 (tinfo 0xd4e6bbe0)
07-31 05:51:19.749 19580 19580 D EGL_emulation: eglMakeCurrent: 0xbfe7ab60: ver 3 0 (tinfo 0xd4e6bbe0)
07-31 05:51:19.750 19580 19580 D EGL_emulation: eglMakeCurrent: 0xb1952a80: ver 3 0 (tinfo 0xd4e6bbe0)
07-31 05:51:19.751 19580 19580 D EGL_emulation: eglMakeCurrent: 0xbfe7ab60: ver 3 0 (tinfo 0xd4e6bbe0)
07-31 05:51:19.753 19580 19580 E native  : E0000 00:00:1659246679.753421   19580 hit_test.cc:428] INTERNAL: No point hit.
07-31 05:51:19.756 19580 19580 E eglCodecCommon: glUtilsParamSize: unknow param 0x00008919
07-31 05:51:19.756 19580 19580 E eglCodecCommon: glUtilsParamSize: unknow param 0x00008919
07-31 05:51:19.759 19580 19689 D eglCodecCommon: setVertexArrayObject: set vao to 2 (2) 13 11
07-31 05:51:19.760 19580 19689 D eglCodecCommon: setVertexArrayObject: set vao to 1 (1) 13 2
07-31 05:51:19.785 19580 19751 E ACameraMetadata: getConstEntry: cannot find metadata tag 65576
07-31 05:51:19.799 19580 19580 E ACameraMetadata: getConstEntry: cannot find metadata tag 65576
07-31 05:51:19.802 19580 19580 D EGL_emulation: eglMakeCurrent: 0xb1952a80: ver 3 0 (tinfo 0xd4e6bbe0)
07-31 05:51:19.805 19580 19580 D EGL_emulation: eglMakeCurrent: 0xbfe7ab60: ver 3 0 (tinfo 0xd4e6bbe0)
07-31 05:51:19.806 19580 19580 D EGL_emulation: eglMakeCurrent: 0xb1952a80: ver 3 0 (tinfo 0xd4e6bbe0)
07-31 05:51:19.815 19580 19580 D EGL_emulation: eglMakeCurrent: 0xbfe7ab60: ver 3 0 (tinfo 0xd4e6bbe0)
07-31 05:51:19.817 19580 19751 E ACameraMetadata: getConstEntry: cannot find metadata tag 65576
07-31 05:51:19.820 19580 19580 E native  : E0000 00:00:1659246679.820280   19580 hit_test.cc:428] INTERNAL: No point hit.
07-31 05:51:19.823 19580 19580 E eglCodecCommon: glUtilsParamSize: unknow param 0x00008919
07-31 05:51:19.823 19580 19580 E eglCodecCommon: glUtilsParamSize: unknow param 0x00008919
07-31 05:51:19.824 19580 19689 D eglCodecCommon: setVertexArrayObject: set vao to 2 (2) 13 11
07-31 05:51:19.825 19580 19689 D eglCodecCommon: setVertexArrayObject: set vao to 1 (1) 13 2
07-31 05:51:19.827 19580 19580 E ACameraMetadata: getConstEntry: cannot find metadata tag 65576
07-31 05:51:19.828 19580 19580 D EGL_emulation: eglMakeCurrent: 0xb1952a80: ver 3 0 (tinfo 0xd4e6bbe0)
07-31 05:51:19.830 19580 19580 D EGL_emulation: eglMakeCurrent: 0xbfe7ab60: ver 3 0 (tinfo 0xd4e6bbe0)
07-31 05:51:19.831 19580 19580 D EGL_emulation: eglMakeCurrent: 0xb1952a80: ver 3 0 (tinfo 0xd4e6bbe0)
07-31 05:51:19.832 19580 19580 D EGL_emulation: eglMakeCurrent: 0xbfe7ab60: ver 3 0 (tinfo 0xd4e6bbe0)
07-31 05:51:19.833 19580 19580 E native  : E0000 00:00:1659246679.833470   19580 hit_test.cc:428] INTERNAL: No point hit.
07-31 05:51:19.836 19580 19580 E eglCodecCommon: glUtilsParamSize: unknow param 0x00008919
07-31 05:51:19.836 19580 19580 E eglCodecCommon: glUtilsParamSize: unknow param 0x00008919
07-31 05:51:19.838 19580 19689 D eglCodecCommon: setVertexArrayObject: set vao to 2 (2) 13 11
07-31 05:51:19.838 19580 19689 D eglCodecCommon: setVertexArrayObject: set vao to 1 (1) 13 2
07-31 05:51:19.852 19580 19751 E ACameraMetadata: getConstEntry: cannot find metadata tag 65576
07-31 05:51:19.852 19580 19580 E ACameraMetadata: getConstEntry: cannot find metadata tag 65576
07-31 05:51:19.853 19580 19580 D EGL_emulation: eglMakeCurrent: 0xb1952a80: ver 3 0 (tinfo 0xd4e6bbe0)
07-31 05:51:19.856 19580 19580 D EGL_emulation: eglMakeCurrent: 0xbfe7ab60: ver 3 0 (tinfo 0xd4e6bbe0)
07-31 05:51:19.857 19580 19580 D EGL_emulation: eglMakeCurrent: 0xb1952a80: ver 3 0 (tinfo 0xd4e6bbe0)
07-31 05:51:19.858 19580 19580 D EGL_emulation: eglMakeCurrent: 0xbfe7ab60: ver 3 0 (tinfo 0xd4e6bbe0)
07-31 05:51:19.859 19580 19580 E native  : E0000 00:00:1659246679.859339   19580 hit_test.cc:428] INTERNAL: No point hit.
07-31 05:51:19.863 19580 19580 E eglCodecCommon: glUtilsParamSize: unknow param 0x00008919
07-31 05:51:19.863 19580 19580 E eglCodecCommon: glUtilsParamSize: unknow param 0x00008919
07-31 05:51:19.867 19580 19689 D eglCodecCommon: setVertexArrayObject: set vao to 2 (2) 13 11
07-31 05:51:19.867 19580 19689 D eglCodecCommon: setVertexArrayObject: set vao to 1 (1) 13 2
07-31 05:51:19.885 19580 19580 E ACameraMetadata: getConstEntry: cannot find metadata tag 65576
07-31 05:51:19.885 19580 19751 E ACameraMetadata: getConstEntry: cannot find metadata tag 65576
07-31 05:51:19.886 19580 19580 D EGL_emulation: eglMakeCurrent: 0xb1952a80: ver 3 0 (tinfo 0xd4e6bbe0)
07-31 05:51:19.887 19580 19580 D EGL_emulation: eglMakeCurrent: 0xbfe7ab60: ver 3 0 (tinfo 0xd4e6bbe0)
07-31 05:51:19.888 19580 19580 D EGL_emulation: eglMakeCurrent: 0xb1952a80: ver 3 0 (tinfo 0xd4e6bbe0)
07-31 05:51:19.890 19580 19580 D EGL_emulation: eglMakeCurrent: 0xbfe7ab60: ver 3 0 (tinfo 0xd4e6bbe0)
07-31 05:51:19.891 19580 19580 E native  : E0000 00:00:1659246679.891221   19580 hit_test.cc:428] INTERNAL: No point hit.
07-31 05:51:19.892 19580 19580 E eglCodecCommon: glUtilsParamSize: unknow param 0x00008919
07-31 05:51:19.893 19580 19580 E eglCodecCommon: glUtilsParamSize: unknow param 0x00008919
07-31 05:51:19.895 19580 19689 D eglCodecCommon: setVertexArrayObject: set vao to 2 (2) 13 11
07-31 05:51:19.896 19580 19689 D eglCodecCommon: setVertexArrayObject: set vao to 1 (1) 13 2
07-31 05:51:19.920 19580 19580 E ACameraMetadata: getConstEntry: cannot find metadata tag 65576
07-31 05:51:19.921 19580 19580 D EGL_emulation: eglMakeCurrent: 0xb1952a80: ver 3 0 (tinfo 0xd4e6bbe0)
07-31 05:51:19.921 19580 19751 E ACameraMetadata: getConstEntry: cannot find metadata tag 65576
07-31 05:51:19.922 19580 19580 D EGL_emulation: eglMakeCurrent: 0xbfe7ab60: ver 3 0 (tinfo 0xd4e6bbe0)
07-31 05:51:19.923 19580 19580 D EGL_emulation: eglMakeCurrent: 0xb1952a80: ver 3 0 (tinfo 0xd4e6bbe0)
07-31 05:51:19.925 19580 19580 D EGL_emulation: eglMakeCurrent: 0xbfe7ab60: ver 3 0 (tinfo 0xd4e6bbe0)
07-31 05:51:19.926 19580 19580 E native  : E0000 00:00:1659246679.926597   19580 hit_test.cc:428] INTERNAL: No point hit.
07-31 05:51:19.929 19580 19580 E eglCodecCommon: glUtilsParamSize: unknow param 0x00008919
07-31 05:51:19.929 19580 19580 E eglCodecCommon: glUtilsParamSize: unknow param 0x00008919
07-31 05:51:19.931 19580 19689 D eglCodecCommon: setVertexArrayObject: set vao to 2 (2) 13 11
07-31 05:51:19.932 19580 19689 D eglCodecCommon: setVertexArrayObject: set vao to 1 (1) 13 2
07-31 05:51:19.952 19580 19751 E ACameraMetadata: getConstEntry: cannot find metadata tag 65576
07-31 05:51:19.955 19580 19580 E ACameraMetadata: getConstEntry: cannot find metadata tag 65576
07-31 05:51:19.957 19580 19580 D EGL_emulation: eglMakeCurrent: 0xb1952a80: ver 3 0 (tinfo 0xd4e6bbe0)
07-31 05:51:19.960 19580 19580 D EGL_emulation: eglMakeCurrent: 0xbfe7ab60: ver 3 0 (tinfo 0xd4e6bbe0)
07-31 05:51:19.960 19580 19580 D EGL_emulation: eglMakeCurrent: 0xb1952a80: ver 3 0 (tinfo 0xd4e6bbe0)
07-31 05:51:19.961 19580 19580 D EGL_emulation: eglMakeCurrent: 0xbfe7ab60: ver 3 0 (tinfo 0xd4e6bbe0)
07-31 05:51:19.962 19580 19580 E native  : E0000 00:00:1659246679.962285   19580 hit_test.cc:428] INTERNAL: No point hit.
07-31 05:51:19.963 19580 19580 E eglCodecCommon: glUtilsParamSize: unknow param 0x00008919
07-31 05:51:19.963 19580 19580 E eglCodecCommon: glUtilsParamSize: unknow param 0x00008919
07-31 05:51:19.965 19580 19689 D eglCodecCommon: setVertexArrayObject: set vao to 2 (2) 13 11
07-31 05:51:19.966 19580 19689 D eglCodecCommon: setVertexArrayObject: set vao to 1 (1) 13 2
07-31 05:51:19.991 19580 19751 E ACameraMetadata: getConstEntry: cannot find metadata tag 65576
07-31 05:51:19.992 19580 19580 E ACameraMetadata: getConstEntry: cannot find metadata tag 65576
07-31 05:51:19.995 19580 19580 D EGL_emulation: eglMakeCurrent: 0xb1952a80: ver 3 0 (tinfo 0xd4e6bbe0)
07-31 05:51:20.001 19580 19580 D EGL_emulation: eglMakeCurrent: 0xbfe7ab60: ver 3 0 (tinfo 0xd4e6bbe0)
07-31 05:51:20.005 19580 19580 D EGL_emulation: eglMakeCurrent: 0xb1952a80: ver 3 0 (tinfo 0xd4e6bbe0)
07-31 05:51:20.007 19580 19580 D EGL_emulation: eglMakeCurrent: 0xbfe7ab60: ver 3 0 (tinfo 0xd4e6bbe0)
07-31 05:51:20.009 19580 19580 E native  : E0000 00:00:1659246680.009678   19580 hit_test.cc:428] INTERNAL: No point hit.
07-31 05:51:20.020 19580 19580 E eglCodecCommon: glUtilsParamSize: unknow param 0x00008919
07-31 05:51:20.021 19580 19580 E eglCodecCommon: glUtilsParamSize: unknow param 0x00008919
07-31 05:51:20.027 19580 19751 E ACameraMetadata: getConstEntry: cannot find metadata tag 65576
07-31 05:51:20.027 19580 19689 D eglCodecCommon: setVertexArrayObject: set vao to 2 (2) 13 11
07-31 05:51:20.029 19580 19689 D eglCodecCommon: setVertexArrayObject: set vao to 1 (1) 13 2
07-31 05:51:20.030 19580 19580 E ACameraMetadata: getConstEntry: cannot find metadata tag 65576
07-31 05:51:20.030 19580 19580 D EGL_emulation: eglMakeCurrent: 0xb1952a80: ver 3 0 (tinfo 0xd4e6bbe0)
07-31 05:51:20.035 19580 19580 D EGL_emulation: eglMakeCurrent: 0xbfe7ab60: ver 3 0 (tinfo 0xd4e6bbe0)
07-31 05:51:20.037 19580 19580 D EGL_emulation: eglMakeCurrent: 0xb1952a80: ver 3 0 (tinfo 0xd4e6bbe0)
07-31 05:51:20.038 19580 19580 D EGL_emulation: eglMakeCurrent: 0xbfe7ab60: ver 3 0 (tinfo 0xd4e6bbe0)
07-31 05:51:20.040 19580 19580 E native  : E0000 00:00:1659246680.040285   19580 hit_test.cc:428] INTERNAL: No point hit.
07-31 05:51:20.045 19580 19580 E eglCodecCommon: glUtilsParamSize: unknow param 0x00008919
07-31 05:51:20.045 19580 19580 E eglCodecCommon: glUtilsParamSize: unknow param 0x00008919
07-31 05:51:20.060 19580 19689 D eglCodecCommon: setVertexArrayObject: set vao to 2 (2) 13 11
07-31 05:51:20.061 19580 19689 D eglCodecCommon: setVertexArrayObject: set vao to 1 (1) 13 2
07-31 05:51:20.076 19580 19751 E ACameraMetadata: getConstEntry: cannot find metadata tag 65576
07-31 05:51:20.095 19580 19580 E ACameraMetadata: getConstEntry: cannot find metadata tag 65576
07-31 05:51:20.097 19580 19580 D EGL_emulation: eglMakeCurrent: 0xb1952a80: ver 3 0 (tinfo 0xd4e6bbe0)
07-31 05:51:20.100 19580 19580 D EGL_emulation: eglMakeCurrent: 0xbfe7ab60: ver 3 0 (tinfo 0xd4e6bbe0)
07-31 05:51:20.103 19580 19751 E ACameraMetadata: getConstEntry: cannot find metadata tag 65576
07-31 05:51:20.107 19580 19580 D EGL_emulation: eglMakeCurrent: 0xb1952a80: ver 3 0 (tinfo 0xd4e6bbe0)
07-31 05:51:20.109 19580 19580 D EGL_emulation: eglMakeCurrent: 0xbfe7ab60: ver 3 0 (tinfo 0xd4e6bbe0)
07-31 05:51:20.112 19580 19580 E native  : E0000 00:00:1659246680.112465   19580 hit_test.cc:428] INTERNAL: No point hit.
07-31 05:51:20.115 19580 19580 E eglCodecCommon: glUtilsParamSize: unknow param 0x00008919
07-31 05:51:20.115 19580 19580 E eglCodecCommon: glUtilsParamSize: unknow param 0x00008919
07-31 05:51:20.126 19580 19689 D eglCodecCommon: setVertexArrayObject: set vao to 2 (2) 13 11
07-31 05:51:20.128 19580 19580 E ACameraMetadata: getConstEntry: cannot find metadata tag 65576
07-31 05:51:20.129 19580 19689 D eglCodecCommon: setVertexArrayObject: set vao to 1 (1) 13 2
07-31 05:51:20.129 19580 19580 D EGL_emulation: eglMakeCurrent: 0xb1952a80: ver 3 0 (tinfo 0xd4e6bbe0)
07-31 05:51:20.132 19580 19580 D EGL_emulation: eglMakeCurrent: 0xbfe7ab60: ver 3 0 (tinfo 0xd4e6bbe0)
07-31 05:51:20.138 19580 19742 W native  : W0000 00:00:1659246680.138472   19742 plane_estimator.cc:661] Got a new plane, id: 0, with a invalid statistics.
07-31 05:51:20.139 19580 19751 E ACameraMetadata: getConstEntry: cannot find metadata tag 65576
07-31 05:51:20.147 19580 19580 D EGL_emulation: eglMakeCurrent: 0xb1952a80: ver 3 0 (tinfo 0xd4e6bbe0)
07-31 05:51:20.149 19580 19580 D EGL_emulation: eglMakeCurrent: 0xbfe7ab60: ver 3 0 (tinfo 0xd4e6bbe0)
07-31 05:51:20.163 19580 19751 E ACameraMetadata: getConstEntry: cannot find metadata tag 65576
07-31 05:51:20.164 19580 19580 E native  : E0000 00:00:1659246680.164813   19580 hit_test.cc:428] INTERNAL: No point hit.
07-31 05:51:20.174  1817  2351 E GnssHAL_GnssInterface: gnssSvStatusCb: a: input svInfo.flags is 8
07-31 05:51:20.174  1817  2351 E GnssHAL_GnssInterface: gnssSvStatusCb: b: input svInfo.flags is 8
07-31 05:51:20.197 19580 19751 E ACameraMetadata: getConstEntry: cannot find metadata tag 65576
07-31 05:51:20.211 19580 19580 E eglCodecCommon: glUtilsParamSize: unknow param 0x00008919
07-31 05:51:20.212 19580 19580 E eglCodecCommon: glUtilsParamSize: unknow param 0x00008919
07-31 05:51:20.214 19580 19689 D eglCodecCommon: setVertexArrayObject: set vao to 0 (0) 13 22
07-31 05:51:20.215 19580 19689 D eglCodecCommon: setVertexArrayObject: set vao to 4 (4) 29 0
07-31 05:51:20.216 19580 19689 D eglCodecCommon: setVertexArrayObject: set vao to 5 (5) 29 0
07-31 05:51:20.217 19580 19689 D eglCodecCommon: setVertexArrayObject: set vao to 2 (2) 29 11
07-31 05:51:20.237 19580 19751 E ACameraMetadata: getConstEntry: cannot find metadata tag 65576
07-31 05:51:20.241 19580 19580 E ACameraMetadata: getConstEntry: cannot find metadata tag 65576
07-31 05:51:20.242 19580 19580 D EGL_emulation: eglMakeCurrent: 0xb1952a80: ver 3 0 (tinfo 0xd4e6bbe0)
07-31 05:51:20.244 19580 19580 D EGL_emulation: eglMakeCurrent: 0xbfe7ab60: ver 3 0 (tinfo 0xd4e6bbe0)
07-31 05:51:20.247 19580 19580 D EGL_emulation: eglMakeCurrent: 0xb1952a80: ver 3 0 (tinfo 0xd4e6bbe0)
07-31 05:51:20.248 19580 19580 D EGL_emulation: eglMakeCurrent: 0xbfe7ab60: ver 3 0 (tinfo 0xd4e6bbe0)
07-31 05:51:20.249 19580 19580 E native  : E0000 00:00:1659246680.248994   19580 hit_test.cc:428] INTERNAL: No point hit.
07-31 05:51:20.254 19580 19580 E eglCodecCommon: glUtilsParamSize: unknow param 0x00008919
07-31 05:51:20.254 19580 19580 E eglCodecCommon: glUtilsParamSize: unknow param 0x00008919
07-31 05:51:20.255 19580 19689 D eglCodecCommon: setVertexArrayObject: set vao to 4 (4) 29 27
07-31 05:51:20.268 19580 19751 E ACameraMetadata: getConstEntry: cannot find metadata tag 65576
07-31 05:51:20.270 19580 19580 E ACameraMetadata: getConstEntry: cannot find metadata tag 65576
07-31 05:51:20.271 19580 19580 D EGL_emulation: eglMakeCurrent: 0xb1952a80: ver 3 0 (tinfo 0xd4e6bbe0)
07-31 05:51:20.274 19580 19580 D EGL_emulation: eglMakeCurrent: 0xbfe7ab60: ver 3 0 (tinfo 0xd4e6bbe0)
07-31 05:51:20.278 19580 19580 D EGL_emulation: eglMakeCurrent: 0xb1952a80: ver 3 0 (tinfo 0xd4e6bbe0)
07-31 05:51:20.281 19580 19580 D EGL_emulation: eglMakeCurrent: 0xbfe7ab60: ver 3 0 (tinfo 0xd4e6bbe0)
07-31 05:51:20.284 19580 19580 E native  : E0000 00:00:1659246680.284417   19580 hit_test.cc:428] INTERNAL: No point hit.
07-31 05:51:20.288 19580 19689 D eglCodecCommon: setVertexArrayObject: set vao to 5 (5) 29 27
07-31 05:51:20.289 19580 19689 D eglCodecCommon: setVertexArrayObject: set vao to 1 (1) 29 2
07-31 05:51:20.299 19580 19689 D eglCodecCommon: setVertexArrayObject: set vao to 2 (2) 29 11
07-31 05:51:20.299 19580 19689 D eglCodecCommon: setVertexArrayObject: set vao to 4 (4) 29 27
07-31 05:51:20.299 19580 19689 D eglCodecCommon: setVertexArrayObject: set vao to 5 (5) 29 27
07-31 05:51:20.300 19580 19689 D eglCodecCommon: setVertexArrayObject: set vao to 1 (1) 29 2
07-31 05:51:20.301 19580 19580 E eglCodecCommon: glUtilsParamSize: unknow param 0x00008919
07-31 05:51:20.302 19580 19580 E eglCodecCommon: glUtilsParamSize: unknow param 0x00008919
07-31 05:51:20.303 19580 19751 E ACameraMetadata: getConstEntry: cannot find metadata tag 65576
07-31 05:51:20.308 19580 19580 E ACameraMetadata: getConstEntry: cannot find metadata tag 65576
07-31 05:51:20.309 19580 19580 D EGL_emulation: eglMakeCurrent: 0xb1952a80: ver 3 0 (tinfo 0xd4e6bbe0)
07-31 05:51:20.310 19580 19580 D EGL_emulation: eglMakeCurrent: 0xbfe7ab60: ver 3 0 (tinfo 0xd4e6bbe0)
07-31 05:51:20.311 19580 19580 D EGL_emulation: eglMakeCurrent: 0xb1952a80: ver 3 0 (tinfo 0xd4e6bbe0)
07-31 05:51:20.313 19580 19580 D EGL_emulation: eglMakeCurrent: 0xbfe7ab60: ver 3 0 (tinfo 0xd4e6bbe0)
07-31 05:51:20.323 19580 19580 E native  : E0000 00:00:1659246680.323006   19580 hit_test.cc:428] INTERNAL: No point hit.
07-31 05:51:20.332 19580 19689 D eglCodecCommon: setVertexArrayObject: set vao to 2 (2) 29 11
07-31 05:51:20.333 19580 19580 E eglCodecCommon: glUtilsParamSize: unknow param 0x00008919
07-31 05:51:20.333 19580 19689 D eglCodecCommon: setVertexArrayObject: set vao to 4 (4) 29 27
07-31 05:51:20.333 19580 19689 D eglCodecCommon: setVertexArrayObject: set vao to 5 (5) 29 27
07-31 05:51:20.333 19580 19580 E eglCodecCommon: glUtilsParamSize: unknow param 0x00008919
07-31 05:51:20.334 19580 19689 D eglCodecCommon: setVertexArrayObject: set vao to 1 (1) 29 2
07-31 05:51:20.339 19580 19580 E ACameraMetadata: getConstEntry: cannot find metadata tag 65576
07-31 05:51:20.339 19580 19751 E ACameraMetadata: getConstEntry: cannot find metadata tag 65576
07-31 05:51:20.340 19580 19580 D EGL_emulation: eglMakeCurrent: 0xb1952a80: ver 3 0 (tinfo 0xd4e6bbe0)
07-31 05:51:20.343 19580 19580 D EGL_emulation: eglMakeCurrent: 0xbfe7ab60: ver 3 0 (tinfo 0xd4e6bbe0)
07-31 05:51:20.345 19580 19580 D EGL_emulation: eglMakeCurrent: 0xb1952a80: ver 3 0 (tinfo 0xd4e6bbe0)
07-31 05:51:20.347 19580 19580 D EGL_emulation: eglMakeCurrent: 0xbfe7ab60: ver 3 0 (tinfo 0xd4e6bbe0)
07-31 05:51:20.349 19580 19580 E native  : E0000 00:00:1659246680.349921   19580 hit_test.cc:428] INTERNAL: No point hit.
07-31 05:51:20.349 19580 19689 D eglCodecCommon: setVertexArrayObject: set vao to 2 (2) 29 11
07-31 05:51:20.350 19580 19689 D eglCodecCommon: setVertexArrayObject: set vao to 4 (4) 29 27
07-31 05:51:20.350 19580 19689 D eglCodecCommon: setVertexArrayObject: set vao to 5 (5) 29 27
07-31 05:51:20.350 19580 19689 D eglCodecCommon: setVertexArrayObject: set vao to 1 (1) 29 2
07-31 05:51:20.351 19580 19580 E eglCodecCommon: glUtilsParamSize: unknow param 0x00008919
07-31 05:51:20.351 19580 19580 E eglCodecCommon: glUtilsParamSize: unknow param 0x00008919
07-31 05:51:20.357  2039  2068 E memtrack: Couldn't load memtrack module
07-31 05:51:20.358  2039  2068 W android.os.Debug: failed to get memory consumption info: -1
07-31 05:51:20.365 19580 19653 D Camera2CameraImpl: {Camera@1338710[id=0]} Use cases [androidx.camera.core.Preview-9a237e65-e4b5-4aa5-9254-1a9db49a2c73117836797] now DETACHED for camera
07-31 05:51:20.365 19580 19653 D UseCaseAttachState: All use case: [] for camera: 0
07-31 05:51:20.366 19580 19653 D Camera2CameraImpl: {Camera@1338710[id=0]} Resetting Capture Session
07-31 05:51:20.367 19580 19653 D Camera2CameraImpl: {Camera@1338710[id=0]} Releasing session in state PENDING_OPEN
07-31 05:51:20.367 19580 19653 D UseCaseAttachState: Active and attached use case: [] for camera: 0
07-31 05:51:20.370 19580 19580 D LifecycleMonitor: Lifecycle status change: com.example.ubcexplore.MainActivity@78759d7 in: STOPPED
07-31 05:51:20.370 19580 19580 V ActivityScenario: Update currentActivityStage to STOPPED, currentActivity=com.example.ubcexplore.MainActivity@78759d7
07-31 05:51:20.375 19580 19751 E ACameraMetadata: getConstEntry: cannot find metadata tag 65576
07-31 05:51:20.376 19580 19689 D eglCodecCommon: setVertexArrayObject: set vao to 2 (2) 29 11
07-31 05:51:20.376 19580 19689 D eglCodecCommon: setVertexArrayObject: set vao to 4 (4) 29 27
07-31 05:51:20.376 19580 19689 D eglCodecCommon: setVertexArrayObject: set vao to 5 (5) 29 27
07-31 05:51:20.377 19580 19689 D eglCodecCommon: setVertexArrayObject: set vao to 1 (1) 29 2
07-31 05:51:20.379 19580 19653 D UseCaseAttachState: Active and attached use case: [] for camera: 0
07-31 05:51:20.380 19580 19653 D Camera2CameraImpl: {Camera@1338710[id=0]} Closing camera.
07-31 05:51:20.381 19580 19653 D Camera2CameraImpl: {Camera@1338710[id=0]} Transitioning camera internal state: PENDING_OPEN --> INITIALIZED
07-31 05:51:20.381 19580 19653 D CameraStateRegistry: Recalculating open cameras:
07-31 05:51:20.381 19580 19653 D CameraStateRegistry: Camera                                       State
07-31 05:51:20.381 19580 19653 D CameraStateRegistry: -------------------------------------------------------------------
07-31 05:51:20.381 19580 19653 D CameraStateRegistry: Camera@7bc687d[id=1]                         UNKNOWN
07-31 05:51:20.381 19580 19653 D CameraStateRegistry: Camera@1338710[id=0]                         CLOSED
07-31 05:51:20.381 19580 19653 D CameraStateRegistry: -------------------------------------------------------------------
07-31 05:51:20.381 19580 19653 D CameraStateRegistry: Open count: 0 (Max allowed: 1)
07-31 05:51:20.382 19580 19653 D CameraStateMachine: New public camera state CameraState{type=CLOSED, error=null} from CLOSED and null
07-31 05:51:20.382 19580 19653 D CameraStateMachine: Publishing new public camera state CameraState{type=CLOSED, error=null}
07-31 05:51:20.382 19580 19653 D UseCaseAttachState: Active and attached use case: [] for camera: 0
07-31 05:51:20.390 19580 19580 E ACameraMetadata: getConstEntry: cannot find metadata tag 65576
07-31 05:51:20.390 19580 19580 D EGL_emulation: eglMakeCurrent: 0xb1952a80: ver 3 0 (tinfo 0xd4e6bbe0)
07-31 05:51:20.392 19580 19580 D EGL_emulation: eglMakeCurrent: 0xbfe7ab60: ver 3 0 (tinfo 0xd4e6bbe0)
07-31 05:51:20.398 19580 19580 D EGL_emulation: eglMakeCurrent: 0xb1952a80: ver 3 0 (tinfo 0xd4e6bbe0)
07-31 05:51:20.402 19580 19580 D EGL_emulation: eglMakeCurrent: 0xbfe7ab60: ver 3 0 (tinfo 0xd4e6bbe0)
07-31 05:51:20.404 19580 19580 E native  : E0000 00:00:1659246680.403982   19580 hit_test.cc:428] INTERNAL: No point hit.
07-31 05:51:20.411 19580 19580 E eglCodecCommon: glUtilsParamSize: unknow param 0x00008919
07-31 05:51:20.411 19580 19580 E eglCodecCommon: glUtilsParamSize: unknow param 0x00008919
07-31 05:51:20.412 19580 19751 E ACameraMetadata: getConstEntry: cannot find metadata tag 65576
07-31 05:51:20.417 19580 19689 D eglCodecCommon: setVertexArrayObject: set vao to 2 (2) 29 11
07-31 05:51:20.417 19580 19689 D eglCodecCommon: setVertexArrayObject: set vao to 4 (4) 29 27
07-31 05:51:20.417 19580 19689 D eglCodecCommon: setVertexArrayObject: set vao to 5 (5) 29 27
07-31 05:51:20.418 19580 19689 D eglCodecCommon: setVertexArrayObject: set vao to 1 (1) 29 2
07-31 05:51:20.422 19580 19580 E ACameraMetadata: getConstEntry: cannot find metadata tag 65576
07-31 05:51:20.423 19580 19580 D EGL_emulation: eglMakeCurrent: 0xb1952a80: ver 3 0 (tinfo 0xd4e6bbe0)
07-31 05:51:20.426 19580 19580 D EGL_emulation: eglMakeCurrent: 0xbfe7ab60: ver 3 0 (tinfo 0xd4e6bbe0)
07-31 05:51:20.427 19580 19580 D EGL_emulation: eglMakeCurrent: 0xb1952a80: ver 3 0 (tinfo 0xd4e6bbe0)
07-31 05:51:20.429 19580 19742 W native  : W0000 00:00:1659246680.429160   19742 plane_estimator.cc:661] Got a new plane, id: 2, with a invalid statistics.
07-31 05:51:20.429 19580 19742 W native  : W0000 00:00:1659246680.429418   19742 plane_estimator.cc:661] Got a new plane, id: 4, with a invalid statistics.
07-31 05:51:20.434 19580 19580 D EGL_emulation: eglMakeCurrent: 0xbfe7ab60: ver 3 0 (tinfo 0xd4e6bbe0)
07-31 05:51:20.441 19580 19580 E native  : E0000 00:00:1659246680.441472   19580 hit_test.cc:428] INTERNAL: No point hit.
07-31 05:51:20.441 19580 19751 E ACameraMetadata: getConstEntry: cannot find metadata tag 65576
07-31 05:51:20.460 19580 19580 E eglCodecCommon: glUtilsParamSize: unknow param 0x00008919
07-31 05:51:20.461 19580 19580 E eglCodecCommon: glUtilsParamSize: unknow param 0x00008919
07-31 05:51:20.468 19580 19689 D eglCodecCommon: setVertexArrayObject: set vao to 0 (0) 29 27
07-31 05:51:20.469 19580 19580 E ACameraMetadata: getConstEntry: cannot find metadata tag 65576
07-31 05:51:20.474  1820  1874 D gralloc_ranchu: gralloc_alloc: Creating ashmem region of size 1232896
07-31 05:51:20.474 19580 19580 D EGL_emulation: eglMakeCurrent: 0xb1952a80: ver 3 0 (tinfo 0xd4e6bbe0)
07-31 05:51:20.474 19580 19689 D eglCodecCommon: setVertexArrayObject: set vao to 4 (4) 35 27
07-31 05:51:20.475 19580 19689 D eglCodecCommon: setVertexArrayObject: set vao to 5 (5) 29 27
07-31 05:51:20.475 19580 19689 D eglCodecCommon: setVertexArrayObject: set vao to 6 (6) 29 0
07-31 05:51:20.475 19580 19689 D eglCodecCommon: setVertexArrayObject: set vao to 7 (7) 32 0
07-31 05:51:20.476 19580 19751 E ACameraMetadata: getConstEntry: cannot find metadata tag 65576
07-31 05:51:20.478 19580 19580 D EGL_emulation: eglMakeCurrent: 0xbfe7ab60: ver 3 0 (tinfo 0xd4e6bbe0)
07-31 05:51:20.479 19580 19689 D eglCodecCommon: setVertexArrayObject: set vao to 8 (8) 32 0
07-31 05:51:20.479 19580 19689 D eglCodecCommon: setVertexArrayObject: set vao to 9 (9) 35 0
07-31 05:51:20.481 19580 19689 D eglCodecCommon: setVertexArrayObject: set vao to 2 (2) 35 11
07-31 05:51:20.482 19580 19689 D eglCodecCommon: setVertexArrayObject: set vao to 6 (6) 35 30
07-31 05:51:20.482 19580 19689 D eglCodecCommon: setVertexArrayObject: set vao to 7 (7) 35 30
07-31 05:51:20.482 19580 19689 D eglCodecCommon: setVertexArrayObject: set vao to 4 (4) 35 27
07-31 05:51:20.482 19580 19689 D eglCodecCommon: setVertexArrayObject: set vao to 5 (5) 35 27
07-31 05:51:20.482 19580 19689 D eglCodecCommon: setVertexArrayObject: set vao to 8 (8) 35 33
07-31 05:51:20.482 19580 19689 D eglCodecCommon: setVertexArrayObject: set vao to 9 (9) 35 33
07-31 05:51:20.484 19580 19580 D EGL_emulation: eglMakeCurrent: 0xb1952a80: ver 3 0 (tinfo 0xd4e6bbe0)
07-31 05:51:20.485 19580 19689 D eglCodecCommon: setVertexArrayObject: set vao to 1 (1) 35 2
07-31 05:51:20.487 19580 19580 D EGL_emulation: eglMakeCurrent: 0xbfe7ab60: ver 3 0 (tinfo 0xd4e6bbe0)
07-31 05:51:20.488 19580 19580 E native  : E0000 00:00:1659246680.488552   19580 hit_test.cc:428] INTERNAL: No point hit.
07-31 05:51:20.490 19580 19580 E eglCodecCommon: glUtilsParamSize: unknow param 0x00008919
07-31 05:51:20.490 19580 19580 E eglCodecCommon: glUtilsParamSize: unknow param 0x00008919
07-31 05:51:20.494 19580 19689 D eglCodecCommon: setVertexArrayObject: set vao to 2 (2) 35 11
07-31 05:51:20.494 19580 19689 D eglCodecCommon: setVertexArrayObject: set vao to 6 (6) 35 30
07-31 05:51:20.494 19580 19689 D eglCodecCommon: setVertexArrayObject: set vao to 7 (7) 35 30
07-31 05:51:20.494 19580 19689 D eglCodecCommon: setVertexArrayObject: set vao to 4 (4) 35 27
07-31 05:51:20.494 19580 19689 D eglCodecCommon: setVertexArrayObject: set vao to 5 (5) 35 27
07-31 05:51:20.494 19580 19689 D eglCodecCommon: setVertexArrayObject: set vao to 8 (8) 35 33
07-31 05:51:20.494 19580 19689 D eglCodecCommon: setVertexArrayObject: set vao to 9 (9) 35 33
07-31 05:51:20.495 19580 19689 D eglCodecCommon: setVertexArrayObject: set vao to 1 (1) 35 2
07-31 05:51:20.496 19580 19580 E ACameraMetadata: getConstEntry: cannot find metadata tag 65576
07-31 05:51:20.502 19580 19580 D EGL_emulation: eglMakeCurrent: 0xb1952a80: ver 3 0 (tinfo 0xd4e6bbe0)
07-31 05:51:20.509 19580 19580 D EGL_emulation: eglMakeCurrent: 0xbfe7ab60: ver 3 0 (tinfo 0xd4e6bbe0)
07-31 05:51:20.511 19580 19580 D EGL_emulation: eglMakeCurrent: 0xb1952a80: ver 3 0 (tinfo 0xd4e6bbe0)
07-31 05:51:20.518 19580 19751 E ACameraMetadata: getConstEntry: cannot find metadata tag 65576
07-31 05:51:20.519 19580 19580 D EGL_emulation: eglMakeCurrent: 0xbfe7ab60: ver 3 0 (tinfo 0xd4e6bbe0)
07-31 05:51:20.520 19580 19580 E native  : E0000 00:00:1659246680.520168   19580 hit_test.cc:428] INTERNAL: No point hit.
07-31 05:51:20.522 19580 19580 E eglCodecCommon: glUtilsParamSize: unknow param 0x00008919
07-31 05:51:20.523 19580 19580 E eglCodecCommon: glUtilsParamSize: unknow param 0x00008919
07-31 05:51:20.528 19580 19580 E ACameraMetadata: getConstEntry: cannot find metadata tag 65576
07-31 05:51:20.528 19580 19689 D eglCodecCommon: setVertexArrayObject: set vao to 2 (2) 35 11
07-31 05:51:20.528 19580 19689 D eglCodecCommon: setVertexArrayObject: set vao to 6 (6) 35 30
07-31 05:51:20.528 19580 19689 D eglCodecCommon: setVertexArrayObject: set vao to 7 (7) 35 30
07-31 05:51:20.528 19580 19689 D eglCodecCommon: setVertexArrayObject: set vao to 4 (4) 35 27
07-31 05:51:20.528 19580 19689 D eglCodecCommon: setVertexArrayObject: set vao to 5 (5) 35 27
07-31 05:51:20.528 19580 19689 D eglCodecCommon: setVertexArrayObject: set vao to 8 (8) 35 33
07-31 05:51:20.528 19580 19689 D eglCodecCommon: setVertexArrayObject: set vao to 9 (9) 35 33
07-31 05:51:20.529 19580 19580 D EGL_emulation: eglMakeCurrent: 0xb1952a80: ver 3 0 (tinfo 0xd4e6bbe0)
07-31 05:51:20.530 19580 19689 D eglCodecCommon: setVertexArrayObject: set vao to 1 (1) 35 2
07-31 05:51:20.532 19580 19580 D EGL_emulation: eglMakeCurrent: 0xbfe7ab60: ver 3 0 (tinfo 0xd4e6bbe0)
07-31 05:51:20.537 19580 19580 D EGL_emulation: eglMakeCurrent: 0xb1952a80: ver 3 0 (tinfo 0xd4e6bbe0)
07-31 05:51:20.541 19580 19580 D EGL_emulation: eglMakeCurrent: 0xbfe7ab60: ver 3 0 (tinfo 0xd4e6bbe0)
07-31 05:51:20.543 19580 19580 E native  : E0000 00:00:1659246680.543387   19580 hit_test.cc:428] INTERNAL: No point hit.
07-31 05:51:20.547 19580 19751 E ACameraMetadata: getConstEntry: cannot find metadata tag 65576
07-31 05:51:20.550 19580 19580 E eglCodecCommon: glUtilsParamSize: unknow param 0x00008919
07-31 05:51:20.550 19580 19580 E eglCodecCommon: glUtilsParamSize: unknow param 0x00008919
07-31 05:51:20.552 19580 19689 D eglCodecCommon: setVertexArrayObject: set vao to 2 (2) 35 11
07-31 05:51:20.552 19580 19689 D eglCodecCommon: setVertexArrayObject: set vao to 6 (6) 35 30
07-31 05:51:20.552 19580 19689 D eglCodecCommon: setVertexArrayObject: set vao to 7 (7) 35 30
07-31 05:51:20.552 19580 19689 D eglCodecCommon: setVertexArrayObject: set vao to 4 (4) 35 27
07-31 05:51:20.552 19580 19689 D eglCodecCommon: setVertexArrayObject: set vao to 5 (5) 35 27
07-31 05:51:20.552 19580 19689 D eglCodecCommon: setVertexArrayObject: set vao to 8 (8) 35 33
07-31 05:51:20.552 19580 19689 D eglCodecCommon: setVertexArrayObject: set vao to 9 (9) 35 33
07-31 05:51:20.552 19580 19580 E ACameraMetadata: getConstEntry: cannot find metadata tag 65576
07-31 05:51:20.555 19580 19580 D EGL_emulation: eglMakeCurrent: 0xb1952a80: ver 3 0 (tinfo 0xd4e6bbe0)
07-31 05:51:20.555 19580 19689 D eglCodecCommon: setVertexArrayObject: set vao to 1 (1) 35 2
07-31 05:51:20.558 19580 19580 D EGL_emulation: eglMakeCurrent: 0xbfe7ab60: ver 3 0 (tinfo 0xd4e6bbe0)
07-31 05:51:20.561 19580 19580 D EGL_emulation: eglMakeCurrent: 0xb1952a80: ver 3 0 (tinfo 0xd4e6bbe0)
07-31 05:51:20.562 19580 19580 D EGL_emulation: eglMakeCurrent: 0xbfe7ab60: ver 3 0 (tinfo 0xd4e6bbe0)
07-31 05:51:20.564 19580 19580 E native  : E0000 00:00:1659246680.564330   19580 hit_test.cc:428] INTERNAL: No point hit.
07-31 05:51:20.584 19580 19751 E ACameraMetadata: getConstEntry: cannot find metadata tag 65576
07-31 05:51:20.592 19580 19580 E eglCodecCommon: glUtilsParamSize: unknow param 0x00008919
07-31 05:51:20.592 19580 19580 E eglCodecCommon: glUtilsParamSize: unknow param 0x00008919
07-31 05:51:20.594 19580 19689 D eglCodecCommon: setVertexArrayObject: set vao to 0 (0) 35 33
07-31 05:51:20.596 19580 19580 E ACameraMetadata: getConstEntry: cannot find metadata tag 65576
07-31 05:51:20.597 19580 19689 D eglCodecCommon: setVertexArrayObject: set vao to 4 (4) 38 27
07-31 05:51:20.597 19580 19689 D eglCodecCommon: setVertexArrayObject: set vao to 5 (5) 29 27
07-31 05:51:20.597 19580 19689 D eglCodecCommon: setVertexArrayObject: set vao to 6 (6) 29 30
07-31 05:51:20.597 19580 19689 D eglCodecCommon: setVertexArrayObject: set vao to 7 (7) 32 30
07-31 05:51:20.597 19580 19689 D eglCodecCommon: setVertexArrayObject: set vao to 8 (8) 32 33
07-31 05:51:20.597 19580 19689 D eglCodecCommon: setVertexArrayObject: set vao to 9 (9) 35 33
07-31 05:51:20.597 19580 19580 D EGL_emulation: eglMakeCurrent: 0xb1952a80: ver 3 0 (tinfo 0xd4e6bbe0)
07-31 05:51:20.598 19580 19689 D eglCodecCommon: setVertexArrayObject: set vao to 10 (10) 35 0
07-31 05:51:20.598 19580 19689 D eglCodecCommon: setVertexArrayObject: set vao to 11 (11) 38 0
07-31 05:51:20.599 19580 19580 D EGL_emulation: eglMakeCurrent: 0xbfe7ab60: ver 3 0 (tinfo 0xd4e6bbe0)
07-31 05:51:20.599 19580 19689 D eglCodecCommon: setVertexArrayObject: set vao to 2 (2) 38 11
07-31 05:51:20.599 19580 19689 D eglCodecCommon: setVertexArrayObject: set vao to 6 (6) 38 30
07-31 05:51:20.599 19580 19689 D eglCodecCommon: setVertexArrayObject: set vao to 7 (7) 38 30
07-31 05:51:20.599 19580 19689 D eglCodecCommon: setVertexArrayObject: set vao to 4 (4) 38 27
07-31 05:51:20.599 19580 19689 D eglCodecCommon: setVertexArrayObject: set vao to 5 (5) 38 27
07-31 05:51:20.599 19580 19689 D eglCodecCommon: setVertexArrayObject: set vao to 8 (8) 38 33
