07-31 05:47:33.721 18681 18681 V ActivityScenario: Update currentActivityStage to STARTED, currentActivity=com.example.ubcexplore.MainActivity@8fdbc73
07-31 05:47:33.722 18681 18681 D LifecycleMonitor: Lifecycle status change: com.example.ubcexplore.MainActivity@8fdbc73 in: RESUMED
07-31 05:47:33.722 18681 18681 V ActivityScenario: Update currentActivityStage to RESUMED, currentActivity=com.example.ubcexplore.MainActivity@8fdbc73
07-31 05:47:33.722 18681 18846 W mple.ubcexplor: Accessing hidden method Lsun/misc/Unsafe;->getObject(Ljava/lang/Object;J)Ljava/lang/Object; (greylist, linking, allowed)
07-31 05:47:33.722 18681 18846 I Counters: exceeded sample count in FrameTime
07-31 05:47:33.723 18681 18681 E libprocessgroup: set_timerslack_ns write failed: Operation not permitted
07-31 05:47:33.732  1806  6159 W audio_hw_generic: Hardware backing HAL too slow, could only write 0 of 661 frames
07-31 05:47:33.733  1820  1874 D gralloc_ranchu: gralloc_alloc: Creating ashmem region of size 9334784
07-31 05:47:33.747  1806  6159 W audio_hw_generic: Hardware backing HAL too slow, could only write 0 of 661 frames
07-31 05:47:33.755 18681 18748 D EGL_emulation: eglMakeCurrent: 0xe0347140: ver 3 0 (tinfo 0xe0339fb0)
07-31 05:47:33.762  1806  6159 W audio_hw_generic: Hardware backing HAL too slow, could only write 0 of 661 frames
07-31 05:47:33.764  1820  1874 D gralloc_ranchu: gralloc_alloc: Creating ashmem region of size 9334784
07-31 05:47:33.764 18681 18846 W mple.ubcexplor: Accessing hidden method Lsun/misc/Unsafe;->getObject(Ljava/lang/Object;J)Ljava/lang/Object; (greylist, linking, allowed)
07-31 05:47:33.764 18681 18846 I Counters: exceeded sample count in FrameTime
07-31 05:47:33.774 18681 18846 W mple.ubcexplor: Accessing hidden method Lsun/misc/Unsafe;->getObject(Ljava/lang/Object;J)Ljava/lang/Object; (greylist, linking, allowed)
07-31 05:47:33.774 18681 18846 I Counters: exceeded sample count in FrameTime
07-31 05:47:33.776  1806  6159 W audio_hw_generic: Hardware backing HAL too slow, could only write 0 of 661 frames
07-31 05:47:33.792  1806  6159 I chatty  : uid=1041(audioserver) writer identical 1 line
07-31 05:47:33.806  1806  6159 W audio_hw_generic: Hardware backing HAL too slow, could only write 0 of 661 frames
07-31 05:47:33.814 18681 18748 D EGL_emulation: eglMakeCurrent: 0xe0347140: ver 3 0 (tinfo 0xe0339fb0)
07-31 05:47:33.821  1806  6159 W audio_hw_generic: Hardware backing HAL too slow, could only write 0 of 661 frames
07-31 05:47:33.826  2039  2064 W InputReader: Device has associated, but no associated display id.
07-31 05:47:33.830  2039  2064 I chatty  : uid=1000(system) android.anim identical 18 lines
07-31 05:47:33.830  2039  2064 W InputReader: Device has associated, but no associated display id.
07-31 05:47:33.837  1806  6159 W audio_hw_generic: Hardware backing HAL too slow, could only write 0 of 661 frames
07-31 05:47:33.881  1806  6159 I chatty  : uid=1041(audioserver) writer identical 3 lines
07-31 05:47:33.896  1806  6159 W audio_hw_generic: Hardware backing HAL too slow, could only write 0 of 661 frames
07-31 05:47:33.907 18681 18748 D EGL_emulation: eglMakeCurrent: 0xe0347140: ver 3 0 (tinfo 0xe0339fb0)
07-31 05:47:33.910  1806  6159 W audio_hw_generic: Hardware backing HAL too slow, could only write 0 of 661 frames
07-31 05:47:33.914  1820  1874 D gralloc_ranchu: gralloc_alloc: Creating ashmem region of size 9334784
07-31 05:47:33.926  1806  6159 W audio_hw_generic: Hardware backing HAL too slow, could only write 0 of 661 frames
07-31 05:47:33.956  1806  6159 I chatty  : uid=1041(audioserver) writer identical 2 lines
07-31 05:47:33.971  1806  6159 W audio_hw_generic: Hardware backing HAL too slow, could only write 0 of 661 frames
07-31 05:47:33.979 18681 18681 I ViewInteraction: Checking 'MatchesViewAssertion{viewMatcher=(view has effective visibility <VISIBLE> and view.getGlobalVisibleRect() to return non-empty rectangle)}' assertion on view view.getId() is <2131231032/com.example.ubcexplore:id/list_view_locations>
07-31 05:47:33.987  1806  6159 W audio_hw_generic: Hardware backing HAL too slow, could only write 0 of 661 frames
07-31 05:47:33.997 18681 18681 D LifecycleMonitor: Lifecycle status change: com.example.ubcexplore.MainActivity@8fdbc73 in: PAUSED
07-31 05:47:33.997 18681 18681 V ActivityScenario: Update currentActivityStage to PAUSED, currentActivity=com.example.ubcexplore.MainActivity@8fdbc73
07-31 05:47:33.998  2039  7724 W InputReader: Device has associated, but no associated display id.
07-31 05:47:33.999  2039  7724 I chatty  : uid=1000(system) Binder:2039_20 identical 28 lines
07-31 05:47:33.999  2039  7724 W InputReader: Device has associated, but no associated display id.
07-31 05:47:34.000 18714 18714 W ActivityThread: handleWindowVisibility: no activity for token android.os.BinderProxy@b700aef
07-31 05:47:34.000  2039  7724 W InputReader: Device has associated, but no associated display id.
07-31 05:47:34.000  2039  7724 I chatty  : uid=1000(system) Binder:2039_20 identical 8 lines
07-31 05:47:34.000  2039  7724 W InputReader: Device has associated, but no associated display id.
07-31 05:47:34.001  1806  6159 W audio_hw_generic: Hardware backing HAL too slow, could only write 0 of 661 frames
07-31 05:47:34.006  2039  7724 W InputReader: Device has associated, but no associated display id.
07-31 05:47:34.007  2039  7724 I chatty  : uid=1000(system) Binder:2039_20 identical 8 lines
07-31 05:47:34.007  2039  7724 W InputReader: Device has associated, but no associated display id.
07-31 05:47:34.017  1806  6159 W audio_hw_generic: Hardware backing HAL too slow, could only write 0 of 661 frames
07-31 05:47:34.030 18681 18821 W DynamiteModule: Local module descriptor class for com.google.android.gms.googlecertificates not found.
07-31 05:47:34.032  1806  6159 W audio_hw_generic: Hardware backing HAL too slow, could only write 0 of 661 frames
07-31 05:47:34.046  1806  6159 W audio_hw_generic: Hardware backing HAL too slow, could only write 0 of 661 frames
07-31 05:47:34.051 18681 18821 I DynamiteModule: Considering local module com.google.android.gms.googlecertificates:0 and remote module com.google.android.gms.googlecertificates:7
07-31 05:47:34.058 18681 18821 I DynamiteModule: Selected remote version of com.google.android.gms.googlecertificates, version >= 7
07-31 05:47:34.058 18681 18748 D EGL_emulation: eglMakeCurrent: 0xe0347140: ver 3 0 (tinfo 0xe0339fb0)
07-31 05:47:34.061 18681 18681 D LifecycleMonitor: Lifecycle status change: com.example.ubcexplore.MainActivity@8fdbc73 in: STOPPED
07-31 05:47:34.061 18681 18681 V ActivityScenario: Update currentActivityStage to STOPPED, currentActivity=com.example.ubcexplore.MainActivity@8fdbc73
07-31 05:47:34.062  1806  6159 W audio_hw_generic: Hardware backing HAL too slow, could only write 0 of 661 frames
07-31 05:47:34.068 18681 18681 D LifecycleMonitor: Lifecycle status change: com.example.ubcexplore.MainActivity@8fdbc73 in: DESTROYED
07-31 05:47:34.068 18681 18681 V ActivityScenario: Update currentActivityStage to DESTROYED, currentActivity=null
07-31 05:47:34.077  1806  6159 W audio_hw_generic: Hardware backing HAL too slow, could only write 0 of 661 frames
07-31 05:47:34.087  2039  7288 W InputReader: Device has associated, but no associated display id.
07-31 05:47:34.087  2039  7288 I chatty  : uid=1000(system) Binder:2039_1F identical 8 lines
07-31 05:47:34.087  2039  7288 W InputReader: Device has associated, but no associated display id.
07-31 05:47:34.091  1806  6159 W audio_hw_generic: Hardware backing HAL too slow, could only write 0 of 661 frames
07-31 05:47:34.101 18714 18745 D HostConnection: HostConnection::get() New Host Connection established 0xd4dfeff0, tid 18745
07-31 05:47:34.104 18714 18745 D HostConnection: HostComposition ext ANDROID_EMU_CHECKSUM_HELPER_v1 ANDROID_EMU_dma_v1 ANDROID_EMU_direct_mem ANDROID_EMU_host_composition_v1 ANDROID_EMU_host_composition_v2 ANDROID_EMU_vulkan ANDROID_EMU_deferred_vulkan_commands ANDROID_EMU_vulkan_null_optional_strings ANDROID_EMU_vulkan_create_resources_with_requirements ANDROID_EMU_YUV420_888_to_NV21 ANDROID_EMU_YUV_Cache ANDROID_EMU_vulkan_free_memory_sync ANDROID_EMU_vulkan_shader_float16_int8 ANDROID_EMU_vulkan_async_queue_submit ANDROID_EMU_sync_buffer_data GL_OES_EGL_image_external_essl3 GL_OES_vertex_array_object GL_KHR_texture_compression_astc_ldr ANDROID_EMU_host_side_tracing ANDROID_EMU_gles_max_version_3_0
07-31 05:47:34.106  1806  6159 W audio_hw_generic: Hardware backing HAL too slow, could only write 0 of 661 frames
07-31 05:47:34.110 18714 18745 W OpenGLRenderer: Failed to choose config with EGL_SWAP_BEHAVIOR_PRESERVED, retrying without...
07-31 05:47:34.121  1806  6159 W audio_hw_generic: Hardware backing HAL too slow, could only write 0 of 661 frames
07-31 05:47:34.122 18714 18745 D eglCodecCommon: setVertexArrayObject: set vao to 0 (0) 0 0
07-31 05:47:34.122 18714 18745 D EGL_emulation: eglCreateContext: 0xe0346720: maj 3 min 0 rcv 3
07-31 05:47:34.135  1806  6159 W audio_hw_generic: Hardware backing HAL too slow, could only write 0 of 661 frames
07-31 05:47:34.152  1806  6159 W audio_hw_generic: Hardware backing HAL too slow, could only write 0 of 661 frames
07-31 05:47:34.154  1817  2351 E GnssHAL_GnssInterface: gnssSvStatusCb: a: input svInfo.flags is 8
07-31 05:47:34.154  1817  2351 E GnssHAL_GnssInterface: gnssSvStatusCb: b: input svInfo.flags is 8
07-31 05:47:34.165  1806  6159 W audio_hw_generic: Hardware backing HAL too slow, could only write 0 of 661 frames
07-31 05:47:34.165 18681 18821 W mple.ubcexplor: Accessing hidden method Lsun/misc/Unsafe;->getObject(Ljava/lang/Object;J)Ljava/lang/Object; (greylist, linking, allowed)
07-31 05:47:34.165 18681 18821 W mple.ubcexplor: Accessing hidden method Lsun/misc/Unsafe;->putObject(Ljava/lang/Object;JLjava/lang/Object;)V (greylist, linking, allowed)
07-31 05:47:34.166 18681 18821 W mple.ubcexplor: Accessing hidden method Lsun/misc/Unsafe;->getObject(Ljava/lang/Object;J)Ljava/lang/Object; (greylist, linking, allowed)
07-31 05:47:34.166 18714 18745 D EGL_emulation: eglMakeCurrent: 0xe0346720: ver 3 0 (tinfo 0xeb4893b0)
07-31 05:47:34.167 18681 18821 W mple.ubcexplor: Accessing hidden method Lsun/misc/Unsafe;->compareAndSwapObject(Ljava/lang/Object;JLjava/lang/Object;Ljava/lang/Object;)Z (greylist, linking, allowed)
07-31 05:47:34.182  1806  6159 W audio_hw_generic: Hardware backing HAL too slow, could only write 0 of 661 frames
07-31 05:47:34.186  1820  1874 D gralloc_ranchu: gralloc_alloc: Creating ashmem region of size 9334784
07-31 05:47:34.190  1679  1679 I hwservicemanager: getTransport: Cannot find entry android.hardware.graphics.mapper@3.0::IMapper/default in either framework or device manifest.
07-31 05:47:34.190 18714 18745 W Gralloc3: mapper 3.x is not supported
07-31 05:47:34.192 18714 18745 D HostConnection: createUnique: call
07-31 05:47:34.193 18714 18745 D HostConnection: HostConnection::get() New Host Connection established 0xd4e00990, tid 18745
07-31 05:47:34.197  1806  6159 W audio_hw_generic: Hardware backing HAL too slow, could only write 0 of 661 frames
07-31 05:47:34.197 18714 18745 D HostConnection: HostComposition ext ANDROID_EMU_CHECKSUM_HELPER_v1 ANDROID_EMU_dma_v1 ANDROID_EMU_direct_mem ANDROID_EMU_host_composition_v1 ANDROID_EMU_host_composition_v2 ANDROID_EMU_vulkan ANDROID_EMU_deferred_vulkan_commands ANDROID_EMU_vulkan_null_optional_strings ANDROID_EMU_vulkan_create_resources_with_requirements ANDROID_EMU_YUV420_888_to_NV21 ANDROID_EMU_YUV_Cache ANDROID_EMU_vulkan_free_memory_sync ANDROID_EMU_vulkan_shader_float16_int8 ANDROID_EMU_vulkan_async_queue_submit ANDROID_EMU_sync_buffer_data GL_OES_EGL_image_external_essl3 GL_OES_vertex_array_object GL_KHR_texture_compression_astc_ldr ANDROID_EMU_host_side_tracing ANDROID_EMU_gles_max_version_3_0
07-31 05:47:34.197 18714 18745 D eglCodecCommon: allocate: Ask for block of size 0x1000
07-31 05:47:34.198 18714 18745 D eglCodecCommon: allocate: ioctl allocate returned offset 0x3ff254000 size 0x2000
07-31 05:47:34.203  1820  1874 D gralloc_ranchu: gralloc_alloc: Creating ashmem region of size 9334784
07-31 05:47:34.210 18714 18745 D EGL_emulation: eglMakeCurrent: 0xe0346720: ver 3 0 (tinfo 0xeb4893b0)
07-31 05:47:34.210  1820  1874 D gralloc_ranchu: gralloc_alloc: Creating ashmem region of size 9334784
07-31 05:47:34.211  1806  6159 W audio_hw_generic: Hardware backing HAL too slow, could only write 0 of 661 frames
07-31 05:47:34.211 18681 18790 W mple.ubcexplor: Accessing hidden method Lsun/misc/Unsafe;->getLong(Ljava/lang/Object;J)J (greylist,core-platform-api, linking, allowed)
07-31 05:47:34.211 18681 18790 W mple.ubcexplor: Accessing hidden method Lsun/misc/Unsafe;->putLong(Ljava/lang/Object;JJ)V (greylist, linking, allowed)
07-31 05:47:34.211 18681 18790 W mple.ubcexplor: Accessing hidden method Lsun/misc/Unsafe;->getInt(Ljava/lang/Object;J)I (greylist, linking, allowed)
07-31 05:47:34.212 18681 18790 W mple.ubcexplor: Accessing hidden method Lsun/misc/Unsafe;->getObject(Ljava/lang/Object;J)Ljava/lang/Object; (greylist, linking, allowed)
07-31 05:47:34.213 18714 18745 D eglCodecCommon: setVertexArrayObject: set vao to 0 (0) 1 0
07-31 05:47:34.217 18681 18790 W mple.ubcexplor: Accessing hidden method Lsun/misc/Unsafe;->compareAndSwapObject(Ljava/lang/Object;JLjava/lang/Object;Ljava/lang/Object;)Z (greylist, linking, allowed)
07-31 05:47:34.218 18681 18790 I SnapshotHandler: Unable to retrieve flag snapshot for com.google.android.libraries.consentverifier#com.example.ubcexplore, using defaults.
07-31 05:47:34.222 18681 18790 W mple.ubcexplor: Accessing hidden method Lsun/misc/Unsafe;->getInt(Ljava/lang/Object;J)I (greylist, linking, allowed)
07-31 05:47:34.222 18681 18790 W mple.ubcexplor: Accessing hidden method Lsun/misc/Unsafe;->getObject(Ljava/lang/Object;J)Ljava/lang/Object; (greylist, linking, allowed)
07-31 05:47:34.225  1806  6159 W audio_hw_generic: Hardware backing HAL too slow, could only write 0 of 661 frames
07-31 05:47:34.237 18681 18790 W mple.ubcexplor: Accessing hidden method Lsun/misc/Unsafe;->compareAndSwapObject(Ljava/lang/Object;JLjava/lang/Object;Ljava/lang/Object;)Z (greylist, linking, allowed)
07-31 05:47:34.241  1806  6159 W audio_hw_generic: Hardware backing HAL too slow, could only write 0 of 661 frames
07-31 05:47:34.242 18681 18791 W MobStoreFlagStore: Unable to update local snapshot for com.google.android.libraries.consentverifier#com.example.ubcexplore, may result in stale flags.
07-31 05:47:34.242 18681 18791 W MobStoreFlagStore: java.util.concurrent.ExecutionException: java.lang.SecurityException: GoogleCertificatesRslt: not allowed: pkg=com.example.ubcexplore, sha256=[1da0bb47cb3e4641667ea693cd7e8ca37907b55a678392e02147f9246fa7a787], atk=false, ver=222615031.true (go/gsrlt)
07-31 05:47:34.242 18681 18791 W MobStoreFlagStore: 	at aif.s(:com.google.android.gms.dynamite_mapsdynamite@222615068@22.26.15 (100700-0):3)
07-31 05:47:34.242 18681 18791 W MobStoreFlagStore: 	at aif.get(:com.google.android.gms.dynamite_mapsdynamite@222615068@22.26.15 (100700-0):2)
07-31 05:47:34.242 18681 18791 W MobStoreFlagStore: 	at ajp.g(:com.google.android.gms.dynamite_mapsdynamite@222615068@22.26.15 (100700-0):2)
07-31 05:47:34.242 18681 18791 W MobStoreFlagStore: 	at yg.d(:com.google.android.gms.dynamite_mapsdynamite@222615068@22.26.15 (100700-0):1)
07-31 05:47:34.242 18681 18791 W MobStoreFlagStore: 	at yi.run(:com.google.android.gms.dynamite_mapsdynamite@222615068@22.26.15 (100700-0):0)
07-31 05:47:34.242 18681 18791 W MobStoreFlagStore: 	at java.util.concurrent.Executors$RunnableAdapter.call(Executors.java:462)
07-31 05:47:34.242 18681 18791 W MobStoreFlagStore: 	at java.util.concurrent.FutureTask.run(FutureTask.java:266)
07-31 05:47:34.242 18681 18791 W MobStoreFlagStore: 	at java.util.concurrent.ScheduledThreadPoolExecutor$ScheduledFutureTask.run(ScheduledThreadPoolExecutor.java:301)
07-31 05:47:34.242 18681 18791 W MobStoreFlagStore: 	at java.util.concurrent.ThreadPoolExecutor.runWorker(ThreadPoolExecutor.java:1167)
07-31 05:47:34.242 18681 18791 W MobStoreFlagStore: 	at java.util.concurrent.ThreadPoolExecutor$Worker.run(ThreadPoolExecutor.java:641)
07-31 05:47:34.242 18681 18791 W MobStoreFlagStore: 	at java.lang.Thread.run(Thread.java:919)
07-31 05:47:34.242 18681 18791 W MobStoreFlagStore: Caused by: java.lang.SecurityException: GoogleCertificatesRslt: not allowed: pkg=com.example.ubcexplore, sha256=[1da0bb47cb3e4641667ea693cd7e8ca37907b55a678392e02147f9246fa7a787], atk=false, ver=222615031.true (go/gsrlt)
07-31 05:47:34.242 18681 18791 W MobStoreFlagStore: 	at android.os.Parcel.createException(Parcel.java:2071)
07-31 05:47:34.242 18681 18791 W MobStoreFlagStore: 	at android.os.Parcel.readException(Parcel.java:2039)
07-31 05:47:34.242 18681 18791 W MobStoreFlagStore: 	at android.os.Parcel.readException(Parcel.java:1987)
07-31 05:47:34.242 18681 18791 W MobStoreFlagStore: 	at es.bc(:com.google.android.gms.dynamite_mapsdynamite@222615068@22.26.15 (100700-0):2)
07-31 05:47:34.242 18681 18791 W MobStoreFlagStore: 	at rs.a(:com.google.android.gms.dynamite_mapsdynamite@222615068@22.26.15 (100700-0):4)
07-31 05:47:34.242 18681 18791 W MobStoreFlagStore: 	at iz.e(:com.google.android.gms.dynamite_mapsdynamite@222615068@22.26.15 (100700-0):2)
07-31 05:47:34.242 18681 18791 W MobStoreFlagStore: 	at jy.t(:com.google.android.gms.dynamite_mapsdynamite@222615068@22.26.15 (100700-0):2)
07-31 05:47:34.242 18681 18791 W MobStoreFlagStore: 	at jy.u(:com.google.android.gms.dynamite_mapsdynamite@222615068@22.26.15 (100700-0):3)
07-31 05:47:34.242 18681 18791 W MobStoreFlagStore: 	at jy.e(:com.google.android.gms.dynamite_mapsdynamite@222615068@22.26.15 (100700-0):2)
07-31 05:47:34.242 18681 18791 W MobStoreFlagStore: 	at kc.handleMessage(:com.google.android.gms.dynamite_mapsdynamite@222615068@22.26.15 (100700-0):69)
07-31 05:47:34.242 18681 18791 W MobStoreFlagStore: 	at android.os.Handler.dispatchMessage(Handler.java:103)
07-31 05:47:34.242 18681 18791 W MobStoreFlagStore: 	at android.os.Looper.loop(Looper.java:214)
07-31 05:47:34.242 18681 18791 W MobStoreFlagStore: 	at android.os.HandlerThread.run(HandlerThread.java:67)
07-31 05:47:34.256  1806  6159 W audio_hw_generic: Hardware backing HAL too slow, could only write 0 of 661 frames
07-31 05:47:34.270  1806  6159 I chatty  : uid=1041(audioserver) writer identical 1 line
07-31 05:47:34.287  1806  6159 W audio_hw_generic: Hardware backing HAL too slow, could only write 0 of 661 frames
07-31 05:47:34.287 18681 18846 W mple.ubcexplor: Accessing hidden method Lsun/misc/Unsafe;->getInt(Ljava/lang/Object;J)I (greylist, linking, allowed)
07-31 05:47:34.287 18681 18846 W mple.ubcexplor: Accessing hidden method Lsun/misc/Unsafe;->getObject(Ljava/lang/Object;J)Ljava/lang/Object; (greylist, linking, allowed)
07-31 05:47:34.287 18681 18846 I Counters: exceeded sample count in FrameTime
07-31 05:47:34.302  1806  6159 W audio_hw_generic: Hardware backing HAL too slow, could only write 0 of 661 frames
07-31 05:47:34.317  1806  6159 W audio_hw_generic: Hardware backing HAL too slow, could only write 0 of 661 frames
07-31 05:47:34.327  2039  3203 W InputReader: Device has associated, but no associated display id.
07-31 05:47:34.328  2039  3203 I chatty  : uid=1000(system) Binder:2039_F identical 38 lines
07-31 05:47:34.328  2039  3203 W InputReader: Device has associated, but no associated display id.
07-31 05:47:34.331  1806  6159 W audio_hw_generic: Hardware backing HAL too slow, could only write 0 of 661 frames
07-31 05:47:34.332  2039  3203 W InputReader: Device has associated, but no associated display id.
07-31 05:47:34.332  2039  3203 I chatty  : uid=1000(system) Binder:2039_F identical 8 lines
07-31 05:47:34.333  2039  3203 W InputReader: Device has associated, but no associated display id.
07-31 05:47:34.339 18714 18714 W ActivityThread: handleWindowVisibility: no activity for token android.os.BinderProxy@3e416a6
07-31 05:47:34.345  1806  6159 W audio_hw_generic: Hardware backing HAL too slow, could only write 0 of 661 frames
07-31 05:47:34.361  1806  6159 W audio_hw_generic: Hardware backing HAL too slow, could only write 0 of 661 frames
07-31 05:47:34.363 18681 18681 D LifecycleMonitor: Lifecycle status change: com.example.ubcexplore.LocationMapActivity@693e195 in: STOPPED
07-31 05:47:34.364 18681 18681 V ActivityScenario: Activity lifecycle changed event received but ignored because the intent does not match. startActivityIntent=Intent { act=android.intent.action.MAIN cat=[android.intent.category.LAUNCHER] cmp=com.example.ubcexplore/.MainActivity }, activity.getIntent()=Intent { cmp=com.example.ubcexplore/.LocationMapActivity (has extras) }, activity=com.example.ubcexplore.LocationMapActivity@693e195
07-31 05:47:34.365 18681 18790 W mple.ubcexplor: Accessing hidden method Lsun/misc/Unsafe;->putLong(Ljava/lang/Object;JJ)V (greylist, linking, allowed)
07-31 05:47:34.365 18681 18790 W mple.ubcexplor: Accessing hidden method Lsun/misc/Unsafe;->getInt(Ljava/lang/Object;J)I (greylist, linking, allowed)
07-31 05:47:34.374 18681 18842 W mple.ubcexplor: Accessing hidden method Lsun/misc/Unsafe;->putObject(Ljava/lang/Object;JLjava/lang/Object;)V (greylist, linking, allowed)
07-31 05:47:34.374 18681 18842 W mple.ubcexplor: Accessing hidden method Lsun/misc/Unsafe;->getObject(Ljava/lang/Object;J)Ljava/lang/Object; (greylist, linking, allowed)
07-31 05:47:34.376  1806  6159 W audio_hw_generic: Hardware backing HAL too slow, could only write 0 of 661 frames
07-31 05:47:34.376 18681 18681 D LifecycleMonitor: Lifecycle status change: com.example.ubcexplore.LocationMapActivity@693e195 in: DESTROYED
07-31 05:47:34.377 18681 18681 V ActivityScenario: Activity lifecycle changed event received but ignored because the intent does not match. startActivityIntent=Intent { act=android.intent.action.MAIN cat=[android.intent.category.LAUNCHER] cmp=com.example.ubcexplore/.MainActivity }, activity.getIntent()=Intent { cmp=com.example.ubcexplore/.LocationMapActivity (has extras) }, activity=com.example.ubcexplore.LocationMapActivity@693e195
07-31 05:47:34.376 18681 18790 W mple.ubcexplor: Accessing hidden method Lsun/misc/Unsafe;->putLong(Ljava/lang/Object;JJ)V (greylist, linking, allowed)
07-31 05:47:34.378 18681 18790 W mple.ubcexplor: Accessing hidden method Lsun/misc/Unsafe;->getObject(Ljava/lang/Object;J)Ljava/lang/Object; (greylist, linking, allowed)
07-31 05:47:34.378 18681 18790 W mple.ubcexplor: Accessing hidden method Lsun/misc/Unsafe;->getObject(Ljava/lang/Object;J)Ljava/lang/Object; (greylist, linking, allowed)
07-31 05:47:34.380 18681 18790 W mple.ubcexplor: Accessing hidden method Lsun/misc/Unsafe;->getInt(Ljava/lang/Object;J)I (greylist, linking, allowed)
07-31 05:47:34.380 18681 18790 W mple.ubcexplor: Accessing hidden method Lsun/misc/Unsafe;->getObject(Ljava/lang/Object;J)Ljava/lang/Object; (greylist, linking, allowed)
07-31 05:47:34.382 18681 18790 W mple.ubcexplor: Accessing hidden method Lsun/misc/Unsafe;->getInt(Ljava/lang/Object;J)I (greylist, linking, allowed)
07-31 05:47:34.382 18681 18790 W mple.ubcexplor: Accessing hidden method Lsun/misc/Unsafe;->getObject(Ljava/lang/Object;J)Ljava/lang/Object; (greylist, linking, allowed)
07-31 05:47:34.391  1806  6159 W audio_hw_generic: Hardware backing HAL too slow, could only write 0 of 661 frames
07-31 05:47:34.391 18681 18790 W mple.ubcexplor: Accessing hidden method Lsun/misc/Unsafe;->getInt(Ljava/lang/Object;J)I (greylist, linking, allowed)
07-31 05:47:34.392 18681 18790 W mple.ubcexplor: Accessing hidden method Lsun/misc/Unsafe;->getObject(Ljava/lang/Object;J)Ljava/lang/Object; (greylist, linking, allowed)
07-31 05:47:34.394 18681 18790 W mple.ubcexplor: Accessing hidden method Lsun/misc/Unsafe;->getInt(Ljava/lang/Object;J)I (greylist, linking, allowed)
07-31 05:47:34.394 18681 18790 W mple.ubcexplor: Accessing hidden method Lsun/misc/Unsafe;->getObject(Ljava/lang/Object;J)Ljava/lang/Object; (greylist, linking, allowed)
07-31 05:47:34.395 18681 18712 I TestRunner: finished: BottomLocationTest(com.example.ubcexplore.EspressoTestLocation)
