07-31 05:47:31.408  1806  6159 W audio_hw_generic: Hardware backing HAL too slow, could only write 0 of 661 frames
07-31 05:47:31.416 18681 18681 D LifecycleMonitor: Lifecycle status change: com.example.ubcexplore.LocationMapActivity@693e195 in: PRE_ON_CREATE
07-31 05:47:31.419 18681 18681 V ActivityScenario: Activity lifecycle changed event received but ignored because the intent does not match. startActivityIntent=Intent { act=android.intent.action.MAIN cat=[android.intent.category.LAUNCHER] cmp=com.example.ubcexplore/.MainActivity }, activity.getIntent()=Intent { cmp=com.example.ubcexplore/.LocationMapActivity (has extras) }, activity=com.example.ubcexplore.LocationMapActivity@693e195
07-31 05:47:31.424  1806  6159 W audio_hw_generic: Hardware backing HAL too slow, could only write 0 of 661 frames
07-31 05:47:31.436 18681 18681 D MapsInitializer: preferredRenderer: null
07-31 05:47:31.438 18681 18681 D zzca    : preferredRenderer: null
07-31 05:47:31.438  1806  6159 W audio_hw_generic: Hardware backing HAL too slow, could only write 0 of 661 frames
07-31 05:47:31.444 18681 18681 I zzca    : Making Creator dynamically
07-31 05:47:31.454  1806  6159 W audio_hw_generic: Hardware backing HAL too slow, could only write 0 of 661 frames
07-31 05:47:31.467  1806  6159 W audio_hw_generic: Hardware backing HAL too slow, could only write 0 of 661 frames
07-31 05:47:31.476 18681 18681 I DynamiteModule: Considering local module com.google.android.gms.maps_dynamite:0 and remote module com.google.android.gms.maps_dynamite:203115000
07-31 05:47:31.476 18681 18681 I DynamiteModule: Selected remote version of com.google.android.gms.maps_dynamite, version >= 203115000
07-31 05:47:31.476 18681 18681 V DynamiteModule: Dynamite loader version >= 2, using loadModule2NoCrashUtils
07-31 05:47:31.484  1806  6159 W audio_hw_generic: Hardware backing HAL too slow, could only write 0 of 661 frames
07-31 05:47:31.574  1806  6159 I chatty  : uid=1041(audioserver) writer identical 6 lines
07-31 05:47:31.589  1806  6159 W audio_hw_generic: Hardware backing HAL too slow, could only write 0 of 661 frames
07-31 05:47:31.593 18681 18681 I Google Maps Android API: Google Play services client version: 12451000
07-31 05:47:31.604  1806  6159 W audio_hw_generic: Hardware backing HAL too slow, could only write 0 of 661 frames
07-31 05:47:31.618  1806  6159 W audio_hw_generic: Hardware backing HAL too slow, could only write 0 of 661 frames
07-31 05:47:31.625 18681 18681 W mple.ubcexplor: Accessing hidden method Lsun/misc/Unsafe;->putObject(Ljava/lang/Object;JLjava/lang/Object;)V (greylist, linking, allowed)
07-31 05:47:31.626  2574  2574 D BoundBrokerSvc: onBind: Intent { act=com.google.android.gms.phenotype.service.START pkg=com.google.android.gms }
07-31 05:47:31.626  2574  2574 D BoundBrokerSvc: Loading bound service for intent: Intent { act=com.google.android.gms.phenotype.service.START pkg=com.google.android.gms }
07-31 05:47:31.629 18681 18681 W mple.ubcexplor: Accessing hidden method Lsun/misc/Unsafe;->compareAndSwapObject(Ljava/lang/Object;JLjava/lang/Object;Ljava/lang/Object;)Z (greylist, linking, allowed)
07-31 05:47:31.629 18681 18681 W mple.ubcexplor: Accessing hidden method Lsun/misc/Unsafe;->getObject(Ljava/lang/Object;J)Ljava/lang/Object; (greylist, linking, allowed)
07-31 05:47:31.634  1806  6159 W audio_hw_generic: Hardware backing HAL too slow, could only write 0 of 661 frames
07-31 05:47:31.647  1806  6159 I chatty  : uid=1041(audioserver) writer identical 1 line
07-31 05:47:31.664  1806  6159 W audio_hw_generic: Hardware backing HAL too slow, could only write 0 of 661 frames
07-31 05:47:31.676 18681 18681 W mple.ubcexplor: Accessing hidden method Lsun/misc/Unsafe;->putInt(Ljava/lang/Object;JI)V (greylist, linking, allowed)
07-31 05:47:31.676 18681 18681 W mple.ubcexplor: Accessing hidden method Lsun/misc/Unsafe;->getInt(Ljava/lang/Object;J)I (greylist, linking, allowed)
07-31 05:47:31.676 18681 18681 W mple.ubcexplor: Accessing hidden method Lsun/misc/Unsafe;->putLong(Ljava/lang/Object;JJ)V (greylist, linking, allowed)
07-31 05:47:31.676 18681 18681 W mple.ubcexplor: Accessing hidden method Lsun/misc/Unsafe;->getObject(Ljava/lang/Object;J)Ljava/lang/Object; (greylist, linking, allowed)
07-31 05:47:31.676 18681 18681 W mple.ubcexplor: Accessing hidden method Lsun/misc/Unsafe;->putObject(Ljava/lang/Object;JLjava/lang/Object;)V (greylist, linking, allowed)
07-31 05:47:31.677 18681 18681 W mple.ubcexplor: Accessing hidden method Lsun/misc/Unsafe;->getLong(Ljava/lang/Object;J)J (greylist,core-platform-api, linking, allowed)
07-31 05:47:31.678  1806  6159 W audio_hw_generic: Hardware backing HAL too slow, could only write 0 of 661 frames
07-31 05:47:31.687 18681 18681 W mple.ubcexplor: Accessing hidden method Lsun/misc/Unsafe;->allocateInstance(Ljava/lang/Class;)Ljava/lang/Object; (greylist, linking, allowed)
07-31 05:47:31.689 18681 18681 W mple.ubcexplor: Accessing hidden method Llibcore/io/Memory;->peekLong(JZ)J (greylist, reflection, allowed)
07-31 05:47:31.689 18681 18681 W mple.ubcexplor: Accessing hidden method Llibcore/io/Memory;->pokeLong(JJZ)V (greylist, reflection, allowed)
07-31 05:47:31.689 18681 18681 W mple.ubcexplor: Accessing hidden method Llibcore/io/Memory;->pokeInt(JIZ)V (greylist, reflection, allowed)
07-31 05:47:31.689 18681 18681 W mple.ubcexplor: Accessing hidden method Llibcore/io/Memory;->peekInt(JZ)I (greylist, reflection, allowed)
07-31 05:47:31.689 18681 18681 W mple.ubcexplor: Accessing hidden method Llibcore/io/Memory;->pokeByte(JB)V (greylist, reflection, allowed)
07-31 05:47:31.689 18681 18681 W mple.ubcexplor: Accessing hidden method Llibcore/io/Memory;->peekByte(J)B (greylist, reflection, allowed)
07-31 05:47:31.690 18681 18681 W mple.ubcexplor: Accessing hidden method Llibcore/io/Memory;->pokeByteArray(J[BII)V (greylist, reflection, allowed)
07-31 05:47:31.690 18681 18681 W mple.ubcexplor: Accessing hidden method Llibcore/io/Memory;->peekByteArray(J[BII)V (greylist, reflection, allowed)
07-31 05:47:31.691 18681 18681 W mple.ubcexplor: Accessing hidden method Lsun/misc/Unsafe;->arrayBaseOffset(Ljava/lang/Class;)I (greylist,core-platform-api, linking, allowed)
07-31 05:47:31.691 18681 18681 W mple.ubcexplor: Accessing hidden method Lsun/misc/Unsafe;->getInt(Ljava/lang/Object;J)I (greylist, linking, allowed)
07-31 05:47:31.691 18681 18681 W mple.ubcexplor: Accessing hidden method Lsun/misc/Unsafe;->getLong(Ljava/lang/Object;J)J (greylist,core-platform-api, linking, allowed)
07-31 05:47:31.691 18681 18681 W mple.ubcexplor: Accessing hidden method Lsun/misc/Unsafe;->getObject(Ljava/lang/Object;J)Ljava/lang/Object; (greylist, linking, allowed)
07-31 05:47:31.691 18681 18681 W mple.ubcexplor: Accessing hidden method Lsun/misc/Unsafe;->putInt(Ljava/lang/Object;JI)V (greylist, linking, allowed)
07-31 05:47:31.692 18681 18681 W mple.ubcexplor: Accessing hidden method Lsun/misc/Unsafe;->putLong(Ljava/lang/Object;JJ)V (greylist, linking, allowed)
07-31 05:47:31.692 18681 18681 W mple.ubcexplor: Accessing hidden method Lsun/misc/Unsafe;->putObject(Ljava/lang/Object;JLjava/lang/Object;)V (greylist, linking, allowed)
07-31 05:47:31.693  1806  6159 W audio_hw_generic: Hardware backing HAL too slow, could only write 0 of 661 frames
07-31 05:47:31.693 18681 18681 W mple.ubcexplor: Accessing hidden method Lsun/misc/Unsafe;->arrayIndexScale(Ljava/lang/Class;)I (greylist, linking, allowed)
07-31 05:47:31.695 18681 18681 W mple.ubcexplor: Accessing hidden method Lsun/misc/Unsafe;->getLong(Ljava/lang/Object;J)J (greylist,core-platform-api, reflection, allowed)
07-31 05:47:31.695 18681 18681 W mple.ubcexplor: Accessing hidden field Ljava/nio/Buffer;->address:J (greylist, reflection, allowed)
07-31 05:47:31.695 18681 18681 W mple.ubcexplor: Accessing hidden method Lsun/misc/Unsafe;->getInt(Ljava/lang/Object;J)I (greylist, reflection, allowed)
07-31 05:47:31.695 18681 18681 W mple.ubcexplor: Accessing hidden method Lsun/misc/Unsafe;->putInt(Ljava/lang/Object;JI)V (greylist, reflection, allowed)
07-31 05:47:31.696 18681 18681 W mple.ubcexplor: Accessing hidden method Lsun/misc/Unsafe;->getLong(Ljava/lang/Object;J)J (greylist,core-platform-api, reflection, allowed)
07-31 05:47:31.696 18681 18681 W mple.ubcexplor: Accessing hidden method Lsun/misc/Unsafe;->putLong(Ljava/lang/Object;JJ)V (greylist, reflection, allowed)
07-31 05:47:31.696 18681 18681 W mple.ubcexplor: Accessing hidden method Lsun/misc/Unsafe;->getObject(Ljava/lang/Object;J)Ljava/lang/Object; (greylist, reflection, allowed)
07-31 05:47:31.696 18681 18681 W mple.ubcexplor: Accessing hidden method Lsun/misc/Unsafe;->putObject(Ljava/lang/Object;JLjava/lang/Object;)V (greylist, reflection, allowed)
07-31 05:47:31.699 18681 18681 W mple.ubcexplor: Accessing hidden method Lsun/misc/Unsafe;->putObject(Ljava/lang/Object;JLjava/lang/Object;)V (greylist, linking, allowed)
07-31 05:47:31.700 18681 18681 W mple.ubcexplor: Accessing hidden method Lsun/misc/Unsafe;->putInt(Ljava/lang/Object;JI)V (greylist, linking, allowed)
07-31 05:47:31.702 18681 18681 W mple.ubcexplor: Accessing hidden method Lsun/misc/Unsafe;->putLong(Ljava/lang/Object;JJ)V (greylist, linking, allowed)
07-31 05:47:31.707  1806  6159 W audio_hw_generic: Hardware backing HAL too slow, could only write 0 of 661 frames
07-31 05:47:31.709 18681 18681 I Google Maps Android API: Google Play services package version: 222615031
07-31 05:47:31.710 18681 18681 I Google Maps Android API: Google Play services maps renderer version(legacy): 203115000
07-31 05:47:31.719 18681 18681 W mple.ubcexplor: Accessing hidden method Lsun/misc/Unsafe;->compareAndSwapObject(Ljava/lang/Object;JLjava/lang/Object;Ljava/lang/Object;)Z (greylist, linking, allowed)
07-31 05:47:31.724  1806  6159 W audio_hw_generic: Hardware backing HAL too slow, could only write 0 of 661 frames
07-31 05:47:31.737  1806  6159 W audio_hw_generic: Hardware backing HAL too slow, could only write 0 of 661 frames
07-31 05:47:31.742  1789  1789 D Zygote  : Forked child process 18793
07-31 05:47:31.745 18793 18793 W e.process.gapp: Unexpected CPU variant for X86 using defaults: x86
07-31 05:47:31.752  1806  6159 W audio_hw_generic: Hardware backing HAL too slow, could only write 0 of 661 frames
07-31 05:47:31.758 18793 18793 E e.process.gapp: Not starting debugger since process cannot load the jdwp agent.
07-31 05:47:31.768  1806  6159 W audio_hw_generic: Hardware backing HAL too slow, could only write 0 of 661 frames
07-31 05:47:31.776 18793 18793 I e.process.gapp: The ClassLoaderContext is a special shared library.
07-31 05:47:31.782 18793 18793 I e.process.gapp: The ClassLoaderContext is a special shared library.
07-31 05:47:31.784  1806  6159 W audio_hw_generic: Hardware backing HAL too slow, could only write 0 of 661 frames
07-31 05:47:31.797  1806  6159 I chatty  : uid=1041(audioserver) writer identical 1 line
07-31 05:47:31.813  1806  6159 W audio_hw_generic: Hardware backing HAL too slow, could only write 0 of 661 frames
07-31 05:47:31.822 18793 18793 I GoogleHttpClient: GMS http client unavailable, use old client
07-31 05:47:31.827  1806  6159 W audio_hw_generic: Hardware backing HAL too slow, could only write 0 of 661 frames
07-31 05:47:31.918  1806  6159 I chatty  : uid=1041(audioserver) writer identical 6 lines
07-31 05:47:31.932  1806  6159 W audio_hw_generic: Hardware backing HAL too slow, could only write 0 of 661 frames
07-31 05:47:31.938 18681 18681 W mple.ubcexplor: Accessing hidden method Lsun/misc/Unsafe;->putObject(Ljava/lang/Object;JLjava/lang/Object;)V (greylist, linking, allowed)
07-31 05:47:31.947  1806  6159 W audio_hw_generic: Hardware backing HAL too slow, could only write 0 of 661 frames
07-31 05:47:31.951 18681 18681 W mple.ubcexplor: Accessing hidden method Lsun/misc/Unsafe;->putInt(Ljava/lang/Object;JI)V (greylist, linking, allowed)
07-31 05:47:31.951 18681 18681 W mple.ubcexplor: Accessing hidden method Lsun/misc/Unsafe;->putLong(Ljava/lang/Object;JJ)V (greylist, linking, allowed)
07-31 05:47:31.954 18681 18681 W mple.ubcexplor: Accessing hidden method Lsun/misc/Unsafe;->putObject(Ljava/lang/Object;JLjava/lang/Object;)V (greylist, linking, allowed)
07-31 05:47:31.955 18681 18681 W mple.ubcexplor: Accessing hidden method Lsun/misc/Unsafe;->putLong(Ljava/lang/Object;JJ)V (greylist, linking, allowed)
07-31 05:47:31.962  1806  6159 W audio_hw_generic: Hardware backing HAL too slow, could only write 0 of 661 frames
07-31 05:47:31.978  1806  6159 I chatty  : uid=1041(audioserver) writer identical 1 line
07-31 05:47:31.994  1806  6159 W audio_hw_generic: Hardware backing HAL too slow, could only write 0 of 661 frames
07-31 05:47:31.997 18681 18681 W mple.ubcexplor: Accessing hidden method Lsun/misc/Unsafe;->compareAndSwapObject(Ljava/lang/Object;JLjava/lang/Object;Ljava/lang/Object;)Z (greylist, linking, allowed)
07-31 05:47:32.008  1806  6159 W audio_hw_generic: Hardware backing HAL too slow, could only write 0 of 661 frames
07-31 05:47:32.009 18681 18681 D MapsInitializer: loadedRenderer: LEGACY
07-31 05:47:32.010 18681 18681 D zzca    : preferredRenderer: null
07-31 05:47:32.013 18681 18681 I Google Maps Android API: Google Play services package version: 222615031
07-31 05:47:32.013 18681 18681 I Google Maps Android API: Google Play services maps renderer version(legacy): 203115000
07-31 05:47:32.022  1806  6159 W audio_hw_generic: Hardware backing HAL too slow, could only write 0 of 661 frames
07-31 05:47:32.128  1806  6159 I chatty  : uid=1041(audioserver) writer identical 7 lines
07-31 05:47:32.143  1806  6159 W audio_hw_generic: Hardware backing HAL too slow, could only write 0 of 661 frames
07-31 05:47:32.153  1817  2351 E GnssHAL_GnssInterface: gnssSvStatusCb: a: input svInfo.flags is 8
07-31 05:47:32.153  1817  2351 E GnssHAL_GnssInterface: gnssSvStatusCb: b: input svInfo.flags is 8
07-31 05:47:32.158  1806  6159 W audio_hw_generic: Hardware backing HAL too slow, could only write 0 of 661 frames
07-31 05:47:32.170 18681 18827 W mple.ubcexplor: Accessing hidden method Lsun/misc/Unsafe;->putInt(Ljava/lang/Object;JI)V (greylist, linking, allowed)
07-31 05:47:32.170 18681 18827 W mple.ubcexplor: Accessing hidden method Lsun/misc/Unsafe;->getInt(Ljava/lang/Object;J)I (greylist, linking, allowed)
07-31 05:47:32.170 18681 18827 W mple.ubcexplor: Accessing hidden method Lsun/misc/Unsafe;->putLong(Ljava/lang/Object;JJ)V (greylist, linking, allowed)
07-31 05:47:32.171 18681 18827 W mple.ubcexplor: Accessing hidden method Lsun/misc/Unsafe;->getObject(Ljava/lang/Object;J)Ljava/lang/Object; (greylist, linking, allowed)
07-31 05:47:32.171 18681 18827 W mple.ubcexplor: Accessing hidden method Lsun/misc/Unsafe;->putObject(Ljava/lang/Object;JLjava/lang/Object;)V (greylist, linking, allowed)
07-31 05:47:32.172  1806  6159 W audio_hw_generic: Hardware backing HAL too slow, could only write 0 of 661 frames
07-31 05:47:32.188  1806  6159 W audio_hw_generic: Hardware backing HAL too slow, could only write 0 of 661 frames
07-31 05:47:32.190 18681 18827 W mple.ubcexplor: Accessing hidden method Lsun/misc/Unsafe;->getObject(Ljava/lang/Object;J)Ljava/lang/Object; (greylist, linking, allowed)
07-31 05:47:32.194 18681 18829 W mple.ubcexplor: Accessing hidden method Lsun/misc/Unsafe;->getObject(Ljava/lang/Object;J)Ljava/lang/Object; (greylist, linking, allowed)
07-31 05:47:32.195 18681 18829 W mple.ubcexplor: Accessing hidden method Lsun/misc/Unsafe;->putObject(Ljava/lang/Object;JLjava/lang/Object;)V (greylist, linking, allowed)
07-31 05:47:32.201 18681 18681 W mple.ubcexplor: Accessing hidden method Lsun/misc/Unsafe;->compareAndSwapObject(Ljava/lang/Object;JLjava/lang/Object;Ljava/lang/Object;)Z (greylist, linking, allowed)
07-31 05:47:32.202  1806  6159 W audio_hw_generic: Hardware backing HAL too slow, could only write 0 of 661 frames
07-31 05:47:32.209 18681 18829 W mple.ubcexplor: Accessing hidden method Lsun/misc/Unsafe;->getLong(Ljava/lang/Object;J)J (greylist,core-platform-api, linking, allowed)
07-31 05:47:32.209 18681 18829 W mple.ubcexplor: Accessing hidden method Lsun/misc/Unsafe;->getObject(Ljava/lang/Object;J)Ljava/lang/Object; (greylist, linking, allowed)
07-31 05:47:32.209 18681 18829 I chatty  : uid=10165(com.example.ubcexplore) androidmapsapi- identical 1 line
07-31 05:47:32.212 18681 18829 W mple.ubcexplor: Accessing hidden method Lsun/misc/Unsafe;->getObject(Ljava/lang/Object;J)Ljava/lang/Object; (greylist, linking, allowed)
07-31 05:47:32.218  1806  6159 W audio_hw_generic: Hardware backing HAL too slow, could only write 0 of 661 frames
07-31 05:47:32.308  1806  6159 I chatty  : uid=1041(audioserver) writer identical 6 lines
07-31 05:47:32.322  1806  6159 W audio_hw_generic: Hardware backing HAL too slow, could only write 0 of 661 frames
07-31 05:47:32.331 18681 18681 W mple.ubcexplor: Accessing hidden method Lsun/misc/Unsafe;->compareAndSwapObject(Ljava/lang/Object;JLjava/lang/Object;Ljava/lang/Object;)Z (greylist, linking, allowed)
07-31 05:47:32.333 18681 18681 W mple.ubcexplor: Accessing hidden method Lsun/misc/Unsafe;->getObject(Ljava/lang/Object;J)Ljava/lang/Object; (greylist, linking, allowed)
07-31 05:47:32.333 18681 18681 W mple.ubcexplor: Accessing hidden method Lsun/misc/Unsafe;->putObject(Ljava/lang/Object;JLjava/lang/Object;)V (greylist, linking, allowed)
07-31 05:47:32.333 18681 18681 W mple.ubcexplor: Accessing hidden method Lsun/misc/Unsafe;->getInt(Ljava/lang/Object;J)I (greylist, linking, allowed)
07-31 05:47:32.337  1806  6159 W audio_hw_generic: Hardware backing HAL too slow, could only write 0 of 661 frames
07-31 05:47:32.337 18681 18681 W mple.ubcexplor: Accessing hidden method Lsun/misc/Unsafe;->putInt(Ljava/lang/Object;JI)V (greylist, linking, allowed)
07-31 05:47:32.353  1806  6159 W audio_hw_generic: Hardware backing HAL too slow, could only write 0 of 661 frames
07-31 05:47:32.359 18681 18681 D LifecycleMonitor: Lifecycle status change: com.example.ubcexplore.LocationMapActivity@693e195 in: CREATED
07-31 05:47:32.360 18681 18681 V ActivityScenario: Activity lifecycle changed event received but ignored because the intent does not match. startActivityIntent=Intent { act=android.intent.action.MAIN cat=[android.intent.category.LAUNCHER] cmp=com.example.ubcexplore/.MainActivity }, activity.getIntent()=Intent { cmp=com.example.ubcexplore/.LocationMapActivity (has extras) }, activity=com.example.ubcexplore.LocationMapActivity@693e195
07-31 05:47:32.365 18681 18681 W mple.ubcexplor: Accessing hidden method Lsun/misc/Unsafe;->compareAndSwapObject(Ljava/lang/Object;JLjava/lang/Object;Ljava/lang/Object;)Z (greylist, linking, allowed)
07-31 05:47:32.367  1806  6159 W audio_hw_generic: Hardware backing HAL too slow, could only write 0 of 661 frames
07-31 05:47:32.368 18681 18681 D LifecycleMonitor: Lifecycle status change: com.example.ubcexplore.LocationMapActivity@693e195 in: STARTED
07-31 05:47:32.369 18681 18681 V ActivityScenario: Activity lifecycle changed event received but ignored because the intent does not match. startActivityIntent=Intent { act=android.intent.action.MAIN cat=[android.intent.category.LAUNCHER] cmp=com.example.ubcexplore/.MainActivity }, activity.getIntent()=Intent { cmp=com.example.ubcexplore/.LocationMapActivity (has extras) }, activity=com.example.ubcexplore.LocationMapActivity@693e195
07-31 05:47:32.369 18681 18681 D LifecycleMonitor: Lifecycle status change: com.example.ubcexplore.LocationMapActivity@693e195 in: RESUMED
07-31 05:47:32.370 18681 18681 V ActivityScenario: Activity lifecycle changed event received but ignored because the intent does not match. startActivityIntent=Intent { act=android.intent.action.MAIN cat=[android.intent.category.LAUNCHER] cmp=com.example.ubcexplore/.MainActivity }, activity.getIntent()=Intent { cmp=com.example.ubcexplore/.LocationMapActivity (has extras) }, activity=com.example.ubcexplore.LocationMapActivity@693e195
07-31 05:47:32.384  1806  6159 W audio_hw_generic: Hardware backing HAL too slow, could only write 0 of 661 frames
07-31 05:47:32.412  1806  6159 I chatty  : uid=1041(audioserver) writer identical 2 lines
07-31 05:47:32.428  1806  6159 W audio_hw_generic: Hardware backing HAL too slow, could only write 0 of 661 frames
07-31 05:47:32.432  1820  1874 D gralloc_ranchu: gralloc_alloc: Creating ashmem region of size 9334784
07-31 05:47:32.438  1820  1874 I chatty  : uid=1000(system) HwBinder:1820_1 identical 1 line
07-31 05:47:32.439  1820  1874 D gralloc_ranchu: gralloc_alloc: Creating ashmem region of size 9334784
07-31 05:47:32.440 18681 18841 D HostConnection: HostConnection::get() New Host Connection established 0xd8257180, tid 18841
07-31 05:47:32.441 18681 18841 D HostConnection: HostComposition ext ANDROID_EMU_CHECKSUM_HELPER_v1 ANDROID_EMU_dma_v1 ANDROID_EMU_direct_mem ANDROID_EMU_host_composition_v1 ANDROID_EMU_host_composition_v2 ANDROID_EMU_vulkan ANDROID_EMU_deferred_vulkan_commands ANDROID_EMU_vulkan_null_optional_strings ANDROID_EMU_vulkan_create_resources_with_requirements ANDROID_EMU_YUV420_888_to_NV21 ANDROID_EMU_YUV_Cache ANDROID_EMU_vulkan_free_memory_sync ANDROID_EMU_vulkan_shader_float16_int8 ANDROID_EMU_vulkan_async_queue_submit ANDROID_EMU_sync_buffer_data GL_OES_EGL_image_external_essl3 GL_OES_vertex_array_object GL_KHR_texture_compression_astc_ldr ANDROID_EMU_host_side_tracing ANDROID_EMU_gles_max_version_3_0
07-31 05:47:32.443  1806  6159 W audio_hw_generic: Hardware backing HAL too slow, could only write 0 of 661 frames
07-31 05:47:32.446 18681 18699 I ba      : Successfully registered with Phenotype.
07-31 05:47:32.451 18681 18748 D EGL_emulation: eglMakeCurrent: 0xe0347140: ver 3 0 (tinfo 0xe0339fb0)
07-31 05:47:32.457  1806  6159 W audio_hw_generic: Hardware backing HAL too slow, could only write 0 of 661 frames
07-31 05:47:32.469 18681 18841 D eglCodecCommon: setVertexArrayObject: set vao to 0 (0) 0 0
07-31 05:47:32.469 18681 18841 D EGL_emulation: eglCreateContext: 0xd821b680: maj 1 min 0 rcv 1
07-31 05:47:32.470  1679  1679 I hwservicemanager: getTransport: Cannot find entry android.hardware.graphics.allocator@3.0::IAllocator/default in either framework or device manifest.
07-31 05:47:32.471 18681 18841 W Gralloc3: allocator 3.x is not supported
07-31 05:47:32.472  1806  6159 W audio_hw_generic: Hardware backing HAL too slow, could only write 0 of 661 frames
07-31 05:47:32.474  1820  1874 D gralloc_ranchu: gralloc_alloc: Creating ashmem region of size 8478720
07-31 05:47:32.488  1806  6159 W audio_hw_generic: Hardware backing HAL too slow, could only write 0 of 661 frames
07-31 05:47:32.518  1806  6159 I chatty  : uid=1041(audioserver) writer identical 2 lines
07-31 05:47:32.533  1806  6159 W audio_hw_generic: Hardware backing HAL too slow, could only write 0 of 661 frames
07-31 05:47:32.538 18681 18841 D EGL_emulation: eglMakeCurrent: 0xd821b680: ver 1 0 (tinfo 0xd820ff60)
07-31 05:47:32.538  1861 12360 I Camera3-Device: disconnectImpl: E
07-31 05:47:32.538  1861 12360 I Camera2ClientBase: Closed Camera 0. Client was: com.example.ubcexplore (PID 18681, UID 10165)
07-31 05:47:32.538  1861 12360 I Camera3-Device: disconnectImpl: E
07-31 05:47:32.548  1806  6159 W audio_hw_generic: Hardware backing HAL too slow, could only write 0 of 661 frames
07-31 05:47:32.558  2039  2064 W InputReader: Device has associated, but no associated display id.
07-31 05:47:32.561  2039  2064 I chatty  : uid=1000(system) android.anim identical 18 lines
07-31 05:47:32.561  2039  2064 W InputReader: Device has associated, but no associated display id.
07-31 05:47:32.563  1806  6159 W audio_hw_generic: Hardware backing HAL too slow, could only write 0 of 661 frames
07-31 05:47:32.572 18681 18829 W mple.ubcexplor: Accessing hidden method Lsun/misc/Unsafe;->putObject(Ljava/lang/Object;JLjava/lang/Object;)V (greylist, linking, allowed)
07-31 05:47:32.573 18681 18829 W mple.ubcexplor: Accessing hidden method Lsun/misc/Unsafe;->putLong(Ljava/lang/Object;JJ)V (greylist, linking, allowed)
07-31 05:47:32.574 18681 18829 W mple.ubcexplor: Accessing hidden method Lsun/misc/Unsafe;->getLong(Ljava/lang/Object;J)J (greylist,core-platform-api, linking, allowed)
07-31 05:47:32.577  1806  6159 W audio_hw_generic: Hardware backing HAL too slow, could only write 0 of 661 frames
07-31 05:47:32.590 18681 18748 D EGL_emulation: eglMakeCurrent: 0xe0347140: ver 3 0 (tinfo 0xe0339fb0)
07-31 05:47:32.592  1806  6159 W audio_hw_generic: Hardware backing HAL too slow, could only write 0 of 661 frames
07-31 05:47:32.596 18681 18829 W mple.ubcexplor: Accessing hidden method Lsun/misc/Unsafe;->putObject(Ljava/lang/Object;JLjava/lang/Object;)V (greylist, linking, allowed)
07-31 05:47:32.596 18681 18829 W mple.ubcexplor: Accessing hidden method Lsun/misc/Unsafe;->putLong(Ljava/lang/Object;JJ)V (greylist, linking, allowed)
07-31 05:47:32.597 18681 18829 I chatty  : uid=10165(com.example.ubcexplore) androidmapsapi- identical 1 line
07-31 05:47:32.600 18681 18829 W mple.ubcexplor: Accessing hidden method Lsun/misc/Unsafe;->putLong(Ljava/lang/Object;JJ)V (greylist, linking, allowed)
07-31 05:47:32.608  1806  6159 W audio_hw_generic: Hardware backing HAL too slow, could only write 0 of 661 frames
07-31 05:47:32.609 18681 18829 W mple.ubcexplor: Accessing hidden method Lsun/misc/Unsafe;->getLong(Ljava/lang/Object;J)J (greylist,core-platform-api, linking, allowed)
07-31 05:47:32.621 18681 18829 W mple.ubcexplor: Accessing hidden method Lsun/misc/Unsafe;->putObject(Ljava/lang/Object;JLjava/lang/Object;)V (greylist, linking, allowed)
07-31 05:47:32.622  1806  6159 W audio_hw_generic: Hardware backing HAL too slow, could only write 0 of 661 frames
07-31 05:47:32.629 18681 18845 W mple.ubcexplor: Accessing hidden method Lsun/misc/Unsafe;->getObject(Ljava/lang/Object;J)Ljava/lang/Object; (greylist, linking, allowed)
07-31 05:47:32.638  1806  6159 W audio_hw_generic: Hardware backing HAL too slow, could only write 0 of 661 frames
07-31 05:47:32.667  1806  6159 I chatty  : uid=1041(audioserver) writer identical 2 lines
07-31 05:47:32.681  1806  6159 W audio_hw_generic: Hardware backing HAL too slow, could only write 0 of 661 frames
07-31 05:47:32.691 18681 18846 W mple.ubcexplor: Accessing hidden method Lsun/misc/Unsafe;->getObject(Ljava/lang/Object;J)Ljava/lang/Object; (greylist, linking, allowed)
07-31 05:47:32.697  1806  6159 W audio_hw_generic: Hardware backing HAL too slow, could only write 0 of 661 frames
07-31 05:47:32.705  1820  1874 D gralloc_ranchu: gralloc_alloc: Creating ashmem region of size 8478720
07-31 05:47:32.709 18681 18846 W mple.ubcexplor: Accessing hidden method Lsun/misc/Unsafe;->getObject(Ljava/lang/Object;J)Ljava/lang/Object; (greylist, linking, allowed)
07-31 05:47:32.712  1806  6159 W audio_hw_generic: Hardware backing HAL too slow, could only write 0 of 661 frames
07-31 05:47:32.727  1806  6159 W audio_hw_generic: Hardware backing HAL too slow, could only write 0 of 661 frames
07-31 05:47:32.728 18681 18846 W mple.ubcexplor: Accessing hidden method Lsun/misc/Unsafe;->getObject(Ljava/lang/Object;J)Ljava/lang/Object; (greylist, linking, allowed)
07-31 05:47:32.739 18681 18748 D EGL_emulation: eglMakeCurrent: 0xe0347140: ver 3 0 (tinfo 0xe0339fb0)
07-31 05:47:32.742  1806  6159 W audio_hw_generic: Hardware backing HAL too slow, could only write 0 of 661 frames
07-31 05:47:32.757  1806  6159 W audio_hw_generic: Hardware backing HAL too slow, could only write 0 of 661 frames
07-31 05:47:32.758 18681 18846 W mple.ubcexplor: Accessing hidden method Lsun/misc/Unsafe;->getObject(Ljava/lang/Object;J)Ljava/lang/Object; (greylist, linking, allowed)
07-31 05:47:32.762 18681 18748 D EGL_emulation: eglMakeCurrent: 0xe0347140: ver 3 0 (tinfo 0xe0339fb0)
07-31 05:47:32.762  1820  1874 D gralloc_ranchu: gralloc_alloc: Creating ashmem region of size 8478720
07-31 05:47:32.771 18681 18846 W mple.ubcexplor: Accessing hidden method Lsun/misc/Unsafe;->getObject(Ljava/lang/Object;J)Ljava/lang/Object; (greylist, linking, allowed)
07-31 05:47:32.771  1806  6159 W audio_hw_generic: Hardware backing HAL too slow, could only write 0 of 661 frames
07-31 05:47:32.789  1806  6159 W audio_hw_generic: Hardware backing HAL too slow, could only write 0 of 661 frames
07-31 05:47:32.791 18681 18846 W mple.ubcexplor: Accessing hidden method Lsun/misc/Unsafe;->getObject(Ljava/lang/Object;J)Ljava/lang/Object; (greylist, linking, allowed)
07-31 05:47:32.791 18681 18748 D EGL_emulation: eglMakeCurrent: 0xe0347140: ver 3 0 (tinfo 0xe0339fb0)
07-31 05:47:32.797 18681 18845 W mple.ubcexplor: Accessing hidden method Lsun/misc/Unsafe;->putLong(Ljava/lang/Object;JJ)V (greylist, linking, allowed)
07-31 05:47:32.799 18681 18846 W mple.ubcexplor: Accessing hidden method Lsun/misc/Unsafe;->getObject(Ljava/lang/Object;J)Ljava/lang/Object; (greylist, linking, allowed)
07-31 05:47:32.803  1806  6159 W audio_hw_generic: Hardware backing HAL too slow, could only write 0 of 661 frames
07-31 05:47:32.810 18681 18748 D EGL_emulation: eglMakeCurrent: 0xe0347140: ver 3 0 (tinfo 0xe0339fb0)
07-31 05:47:32.816 18681 18846 W mple.ubcexplor: Accessing hidden method Lsun/misc/Unsafe;->getObject(Ljava/lang/Object;J)Ljava/lang/Object; (greylist, linking, allowed)
07-31 05:47:32.817  1806  6159 W audio_hw_generic: Hardware backing HAL too slow, could only write 0 of 661 frames
07-31 05:47:32.828 18681 18748 D EGL_emulation: eglMakeCurrent: 0xe0347140: ver 3 0 (tinfo 0xe0339fb0)
07-31 05:47:32.830 18681 18846 W mple.ubcexplor: Accessing hidden method Lsun/misc/Unsafe;->getObject(Ljava/lang/Object;J)Ljava/lang/Object; (greylist, linking, allowed)
07-31 05:47:32.832  1806  6159 W audio_hw_generic: Hardware backing HAL too slow, could only write 0 of 661 frames
07-31 05:47:32.843 18681 18748 D EGL_emulation: eglMakeCurrent: 0xe0347140: ver 3 0 (tinfo 0xe0339fb0)
07-31 05:47:32.847 18681 18846 W mple.ubcexplor: Accessing hidden method Lsun/misc/Unsafe;->getObject(Ljava/lang/Object;J)Ljava/lang/Object; (greylist, linking, allowed)
07-31 05:47:32.847  1806  6159 W audio_hw_generic: Hardware backing HAL too slow, could only write 0 of 661 frames
07-31 05:47:32.857 18681 18748 D EGL_emulation: eglMakeCurrent: 0xe0347140: ver 3 0 (tinfo 0xe0339fb0)
07-31 05:47:32.863  1806  6159 W audio_hw_generic: Hardware backing HAL too slow, could only write 0 of 661 frames
07-31 05:47:32.864 18681 18748 D EGL_emulation: eglMakeCurrent: 0xe0347140: ver 3 0 (tinfo 0xe0339fb0)
07-31 05:47:32.865 18681 18846 W mple.ubcexplor: Accessing hidden method Lsun/misc/Unsafe;->getObject(Ljava/lang/Object;J)Ljava/lang/Object; (greylist, linking, allowed)
07-31 05:47:32.876 18681 18748 D EGL_emulation: eglMakeCurrent: 0xe0347140: ver 3 0 (tinfo 0xe0339fb0)
07-31 05:47:32.877  1806  6159 W audio_hw_generic: Hardware backing HAL too slow, could only write 0 of 661 frames
07-31 05:47:32.882 18681 18846 W mple.ubcexplor: Accessing hidden method Lsun/misc/Unsafe;->getObject(Ljava/lang/Object;J)Ljava/lang/Object; (greylist, linking, allowed)
07-31 05:47:32.892  1806  6159 W audio_hw_generic: Hardware backing HAL too slow, could only write 0 of 661 frames
07-31 05:47:32.900 18681 18846 W mple.ubcexplor: Accessing hidden method Lsun/misc/Unsafe;->getObject(Ljava/lang/Object;J)Ljava/lang/Object; (greylist, linking, allowed)
07-31 05:47:32.907  1806  6159 W audio_hw_generic: Hardware backing HAL too slow, could only write 0 of 661 frames
07-31 05:47:32.916 18681 18846 W mple.ubcexplor: Accessing hidden method Lsun/misc/Unsafe;->getObject(Ljava/lang/Object;J)Ljava/lang/Object; (greylist, linking, allowed)
07-31 05:47:32.922  1806  6159 W audio_hw_generic: Hardware backing HAL too slow, could only write 0 of 661 frames
07-31 05:47:32.936 18681 18846 W mple.ubcexplor: Accessing hidden method Lsun/misc/Unsafe;->getObject(Ljava/lang/Object;J)Ljava/lang/Object; (greylist, linking, allowed)
07-31 05:47:32.938  1806  6159 W audio_hw_generic: Hardware backing HAL too slow, could only write 0 of 661 frames
07-31 05:47:32.951 18681 18846 W mple.ubcexplor: Accessing hidden method Lsun/misc/Unsafe;->getObject(Ljava/lang/Object;J)Ljava/lang/Object; (greylist, linking, allowed)
07-31 05:47:32.953  1806  6159 W audio_hw_generic: Hardware backing HAL too slow, could only write 0 of 661 frames
07-31 05:47:32.968  1806  6159 W audio_hw_generic: Hardware backing HAL too slow, could only write 0 of 661 frames
07-31 05:47:32.971 18681 18846 W mple.ubcexplor: Accessing hidden method Lsun/misc/Unsafe;->getObject(Ljava/lang/Object;J)Ljava/lang/Object; (greylist, linking, allowed)
07-31 05:47:32.982  1806  6159 W audio_hw_generic: Hardware backing HAL too slow, could only write 0 of 661 frames
07-31 05:47:32.990 18681 18846 W mple.ubcexplor: Accessing hidden method Lsun/misc/Unsafe;->getObject(Ljava/lang/Object;J)Ljava/lang/Object; (greylist, linking, allowed)
07-31 05:47:32.997  1806  6159 W audio_hw_generic: Hardware backing HAL too slow, could only write 0 of 661 frames
07-31 05:47:33.002 18681 18681 D LifecycleMonitor: Lifecycle status change: com.example.ubcexplore.MainActivity@8fdbc73 in: STOPPED
07-31 05:47:33.003 18681 18681 V ActivityScenario: Update currentActivityStage to STOPPED, currentActivity=com.example.ubcexplore.MainActivity@8fdbc73
07-31 05:47:33.011  1806  6159 W audio_hw_generic: Hardware backing HAL too slow, could only write 0 of 661 frames
07-31 05:47:33.014 18681 18846 W mple.ubcexplor: Accessing hidden method Lsun/misc/Unsafe;->getObject(Ljava/lang/Object;J)Ljava/lang/Object; (greylist, linking, allowed)
07-31 05:47:33.027  1806  6159 W audio_hw_generic: Hardware backing HAL too slow, could only write 0 of 661 frames
07-31 05:47:33.038 18681 18846 W mple.ubcexplor: Accessing hidden method Lsun/misc/Unsafe;->getObject(Ljava/lang/Object;J)Ljava/lang/Object; (greylist, linking, allowed)
07-31 05:47:33.042  1806  6159 W audio_hw_generic: Hardware backing HAL too slow, could only write 0 of 661 frames
07-31 05:47:33.046 18681 18846 W mple.ubcexplor: Accessing hidden method Lsun/misc/Unsafe;->getObject(Ljava/lang/Object;J)Ljava/lang/Object; (greylist, linking, allowed)
07-31 05:47:33.058  1806  6159 W audio_hw_generic: Hardware backing HAL too slow, could only write 0 of 661 frames
07-31 05:47:33.062 18681 18846 W mple.ubcexplor: Accessing hidden method Lsun/misc/Unsafe;->getObject(Ljava/lang/Object;J)Ljava/lang/Object; (greylist, linking, allowed)
07-31 05:47:33.071  1806  6159 W audio_hw_generic: Hardware backing HAL too slow, could only write 0 of 661 frames
07-31 05:47:33.079 18681 18846 W mple.ubcexplor: Accessing hidden method Lsun/misc/Unsafe;->getObject(Ljava/lang/Object;J)Ljava/lang/Object; (greylist, linking, allowed)
07-31 05:47:33.086  1806  6159 W audio_hw_generic: Hardware backing HAL too slow, could only write 0 of 661 frames
07-31 05:47:33.095 18681 18846 W mple.ubcexplor: Accessing hidden method Lsun/misc/Unsafe;->getObject(Ljava/lang/Object;J)Ljava/lang/Object; (greylist, linking, allowed)
07-31 05:47:33.102  1806  6159 W audio_hw_generic: Hardware backing HAL too slow, could only write 0 of 661 frames
07-31 05:47:33.112 18681 18846 W mple.ubcexplor: Accessing hidden method Lsun/misc/Unsafe;->getObject(Ljava/lang/Object;J)Ljava/lang/Object; (greylist, linking, allowed)
07-31 05:47:33.116  1806  6159 W audio_hw_generic: Hardware backing HAL too slow, could only write 0 of 661 frames
07-31 05:47:33.132  1806  6159 W audio_hw_generic: Hardware backing HAL too slow, could only write 0 of 661 frames
07-31 05:47:33.134 18681 18681 I ViewInteraction: Checking 'MatchesViewAssertion{viewMatcher=(view has effective visibility <VISIBLE> and view.getGlobalVisibleRect() to return non-empty rectangle)}' assertion on view view.getId() is <2131231040/com.example.ubcexplore:id/map>
07-31 05:47:33.137 18681 18681 I ViewInteraction: Checking 'MatchesViewAssertion{viewMatcher=(view has effective visibility <VISIBLE> and view.getGlobalVisibleRect() to return non-empty rectangle)}' assertion on view view.getId() is <2131230845/com.example.ubcexplore:id/button_map_cancel>
07-31 05:47:33.137 18681 18846 W mple.ubcexplor: Accessing hidden method Lsun/misc/Unsafe;->getObject(Ljava/lang/Object;J)Ljava/lang/Object; (greylist, linking, allowed)
07-31 05:47:33.139 18681 18681 I ViewInteraction: Performing 'single click' action on view view.getId() is <2131230845/com.example.ubcexplore:id/button_map_cancel>
07-31 05:47:33.147 18681 18846 W mple.ubcexplor: Accessing hidden method Lsun/misc/Unsafe;->getObject(Ljava/lang/Object;J)Ljava/lang/Object; (greylist, linking, allowed)
07-31 05:47:33.148  1806  6159 W audio_hw_generic: Hardware backing HAL too slow, could only write 0 of 661 frames
07-31 05:47:33.155  1817  2351 E GnssHAL_GnssInterface: gnssSvStatusCb: a: input svInfo.flags is 8
07-31 05:47:33.156  1817  2351 E GnssHAL_GnssInterface: gnssSvStatusCb: b: input svInfo.flags is 8
07-31 05:47:33.165  1806  6159 W audio_hw_generic: Hardware backing HAL too slow, could only write 0 of 661 frames
07-31 05:47:33.177  1806  6159 W audio_hw_generic: Hardware backing HAL too slow, could only write 0 of 661 frames
07-31 05:47:33.182 18681 18846 W mple.ubcexplor: Accessing hidden method Lsun/misc/Unsafe;->getObject(Ljava/lang/Object;J)Ljava/lang/Object; (greylist, linking, allowed)
07-31 05:47:33.193  1806  6159 W audio_hw_generic: Hardware backing HAL too slow, could only write 0 of 661 frames
07-31 05:47:33.201 18681 18846 W mple.ubcexplor: Accessing hidden method Lsun/misc/Unsafe;->getObject(Ljava/lang/Object;J)Ljava/lang/Object; (greylist, linking, allowed)
07-31 05:47:33.206  1806  6159 W audio_hw_generic: Hardware backing HAL too slow, could only write 0 of 661 frames
07-31 05:47:33.210 18681 18846 W mple.ubcexplor: Accessing hidden method Lsun/misc/Unsafe;->getObject(Ljava/lang/Object;J)Ljava/lang/Object; (greylist, linking, allowed)
07-31 05:47:33.217 18681 18846 W mple.ubcexplor: Accessing hidden method Lsun/misc/Unsafe;->getObject(Ljava/lang/Object;J)Ljava/lang/Object; (greylist, linking, allowed)
07-31 05:47:33.222  1806  6159 W audio_hw_generic: Hardware backing HAL too slow, could only write 0 of 661 frames
07-31 05:47:33.236 18681 18846 W mple.ubcexplor: Accessing hidden method Lsun/misc/Unsafe;->getObject(Ljava/lang/Object;J)Ljava/lang/Object; (greylist, linking, allowed)
07-31 05:47:33.238  1806  6159 W audio_hw_generic: Hardware backing HAL too slow, could only write 0 of 661 frames
07-31 05:47:33.250 18681 18846 W mple.ubcexplor: Accessing hidden method Lsun/misc/Unsafe;->getObject(Ljava/lang/Object;J)Ljava/lang/Object; (greylist, linking, allowed)
07-31 05:47:33.253  1806  6159 W audio_hw_generic: Hardware backing HAL too slow, could only write 0 of 661 frames
07-31 05:47:33.266 18681 18846 W mple.ubcexplor: Accessing hidden method Lsun/misc/Unsafe;->getObject(Ljava/lang/Object;J)Ljava/lang/Object; (greylist, linking, allowed)
07-31 05:47:33.267  1806  6159 W audio_hw_generic: Hardware backing HAL too slow, could only write 0 of 661 frames
07-31 05:47:33.282  1806  6159 W audio_hw_generic: Hardware backing HAL too slow, could only write 0 of 661 frames
07-31 05:47:33.287 18681 18846 W mple.ubcexplor: Accessing hidden method Lsun/misc/Unsafe;->getObject(Ljava/lang/Object;J)Ljava/lang/Object; (greylist, linking, allowed)
07-31 05:47:33.296  1806  6159 W audio_hw_generic: Hardware backing HAL too slow, could only write 0 of 661 frames
07-31 05:47:33.308 18681 18846 W mple.ubcexplor: Accessing hidden method Lsun/misc/Unsafe;->getObject(Ljava/lang/Object;J)Ljava/lang/Object; (greylist, linking, allowed)
07-31 05:47:33.312  1806  6159 W audio_hw_generic: Hardware backing HAL too slow, could only write 0 of 661 frames
07-31 05:47:33.320 18681 18846 W mple.ubcexplor: Accessing hidden method Lsun/misc/Unsafe;->getObject(Ljava/lang/Object;J)Ljava/lang/Object; (greylist, linking, allowed)
07-31 05:47:33.327  1806  6159 W audio_hw_generic: Hardware backing HAL too slow, could only write 0 of 661 frames
07-31 05:47:33.343  1806  6159 W audio_hw_generic: Hardware backing HAL too slow, could only write 0 of 661 frames
07-31 05:47:33.352 18681 18846 W mple.ubcexplor: Accessing hidden method Lsun/misc/Unsafe;->getObject(Ljava/lang/Object;J)Ljava/lang/Object; (greylist, linking, allowed)
07-31 05:47:33.357  1806  6159 W audio_hw_generic: Hardware backing HAL too slow, could only write 0 of 661 frames
07-31 05:47:33.365 18681 18846 W mple.ubcexplor: Accessing hidden method Lsun/misc/Unsafe;->getObject(Ljava/lang/Object;J)Ljava/lang/Object; (greylist, linking, allowed)
07-31 05:47:33.372  1806  6159 W audio_hw_generic: Hardware backing HAL too slow, could only write 0 of 661 frames
07-31 05:47:33.385 18681 18846 W mple.ubcexplor: Accessing hidden method Lsun/misc/Unsafe;->getObject(Ljava/lang/Object;J)Ljava/lang/Object; (greylist, linking, allowed)
07-31 05:47:33.387  1806  6159 W audio_hw_generic: Hardware backing HAL too slow, could only write 0 of 661 frames
07-31 05:47:33.403  1806  6159 W audio_hw_generic: Hardware backing HAL too slow, could only write 0 of 661 frames
07-31 05:47:33.411 18681 18846 W mple.ubcexplor: Accessing hidden method Lsun/misc/Unsafe;->getObject(Ljava/lang/Object;J)Ljava/lang/Object; (greylist, linking, allowed)
07-31 05:47:33.416  1806  6159 W audio_hw_generic: Hardware backing HAL too slow, could only write 0 of 661 frames
07-31 05:47:33.428 18681 18846 W mple.ubcexplor: Accessing hidden method Lsun/misc/Unsafe;->getObject(Ljava/lang/Object;J)Ljava/lang/Object; (greylist, linking, allowed)
07-31 05:47:33.432  1806  6159 W audio_hw_generic: Hardware backing HAL too slow, could only write 0 of 661 frames
07-31 05:47:33.444 18681 18846 W mple.ubcexplor: Accessing hidden method Lsun/misc/Unsafe;->getObject(Ljava/lang/Object;J)Ljava/lang/Object; (greylist, linking, allowed)
07-31 05:47:33.446  1806  6159 W audio_hw_generic: Hardware backing HAL too slow, could only write 0 of 661 frames
07-31 05:47:33.462 18681 18846 W mple.ubcexplor: Accessing hidden method Lsun/misc/Unsafe;->getObject(Ljava/lang/Object;J)Ljava/lang/Object; (greylist, linking, allowed)
07-31 05:47:33.462  1806  6159 W audio_hw_generic: Hardware backing HAL too slow, could only write 0 of 661 frames
07-31 05:47:33.477  1806  6159 W audio_hw_generic: Hardware backing HAL too slow, could only write 0 of 661 frames
07-31 05:47:33.477 18681 18846 W mple.ubcexplor: Accessing hidden method Lsun/misc/Unsafe;->getObject(Ljava/lang/Object;J)Ljava/lang/Object; (greylist, linking, allowed)
07-31 05:47:33.492  1806  6159 W audio_hw_generic: Hardware backing HAL too slow, could only write 0 of 661 frames
07-31 05:47:33.496 18681 18846 W mple.ubcexplor: Accessing hidden method Lsun/misc/Unsafe;->getObject(Ljava/lang/Object;J)Ljava/lang/Object; (greylist, linking, allowed)
07-31 05:47:33.507  1806  6159 W audio_hw_generic: Hardware backing HAL too slow, could only write 0 of 661 frames
07-31 05:47:33.509 18681 18846 W mple.ubcexplor: Accessing hidden method Lsun/misc/Unsafe;->getObject(Ljava/lang/Object;J)Ljava/lang/Object; (greylist, linking, allowed)
07-31 05:47:33.522  1806  6159 W audio_hw_generic: Hardware backing HAL too slow, could only write 0 of 661 frames
07-31 05:47:33.526 18681 18846 W mple.ubcexplor: Accessing hidden method Lsun/misc/Unsafe;->getObject(Ljava/lang/Object;J)Ljava/lang/Object; (greylist, linking, allowed)
07-31 05:47:33.536  1806  6159 W audio_hw_generic: Hardware backing HAL too slow, could only write 0 of 661 frames
07-31 05:47:33.544 18681 18846 W mple.ubcexplor: Accessing hidden method Lsun/misc/Unsafe;->getObject(Ljava/lang/Object;J)Ljava/lang/Object; (greylist, linking, allowed)
07-31 05:47:33.552  1806  6159 W audio_hw_generic: Hardware backing HAL too slow, could only write 0 of 661 frames
07-31 05:47:33.561 18681 18846 W mple.ubcexplor: Accessing hidden method Lsun/misc/Unsafe;->getObject(Ljava/lang/Object;J)Ljava/lang/Object; (greylist, linking, allowed)
07-31 05:47:33.567  1806  6159 W audio_hw_generic: Hardware backing HAL too slow, could only write 0 of 661 frames
07-31 05:47:33.577 18681 18846 W mple.ubcexplor: Accessing hidden method Lsun/misc/Unsafe;->getObject(Ljava/lang/Object;J)Ljava/lang/Object; (greylist, linking, allowed)
07-31 05:47:33.578 18681 18846 I Counters: exceeded sample count in FrameTime
07-31 05:47:33.582  1806  6159 W audio_hw_generic: Hardware backing HAL too slow, could only write 0 of 661 frames
07-31 05:47:33.595 18681 18846 W mple.ubcexplor: Accessing hidden method Lsun/misc/Unsafe;->getObject(Ljava/lang/Object;J)Ljava/lang/Object; (greylist, linking, allowed)
07-31 05:47:33.595 18681 18846 I Counters: exceeded sample count in FrameTime
07-31 05:47:33.596  1806  6159 W audio_hw_generic: Hardware backing HAL too slow, could only write 0 of 661 frames
07-31 05:47:33.611 18681 18841 W mple.ubcexplor: Accessing hidden field Ljava/nio/Buffer;->position:I (greylist, JNI, allowed)
07-31 05:47:33.611 18681 18841 W mple.ubcexplor: Accessing hidden field Ljava/nio/Buffer;->limit:I (greylist, JNI, allowed)
07-31 05:47:33.611 18681 18841 W mple.ubcexplor: Accessing hidden field Ljava/nio/Buffer;->_elementSizeShift:I (greylist, JNI, allowed)
07-31 05:47:33.612  1806  6159 W audio_hw_generic: Hardware backing HAL too slow, could only write 0 of 661 frames
07-31 05:47:33.619 18681 18846 W mple.ubcexplor: Accessing hidden method Lsun/misc/Unsafe;->getObject(Ljava/lang/Object;J)Ljava/lang/Object; (greylist, linking, allowed)
07-31 05:47:33.619 18681 18846 I Counters: exceeded sample count in FrameTime
07-31 05:47:33.627  1806  6159 W audio_hw_generic: Hardware backing HAL too slow, could only write 0 of 661 frames
07-31 05:47:33.641 18681 18846 W mple.ubcexplor: Accessing hidden method Lsun/misc/Unsafe;->getObject(Ljava/lang/Object;J)Ljava/lang/Object; (greylist, linking, allowed)
07-31 05:47:33.641 18681 18846 I Counters: exceeded sample count in FrameTime
07-31 05:47:33.641  1806  6159 W audio_hw_generic: Hardware backing HAL too slow, could only write 0 of 661 frames
07-31 05:47:33.655 18681 18846 W mple.ubcexplor: Accessing hidden method Lsun/misc/Unsafe;->getObject(Ljava/lang/Object;J)Ljava/lang/Object; (greylist, linking, allowed)
07-31 05:47:33.656 18681 18846 I Counters: exceeded sample count in FrameTime
07-31 05:47:33.657  1806  6159 W audio_hw_generic: Hardware backing HAL too slow, could only write 0 of 661 frames
07-31 05:47:33.667 18681 18846 W mple.ubcexplor: Accessing hidden method Lsun/misc/Unsafe;->getObject(Ljava/lang/Object;J)Ljava/lang/Object; (greylist, linking, allowed)
07-31 05:47:33.667 18681 18846 I Counters: exceeded sample count in FrameTime
07-31 05:47:33.672  1806  6159 W audio_hw_generic: Hardware backing HAL too slow, could only write 0 of 661 frames
07-31 05:47:33.680 18681 18846 W mple.ubcexplor: Accessing hidden method Lsun/misc/Unsafe;->getObject(Ljava/lang/Object;J)Ljava/lang/Object; (greylist, linking, allowed)
07-31 05:47:33.680 18681 18846 I Counters: exceeded sample count in FrameTime
07-31 05:47:33.684 18681 18681 W MotionEvents: Overslept and turned a tap into a long press
07-31 05:47:33.686  1806  6159 W audio_hw_generic: Hardware backing HAL too slow, could only write 0 of 661 frames
07-31 05:47:33.688  2039  7288 W InputReader: Device has associated, but no associated display id.
07-31 05:47:33.689  2039  7288 I chatty  : uid=1000(system) Binder:2039_1F identical 8 lines
07-31 05:47:33.689  2039  7288 W InputReader: Device has associated, but no associated display id.
07-31 05:47:33.697 18681 18681 D LifecycleMonitor: Lifecycle status change: com.example.ubcexplore.LocationMapActivity@693e195 in: PAUSED
07-31 05:47:33.697 18681 18681 V ActivityScenario: Activity lifecycle changed event received but ignored because the intent does not match. startActivityIntent=Intent { act=android.intent.action.MAIN cat=[android.intent.category.LAUNCHER] cmp=com.example.ubcexplore/.MainActivity }, activity.getIntent()=Intent { cmp=com.example.ubcexplore/.LocationMapActivity (has extras) }, activity=com.example.ubcexplore.LocationMapActivity@693e195
07-31 05:47:33.701  2039  4906 W InputReader: Device has associated, but no associated display id.
07-31 05:47:33.701  2039  4906 I chatty  : uid=1000(system) Binder:2039_19 identical 5 lines
07-31 05:47:33.701  2039  4906 W InputReader: Device has associated, but no associated display id.
07-31 05:47:33.701  1806  6159 W audio_hw_generic: Hardware backing HAL too slow, could only write 0 of 661 frames
07-31 05:47:33.702  2039  4906 W InputReader: Device has associated, but no associated display id.
07-31 05:47:33.703  2039  4906 I chatty  : uid=1000(system) Binder:2039_19 identical 3 lines
07-31 05:47:33.703  2039  4906 W InputReader: Device has associated, but no associated display id.
07-31 05:47:33.703 18681 18846 W mple.ubcexplor: Accessing hidden method Lsun/misc/Unsafe;->getObject(Ljava/lang/Object;J)Ljava/lang/Object; (greylist, linking, allowed)
07-31 05:47:33.703  2039  4906 W InputReader: Device has associated, but no associated display id.
07-31 05:47:33.703  2039  4906 I chatty  : uid=1000(system) Binder:2039_19 identical 4 lines
07-31 05:47:33.703  2039  4906 W InputReader: Device has associated, but no associated display id.
07-31 05:47:33.703 18681 18846 I Counters: exceeded sample count in FrameTime
07-31 05:47:33.703  2039  4906 W InputReader: Device has associated, but no associated display id.
07-31 05:47:33.704  2039  4906 I chatty  : uid=1000(system) Binder:2039_19 identical 10 lines
07-31 05:47:33.704  2039  4906 W InputReader: Device has associated, but no associated display id.
07-31 05:47:33.718  1806  6159 W audio_hw_generic: Hardware backing HAL too slow, could only write 0 of 661 frames
07-31 05:47:33.719 18681 18681 D LifecycleMonitor: Lifecycle status change: com.example.ubcexplore.MainActivity@8fdbc73 in: RESTARTED
07-31 05:47:33.719 18681 18681 V ActivityScenario: Update currentActivityStage to RESTARTED, currentActivity=com.example.ubcexplore.MainActivity@8fdbc73
07-31 05:47:33.721 18681 18681 D LifecycleMonitor: Lifecycle status change: com.example.ubcexplore.MainActivity@8fdbc73 in: STARTED
