07-31 05:17:15.489 17106 17197 D Camera2CameraImpl: {Camera@682a746[id=0]} Transitioning camera internal state: CLOSING --> INITIALIZED
07-31 05:17:15.491 17106 17106 D SurfaceViewImpl: Safe to release surface.
07-31 05:17:15.491 17106 17197 D CameraStateRegistry: Recalculating open cameras:
07-31 05:17:15.491 17106 17197 D CameraStateRegistry: Camera                                       State
07-31 05:17:15.491 17106 17197 D CameraStateRegistry: -------------------------------------------------------------------
07-31 05:17:15.491 17106 17197 D CameraStateRegistry: Camera@682a746[id=0]                         CLOSED
07-31 05:17:15.491 17106 17197 D CameraStateRegistry: Camera@ede22a3[id=1]                         UNKNOWN
07-31 05:17:15.491 17106 17197 D CameraStateRegistry: -------------------------------------------------------------------
07-31 05:17:15.491 17106 17197 D CameraStateRegistry: Open count: 0 (Max allowed: 1)
07-31 05:17:15.491 17106 17197 D CameraStateMachine: New public camera state CameraState{type=CLOSED, error=null} from CLOSED and null
07-31 05:17:15.491 17106 17197 D CameraStateMachine: Publishing new public camera state CameraState{type=CLOSED, error=null}
07-31 05:17:15.790 12885 12885 W DetectPable: type=1400 audit(0.0:144270): avc: denied { getattr } for path="/proc/fb" dev="proc" ino=4026532004 scontext=u:r:shell:s0 tcontext=u:object_r:proc:s0 tclass=file permissive=0
07-31 05:17:15.790 12885 12885 W DetectPable: type=1400 audit(0.0:144271): avc: denied { getattr } for path="/proc/dma" dev="proc" ino=4026532073 scontext=u:r:shell:s0 tcontext=u:object_r:proc:s0 tclass=file permissive=0
07-31 05:17:15.790 12885 12885 W DetectPable: type=1400 audit(0.0:144272): avc: denied { getattr } for path="/proc/keys" dev="proc" ino=4026532084 scontext=u:r:shell:s0 tcontext=u:object_r:proc_keys:s0 tclass=file permissive=0
07-31 05:17:15.850  1814  4162 W audio_hw_generic: Not supplying enough data to HAL, expected position 14356350 , only wrote 14355598
07-31 05:17:15.790 12885 12885 W DetectPable: type=1400 audit(0.0:144273): avc: denied { getattr } for path="/proc/kmsg" dev="proc" ino=4026532039 scontext=u:r:shell:s0 tcontext=u:object_r:proc_kmsg:s0 tclass=file permissive=0
07-31 05:17:15.856  1814  4162 W audio_hw_generic: Not supplying enough data to HAL, expected position 14355871 , only wrote 14355598
07-31 05:17:15.790 12885 12885 W DetectPable: type=1400 audit(0.0:144274): avc: denied { getattr } for path="/proc/misc" dev="proc" ino=4026532008 scontext=u:r:shell:s0 tcontext=u:object_r:proc_misc:s0 tclass=file permissive=0
07-31 05:17:15.872  1814  4162 W audio_hw_generic: Not supplying enough data to HAL, expected position 14356296 , only wrote 14356259
07-31 05:17:16.021  2604  2604 D BoundBrokerSvc: onBind: Intent { act=com.google.android.contextmanager.service.ContextManagerService.START pkg=com.google.android.gms }
07-31 05:17:16.021  2604  2604 D BoundBrokerSvc: Loading bound service for intent: Intent { act=com.google.android.contextmanager.service.ContextManagerService.START pkg=com.google.android.gms }
07-31 05:17:16.022  1828  2338 E GnssHAL_GnssInterface: gnssSvStatusCb: a: input svInfo.flags is 8
07-31 05:17:16.022  1828  2338 E GnssHAL_GnssInterface: gnssSvStatusCb: b: input svInfo.flags is 8
07-31 05:17:16.652  2062  2074 I system_server: Background concurrent copying GC freed 93720(6592KB) AllocSpace objects, 25(692KB) LOS objects, 26% free, 16MB/22MB, paused 1.122ms total 110.156ms
07-31 05:17:16.820 12885 12885 W DetectPable: type=1400 audit(0.0:144301): avc: denied { getattr } for path="/proc/fb" dev="proc" ino=4026532004 scontext=u:r:shell:s0 tcontext=u:object_r:proc:s0 tclass=file permissive=0
07-31 05:17:16.866  1814  4162 W audio_hw_generic: Not supplying enough data to HAL, expected position 14400090 , only wrote 14399885
07-31 05:17:16.820 12885 12885 W DetectPable: type=1400 audit(0.0:144304): avc: denied { getattr } for path="/proc/kmsg" dev="proc" ino=4026532039 scontext=u:r:shell:s0 tcontext=u:object_r:proc_kmsg:s0 tclass=file permissive=0
07-31 05:17:16.873  1814  4162 W audio_hw_generic: Not supplying enough data to HAL, expected position 14400202 , only wrote 14399885
07-31 05:17:16.820 12885 12885 W DetectPable: type=1400 audit(0.0:144305): avc: denied { getattr } for path="/proc/misc" dev="proc" ino=4026532008 scontext=u:r:shell:s0 tcontext=u:object_r:proc_misc:s0 tclass=file permissive=0
07-31 05:17:16.889  1814  1814 W audio_hw_generic: Not supplying enough data to HAL, expected position 14401184 , only wrote 14400546
07-31 05:17:17.022  1828  2338 E GnssHAL_GnssInterface: gnssSvStatusCb: a: input svInfo.flags is 8
07-31 05:17:17.022  1828  2338 E GnssHAL_GnssInterface: gnssSvStatusCb: b: input svInfo.flags is 8
07-31 05:17:17.498 17106 17106 I ViewInteraction: Performing 'single click' action on view view.getId() is <2131230843/com.example.ubcexplore:id/button_friends>
07-31 05:17:17.549  1814  4162 W audio_hw_generic: Not supplying enough data to HAL, expected position 14400575 , only wrote 14400546
07-31 05:17:17.553 17106 17106 D LifecycleMonitor: Lifecycle status change: com.example.ubcexplore.ProfileActivity@a91cd83 in: PAUSED
07-31 05:17:17.553 17106 17106 V ActivityScenario: Activity lifecycle changed event received but ignored because the intent does not match. startActivityIntent=Intent { act=android.intent.action.MAIN cat=[android.intent.category.LAUNCHER] cmp=com.example.ubcexplore/.MainActivity }, activity.getIntent()=Intent { cmp=com.example.ubcexplore/.ProfileActivity (has extras) }, activity=com.example.ubcexplore.ProfileActivity@a91cd83
07-31 05:17:17.555  2062  3002 W InputReader: Device has associated, but no associated display id.
07-31 05:17:17.562  2062  3002 I chatty  : uid=1000(system) Binder:2062_D identical 48 lines
07-31 05:17:17.562  2062  3002 W InputReader: Device has associated, but no associated display id.
07-31 05:17:17.575 17106 17106 W ActivityThread: handleWindowVisibility: no activity for token android.os.BinderProxy@13d67d2
07-31 05:17:17.599 17106 17106 D LifecycleMonitor: Lifecycle status change: com.example.ubcexplore.FriendsActivity@fce22b8 in: PRE_ON_CREATE
07-31 05:17:17.599 17106 17106 V ActivityScenario: Activity lifecycle changed event received but ignored because the intent does not match. startActivityIntent=Intent { act=android.intent.action.MAIN cat=[android.intent.category.LAUNCHER] cmp=com.example.ubcexplore/.MainActivity }, activity.getIntent()=Intent { cmp=com.example.ubcexplore/.FriendsActivity (has extras) }, activity=com.example.ubcexplore.FriendsActivity@fce22b8
07-31 05:17:17.686 17106 17106 D FriendsActivity: user_id: 112532649815597015229
07-31 05:17:17.700 17106 17106 D LifecycleMonitor: Lifecycle status change: com.example.ubcexplore.FriendsActivity@fce22b8 in: CREATED
07-31 05:17:17.703 17106 17106 V ActivityScenario: Activity lifecycle changed event received but ignored because the intent does not match. startActivityIntent=Intent { act=android.intent.action.MAIN cat=[android.intent.category.LAUNCHER] cmp=com.example.ubcexplore/.MainActivity }, activity.getIntent()=Intent { cmp=com.example.ubcexplore/.FriendsActivity (has extras) }, activity=com.example.ubcexplore.FriendsActivity@fce22b8
07-31 05:17:17.711 17106 17106 D LifecycleMonitor: Lifecycle status change: com.example.ubcexplore.FriendsActivity@fce22b8 in: STARTED
07-31 05:17:17.711 17106 17106 V ActivityScenario: Activity lifecycle changed event received but ignored because the intent does not match. startActivityIntent=Intent { act=android.intent.action.MAIN cat=[android.intent.category.LAUNCHER] cmp=com.example.ubcexplore/.MainActivity }, activity.getIntent()=Intent { cmp=com.example.ubcexplore/.FriendsActivity (has extras) }, activity=com.example.ubcexplore.FriendsActivity@fce22b8
07-31 05:17:17.712 17106 17106 D LifecycleMonitor: Lifecycle status change: com.example.ubcexplore.FriendsActivity@fce22b8 in: RESUMED
07-31 05:17:17.712 17106 17106 V ActivityScenario: Activity lifecycle changed event received but ignored because the intent does not match. startActivityIntent=Intent { act=android.intent.action.MAIN cat=[android.intent.category.LAUNCHER] cmp=com.example.ubcexplore/.MainActivity }, activity.getIntent()=Intent { cmp=com.example.ubcexplore/.FriendsActivity (has extras) }, activity=com.example.ubcexplore.FriendsActivity@fce22b8
07-31 05:17:17.764  1829  3308 D gralloc_ranchu: gralloc_alloc: Creating ashmem region of size 9334784
07-31 05:17:17.802  1829  3308 I chatty  : uid=1000(system) HwBinder:1829_3 identical 1 line
07-31 05:17:17.810  1829  3308 D gralloc_ranchu: gralloc_alloc: Creating ashmem region of size 9334784
07-31 05:17:17.826 17106 17181 D EGL_emulation: eglMakeCurrent: 0xf5652a20: ver 3 0 (tinfo 0xf5689560)
07-31 05:17:17.853 17106 17181 D EGL_emulation: eglMakeCurrent: 0xf5652a20: ver 3 0 (tinfo 0xf5689560)
07-31 05:17:17.865  2062  2084 W InputReader: Device has associated, but no associated display id.
07-31 05:17:17.873  2062  2084 I chatty  : uid=1000(system) android.anim identical 18 lines
07-31 05:17:17.873  2062  2084 W InputReader: Device has associated, but no associated display id.
07-31 05:17:17.840 12885 12885 W DetectPable: type=1400 audit(0.0:144332): avc: denied { getattr } for path="/proc/fb" dev="proc" ino=4026532004 scontext=u:r:shell:s0 tcontext=u:object_r:proc:s0 tclass=file permissive=0
07-31 05:17:17.909 17106 17181 D EGL_emulation: eglMakeCurrent: 0xf5652a20: ver 3 0 (tinfo 0xf5689560)
07-31 05:17:17.840 12885 12885 W DetectPable: type=1400 audit(0.0:144334): avc: denied { getattr } for path="/proc/keys" dev="proc" ino=4026532084 scontext=u:r:shell:s0 tcontext=u:object_r:proc_keys:s0 tclass=file permissive=0
07-31 05:17:17.992  2062  2090 E memtrack: Couldn't load memtrack module
07-31 05:17:17.992  2062  2090 W android.os.Debug: failed to get memory consumption info: -1
07-31 05:17:17.994 17106 17106 D LifecycleMonitor: Lifecycle status change: com.example.ubcexplore.ProfileActivity@a91cd83 in: STOPPED
07-31 05:17:17.995 17106 17106 V ActivityScenario: Activity lifecycle changed event received but ignored because the intent does not match. startActivityIntent=Intent { act=android.intent.action.MAIN cat=[android.intent.category.LAUNCHER] cmp=com.example.ubcexplore/.MainActivity }, activity.getIntent()=Intent { cmp=com.example.ubcexplore/.ProfileActivity (has extras) }, activity=com.example.ubcexplore.ProfileActivity@a91cd83
07-31 05:17:18.022  1828  2338 E GnssHAL_GnssInterface: gnssSvStatusCb: a: input svInfo.flags is 8
07-31 05:17:18.023  1828  2338 E GnssHAL_GnssInterface: gnssSvStatusCb: b: input svInfo.flags is 8
07-31 05:17:18.213 17106 17106 I ViewInteraction: Checking 'MatchesViewAssertion{viewMatcher=(view has effective visibility <VISIBLE> and view.getGlobalVisibleRect() to return non-empty rectangle)}' assertion on view view.getId() is <2131230971/com.example.ubcexplore:id/friends>
07-31 05:17:18.219 17106 17106 I ViewInteraction: Checking 'MatchesViewAssertion{viewMatcher=(view has effective visibility <VISIBLE> and view.getGlobalVisibleRect() to return non-empty rectangle)}' assertion on view view.getId() is <2131230852/com.example.ubcexplore:id/button_view_requests>
07-31 05:17:18.224 17106 17106 I ViewInteraction: Checking 'MatchesViewAssertion{viewMatcher=(view has effective visibility <VISIBLE> and view.getGlobalVisibleRect() to return non-empty rectangle)}' assertion on view view.getId() is <2131230847/com.example.ubcexplore:id/button_remove_friend>
07-31 05:17:18.230 17106 17106 I ViewInteraction: Checking 'MatchesViewAssertion{viewMatcher=(view has effective visibility <VISIBLE> and view.getGlobalVisibleRect() to return non-empty rectangle)}' assertion on view view.getId() is <2131230833/com.example.ubcexplore:id/button_add_friend>
07-31 05:17:18.235 17106 17106 I ViewInteraction: Checking 'MatchesViewAssertion{viewMatcher=(view has effective visibility <VISIBLE> and view.getGlobalVisibleRect() to return non-empty rectangle)}' assertion on view view.getId() is <2131231274/com.example.ubcexplore:id/text_friend_list>
07-31 05:17:18.240 17106 17106 I ViewInteraction: Performing 'single click' action on view view.getId() is <2131230833/com.example.ubcexplore:id/button_add_friend>
07-31 05:17:18.370 17106 17106 D FriendsActivity: response: {"displayName":"Test7","score":5,"difficulty":"Easy","leaderboardParticipant":1,"incomingRequests":[],"outgoingRequests":["Test2"],"friends":["Test1","Test3"],"collection":{"achievements":[],"items":[]},"unlockedLocations":[],"id":"112532649815597015229"}
07-31 05:17:18.370 17106 17106 D FriendsActivity: generating friend list...
07-31 05:17:18.371 17106 17106 D FriendsActivity: friendList: Test1
07-31 05:17:18.371 17106 17106 D FriendsActivity: Test3
07-31 05:17:18.581 17106 17106 I ViewInteraction: Checking 'MatchesViewAssertion{viewMatcher=(view has effective visibility <VISIBLE> and view.getGlobalVisibleRect() to return non-empty rectangle)}' assertion on view view.getId() is <2131230946/com.example.ubcexplore:id/enter_friend_name>
07-31 05:17:18.585 17106 17106 I ViewInteraction: Checking 'MatchesViewAssertion{viewMatcher=(view has effective visibility <VISIBLE> and view.getGlobalVisibleRect() to return non-empty rectangle)}' assertion on view view.getId() is <2131230848/com.example.ubcexplore:id/button_send_request>
07-31 05:17:18.591 17106 17106 I ViewInteraction: Checking 'MatchesViewAssertion{viewMatcher=(view has effective visibility <VISIBLE> and view.getGlobalVisibleRect() to return non-empty rectangle)}' assertion on view view.getId() is <2131230837/com.example.ubcexplore:id/button_cancel_friend>
07-31 05:17:18.598 17106 17106 I ViewInteraction: Performing 'single click' action on view view.getId() is <2131230837/com.example.ubcexplore:id/button_cancel_friend>
07-31 05:17:18.889 17106 17106 I ViewInteraction: Checking 'MatchesViewAssertion{viewMatcher=not (view has effective visibility <VISIBLE> and view.getGlobalVisibleRect() to return non-empty rectangle)}' assertion on view view.getId() is <2131230946/com.example.ubcexplore:id/enter_friend_name>
07-31 05:17:18.895 17106 17106 I ViewInteraction: Checking 'MatchesViewAssertion{viewMatcher=not (view has effective visibility <VISIBLE> and view.getGlobalVisibleRect() to return non-empty rectangle)}' assertion on view view.getId() is <2131230848/com.example.ubcexplore:id/button_send_request>
07-31 05:17:18.898 17106 17106 I ViewInteraction: Checking 'MatchesViewAssertion{viewMatcher=not (view has effective visibility <VISIBLE> and view.getGlobalVisibleRect() to return non-empty rectangle)}' assertion on view view.getId() is <2131230837/com.example.ubcexplore:id/button_cancel_friend>
07-31 05:17:18.907 17106 17106 I ViewInteraction: Performing 'single click' action on view view.getId() is <2131230833/com.example.ubcexplore:id/button_add_friend>
07-31 05:17:18.890 12885 12885 W DetectPable: type=1400 audit(0.0:144363): avc: denied { getattr } for path="/proc/fb" dev="proc" ino=4026532004 scontext=u:r:shell:s0 tcontext=u:object_r:proc:s0 tclass=file permissive=0
07-31 05:17:19.023  1828  2338 E GnssHAL_GnssInterface: gnssSvStatusCb: a: input svInfo.flags is 8
07-31 05:17:19.023  1828  2338 E GnssHAL_GnssInterface: gnssSvStatusCb: b: input svInfo.flags is 8
07-31 05:17:19.200 17106 17106 I ViewInteraction: Performing 'type text(test1)' action on view view.getId() is <2131230946/com.example.ubcexplore:id/enter_friend_name>
07-31 05:17:19.278  1793  1976 I netd    : firewallSetUidRule(2, 10128, 1) <0.03ms>
07-31 05:17:19.305 17106 17106 I AssistStructure: Flattened final assist data: 2936 bytes, containing 1 windows, 16 views
07-31 05:17:19.319  2604  2604 W qja     : Pending fill request while another request in the same session was triggered. [CONTEXT service_id=177 ]
07-31 05:17:19.333  2489  2489 I KeyboardViewUtil: systemKeyboardHeightRatio:1.000000; userKeyboardHeightRatio:1.000000.
07-31 05:17:19.334  2489  2489 I AndroidIME: LatinIme.onActivate() : EditorInfo = Package = com.example.ubcexplore : Type = Text : Learning = Enable : Suggestion = Show : AutoCorrection = Enable : Microphone = Show : NoPersonalizedLearning = Disable
07-31 05:17:19.344  2774  2774 D BoundBrokerSvc: onBind: Intent { act=com.google.android.mdd.service.START dat=chimera-action:com.google.android.mdd.service.START cmp=com.google.android.gms/.chimera.GmsBoundBrokerService }
07-31 05:17:19.344  2774  2774 D BoundBrokerSvc: Loading bound service for intent: Intent { act=com.google.android.mdd.service.START dat=chimera-action:com.google.android.mdd.service.START cmp=com.google.android.gms/.chimera.GmsBoundBrokerService }
07-31 05:17:19.348  2489  2489 I Conv2QueryExtension: Current locale: en_US, config allows these locales: de,en,es,fr,it,ms,pt,ta
07-31 05:17:19.349  2489  2489 I Conv2QueryExtension: Conv2Query not enabled due to current app [com.example.ubcexplore] not in whitelist
07-31 05:17:19.349  2489  2489 I Conv2QueryExtension: onActivate() : Disabled by unsupported host app
07-31 05:17:19.368  2206  2529 D EGL_emulation: eglMakeCurrent: 0xe241a300: ver 3 0 (tinfo 0xe240f890)
07-31 05:17:19.385  1829  3308 D gralloc_ranchu: gralloc_alloc: Creating ashmem region of size 9048064
07-31 05:17:19.408  1829  3308 I chatty  : uid=1000(system) HwBinder:1829_3 identical 1 line
07-31 05:17:19.440  1829  3308 D gralloc_ranchu: gralloc_alloc: Creating ashmem region of size 9048064
07-31 05:17:19.440  2489  6953 D EGL_emulation: eglMakeCurrent: 0xc80e0b60: ver 3 0 (tinfo 0xc790a180)
07-31 05:17:19.448  2774  2774 D BoundBrokerSvc: onBind: Intent { act=com.google.android.gms.wallet.service.BIND pkg=com.google.android.gms }
07-31 05:17:19.448  2774  2774 D BoundBrokerSvc: Loading bound service for intent: Intent { act=com.google.android.gms.wallet.service.BIND pkg=com.google.android.gms }
07-31 05:17:19.464  2062  6010 I AssistStructure: Flattened final assist data: 2704 bytes, containing 1 windows, 16 views
07-31 05:17:19.470  2604  2604 D BoundBrokerSvc: onBind: Intent { act=com.google.android.gms.tapandpay.service.BIND dat=chimera-action:com.google.android.gms.tapandpay.service.BIND cmp=com.google.android.gms/.chimera.PersistentApiService }
07-31 05:17:19.471  2604  2604 D BoundBrokerSvc: Loading bound service for intent: Intent { act=com.google.android.gms.tapandpay.service.BIND dat=chimera-action:com.google.android.gms.tapandpay.service.BIND cmp=com.google.android.gms/.chimera.PersistentApiService }
07-31 05:17:19.494  2604 16465 W qbj     : Infinite Data has no result for com.example.ubcexplore [CONTEXT service_id=177 ]
07-31 05:17:19.496  2604  3496 W qbj     : Infinite Data has no result for com.example.ubcexplore [CONTEXT service_id=177 ]
07-31 05:17:19.530  2604  5010 W qbj     : Infinite Data has no result for com.example.ubcexplore [CONTEXT service_id=177 ]
07-31 05:17:19.553  2604  5010 W qbj     : Infinite Data has no result for com.example.ubcexplore [CONTEXT service_id=177 ]
07-31 05:17:19.811 17106 17106 D UiControllerImpl: Injecting string: "test1"
07-31 05:17:19.956  2604  2604 D BoundBrokerSvc: onUnbind: Intent { act=com.google.android.gms.nearby.exposurenotification.START dat=chimera-action:com.google.android.gms.nearby.exposurenotification.START cmp=com.google.android.gms/.chimera.PersistentApiService }
07-31 05:17:19.920 12885 12885 W DetectPable: type=1400 audit(0.0:144394): avc: denied { getattr } for path="/proc/fb" dev="proc" ino=4026532004 scontext=u:r:shell:s0 tcontext=u:object_r:proc:s0 tclass=file permissive=0
07-31 05:17:20.029  1828  2338 E GnssHAL_GnssInterface: gnssSvStatusCb: a: input svInfo.flags is 8
07-31 05:17:20.029  1828  2338 E GnssHAL_GnssInterface: gnssSvStatusCb: b: input svInfo.flags is 8
07-31 05:17:19.920 12885 12885 W DetectPable: type=1400 audit(0.0:144398): avc: denied { getattr } for path="/proc/misc" dev="proc" ino=4026532008 scontext=u:r:shell:s0 tcontext=u:object_r:proc_misc:s0 tclass=file permissive=0
07-31 05:17:20.158 17106 17106 I ViewInteraction: Performing 'send keyCode: 4, metaState: 0 key event' action on view view.getRootView() to equal view
07-31 05:17:20.205  1793  1976 I netd    : firewallSetUidRule(2, 10128, 2) <0.22ms>
07-31 05:17:20.215  2489  2489 I PhenotypeExpConfig: refreshConfiguration() : Force = false : UpdateAvailable = false : Age = 213 minutes : MaxAge = 720 minutes
07-31 05:17:20.218  2489  2489 I AndroidIME: LatinIme.onDeactivate()
07-31 05:17:20.242  2489  6953 D EGL_emulation: eglMakeCurrent: 0xc80e0b60: ver 3 0 (tinfo 0xc790a180)
07-31 05:17:20.564 17106 17106 I KeyEventActionBase: Back was pressed but there was no Activity stage transition in 150ms. Pressing back may trigger an activity stage transition if the activity is finished as a result. However, the activity may handle the back behavior in any number of other ways internally as well, such as popping the fragment back stack, dismissing a dialog, otherwise manually transacting fragments, etc.
07-31 05:17:20.569 17106 17106 I ViewInteraction: Performing 'single click' action on view view.getId() is <2131230848/com.example.ubcexplore:id/button_send_request>
07-31 05:17:20.710  1841  2009 D AF::Track: interceptBuffer: took 787us to intercept 0 tracks
07-31 05:17:20.807  2774  2774 D BoundBrokerSvc: onUnbind: Intent { act=com.google.android.gms.feedback.internal.IFeedbackService dat=chimera-action:com.google.android.gms.feedback.internal.IFeedbackService cmp=com.google.android.gms/.chimera.GmsBoundBrokerService }
07-31 05:17:20.899 17106 17106 I ViewInteraction: Checking 'MatchesViewAssertion{viewMatcher=not (view has effective visibility <VISIBLE> and view.getGlobalVisibleRect() to return non-empty rectangle)}' assertion on view view.getId() is <2131230848/com.example.ubcexplore:id/button_send_request>
07-31 05:17:20.902 17106 17106 I ViewInteraction: Checking 'MatchesViewAssertion{viewMatcher=not (view has effective visibility <VISIBLE> and view.getGlobalVisibleRect() to return non-empty rectangle)}' assertion on view view.getId() is <2131230837/com.example.ubcexplore:id/button_cancel_friend>
07-31 05:17:20.906 17106 17106 I ViewInteraction: Performing 'single click' action on view view.getId() is <2131230847/com.example.ubcexplore:id/button_remove_friend>
07-31 05:17:20.948  3179  3564 I WorkerManager: dispose()
07-31 05:17:20.950  3179  3564 W A       : Queue length for executor EventBus is now 11. Perhaps some tasks are too long, or the pool is too small.
07-31 05:17:20.950 12885 12885 W DetectPable: type=1400 audit(0.0:144425): avc: denied { getattr } for path="/proc/fb" dev="proc" ino=4026532004 scontext=u:r:shell:s0 tcontext=u:object_r:proc:s0 tclass=file permissive=0
07-31 05:17:20.983  1841  2009 D AF::Track: interceptBuffer: took 223us to intercept 0 tracks
07-31 05:17:20.950 12885 12885 W DetectPable: type=1400 audit(0.0:144426): avc: denied { getattr } for path="/proc/dma" dev="proc" ino=4026532073 scontext=u:r:shell:s0 tcontext=u:object_r:proc:s0 tclass=file permissive=0
07-31 05:17:21.023  1828  2338 E GnssHAL_GnssInterface: gnssSvStatusCb: a: input svInfo.flags is 8
07-31 05:17:21.023  1828  2338 E GnssHAL_GnssInterface: gnssSvStatusCb: b: input svInfo.flags is 8
07-31 05:17:20.950 12885 12885 W DetectPable: type=1400 audit(0.0:144428): avc: denied { getattr } for path="/proc/kmsg" dev="proc" ino=4026532039 scontext=u:r:shell:s0 tcontext=u:object_r:proc_kmsg:s0 tclass=file permissive=0
07-31 05:17:21.057  1841  2009 D AF::Track: interceptBuffer: took 221us to intercept 0 tracks
07-31 05:17:21.230 17106 17106 I ViewInteraction: Checking 'MatchesViewAssertion{viewMatcher=(view has effective visibility <VISIBLE> and view.getGlobalVisibleRect() to return non-empty rectangle)}' assertion on view view.getId() is <2131231152/com.example.ubcexplore:id/remove_friend_name>
07-31 05:17:21.232 17106 17106 I ViewInteraction: Checking 'MatchesViewAssertion{viewMatcher=(view has effective visibility <VISIBLE> and view.getGlobalVisibleRect() to return non-empty rectangle)}' assertion on view view.getId() is <2131230840/com.example.ubcexplore:id/button_confirm_remove>
07-31 05:17:21.236 17106 17106 I ViewInteraction: Checking 'MatchesViewAssertion{viewMatcher=(view has effective visibility <VISIBLE> and view.getGlobalVisibleRect() to return non-empty rectangle)}' assertion on view view.getId() is <2131230837/com.example.ubcexplore:id/button_cancel_friend>
07-31 05:17:21.240 17106 17106 I ViewInteraction: Performing 'type text(test)' action on view view.getId() is <2131231152/com.example.ubcexplore:id/remove_friend_name>
07-31 05:17:21.304  1793  1976 I netd    : firewallSetUidRule(2, 10128, 1) <0.10ms>
07-31 05:17:21.341  2489  2489 I KeyboardViewUtil: systemKeyboardHeightRatio:1.000000; userKeyboardHeightRatio:1.000000.
07-31 05:17:21.342  2489  2489 I AndroidIME: LatinIme.onActivate() : EditorInfo = Package = com.example.ubcexplore : Type = Text : Learning = Enable : Suggestion = Show : AutoCorrection = Enable : Microphone = Show : NoPersonalizedLearning = Disable
07-31 05:17:21.357  2489  2489 I Conv2QueryExtension: Current locale: en_US, config allows these locales: de,en,es,fr,it,ms,pt,ta
07-31 05:17:21.357  2489  2489 I Conv2QueryExtension: Conv2Query not enabled due to current app [com.example.ubcexplore] not in whitelist
07-31 05:17:21.357  2489  2489 I Conv2QueryExtension: onActivate() : Disabled by unsupported host app
07-31 05:17:21.394  1829  3308 D gralloc_ranchu: gralloc_alloc: Creating ashmem region of size 9048064
07-31 05:17:21.426  1829  3308 I chatty  : uid=1000(system) HwBinder:1829_3 identical 1 line
07-31 05:17:21.441  1829  3308 D gralloc_ranchu: gralloc_alloc: Creating ashmem region of size 9048064
07-31 05:17:21.446  2489  6953 D EGL_emulation: eglMakeCurrent: 0xc80e0b60: ver 3 0 (tinfo 0xc790a180)
07-31 05:17:21.507  1814  4162 W audio_hw_generic: Not supplying enough data to HAL, expected position 14575072 , only wrote 14575050
07-31 05:17:21.508  1814  4162 W audio_hw_generic: Not supplying enough data to HAL, expected position 14575110 , only wrote 14575050
07-31 05:17:21.520  2604  2604 D BoundBrokerSvc: onUnbind: Intent { act=com.google.android.gms.icing.LIGHTWEIGHT_INDEX_SERVICE dat=chimera-action:com.google.android.gms.icing.LIGHTWEIGHT_INDEX_SERVICE cmp=com.google.android.gms/.chimera.PersistentApiService }
07-31 05:17:21.524  1814  4162 W audio_hw_generic: Not supplying enough data to HAL, expected position 14575750 , only wrote 14575711
07-31 05:17:21.719 17106 17251 E Volley  : [922] NetworkUtility.shouldRetryException: Unexpected response code 500 for http://20.228.168.55/users/112532649815597015229/friends
07-31 05:17:21.725 17106 17106 W FriendsActivity: com.android.volley.ServerError
07-31 05:17:21.782  1829  3308 D gralloc_ranchu: gralloc_alloc: Creating ashmem region of size 282624
07-31 05:17:21.807  1829  3308 D gralloc_ranchu: gralloc_alloc: Creating ashmem region of size 282624
07-31 05:17:21.818 17106 17181 D EGL_emulation: eglMakeCurrent: 0xf5652a20: ver 3 0 (tinfo 0xf5689560)
07-31 05:17:21.820  1829  1829 D gralloc_ranchu: gralloc_alloc: Creating ashmem region of size 282624
07-31 05:17:21.853 17106 17181 D EGL_emulation: eglMakeCurrent: 0xf5652a20: ver 3 0 (tinfo 0xf5689560)
07-31 05:17:21.869 17106 17106 D UiControllerImpl: Injecting string: "test"
07-31 05:17:21.970 12885 12885 W DetectPable: type=1400 audit(0.0:144456): avc: denied { getattr } for path="/proc/fb" dev="proc" ino=4026532004 scontext=u:r:shell:s0 tcontext=u:object_r:proc:s0 tclass=file permissive=0
07-31 05:17:22.023  1828  2338 E GnssHAL_GnssInterface: gnssSvStatusCb: a: input svInfo.flags is 8
07-31 05:17:22.023  1828  2338 E GnssHAL_GnssInterface: gnssSvStatusCb: b: input svInfo.flags is 8
07-31 05:17:21.970 12885 12885 W DetectPable: type=1400 audit(0.0:144457): avc: denied { getattr } for path="/proc/dma" dev="proc" ino=4026532073 scontext=u:r:shell:s0 tcontext=u:object_r:proc:s0 tclass=file permissive=0
07-31 05:17:22.134 17106 17106 I ViewInteraction: Performing 'send keyCode: 4, metaState: 0 key event' action on view view.getRootView() to equal view
07-31 05:17:22.171  2489  2489 I PhenotypeExpConfig: refreshConfiguration() : Force = false : UpdateAvailable = false : Age = 213 minutes : MaxAge = 720 minutes
07-31 05:17:22.175  1793  1976 I netd    : firewallSetUidRule(2, 10128, 2) <0.04ms>
07-31 05:17:22.178  2489  2489 I AndroidIME: LatinIme.onDeactivate()
07-31 05:17:22.193  2489  6953 D EGL_emulation: eglMakeCurrent: 0xc80e0b60: ver 3 0 (tinfo 0xc790a180)
07-31 05:17:22.216  1814  4162 W audio_hw_generic: Not supplying enough data to HAL, expected position 14606218 , only wrote 14606117
07-31 05:17:22.217  1814  4162 W audio_hw_generic: Not supplying enough data to HAL, expected position 14606163 , only wrote 14606117
07-31 05:17:22.232  1814  4162 W audio_hw_generic: Not supplying enough data to HAL, expected position 14606791 , only wrote 14606778
07-31 05:17:22.508 17106 17106 I KeyEventActionBase: Back was pressed but there was no Activity stage transition in 150ms. Pressing back may trigger an activity stage transition if the activity is finished as a result. However, the activity may handle the back behavior in any number of other ways internally as well, such as popping the fragment back stack, dismissing a dialog, otherwise manually transacting fragments, etc.
07-31 05:17:22.512 17106 17106 I ViewInteraction: Performing 'single click' action on view view.getId() is <2131230840/com.example.ubcexplore:id/button_confirm_remove>
07-31 05:17:22.682 17106 17119 I mple.ubcexplor: Background concurrent copying GC freed 22813(1377KB) AllocSpace objects, 0(0B) LOS objects, 49% free, 4118KB/8236KB, paused 844us total 109.897ms
07-31 05:17:22.683  1875  2144 I Camera3-Device: disconnectImpl: E
07-31 05:17:22.683  1875  2144 I Camera2ClientBase: Closed Camera 0. Client was: com.example.ubcexplore (PID 17106, UID 10191)
07-31 05:17:22.683  1875  2144 I Camera3-Device: disconnectImpl: E
07-31 05:17:23.000 12885 12885 W DetectPable: type=1400 audit(0.0:144487): avc: denied { getattr } for path="/proc/fb" dev="proc" ino=4026532004 scontext=u:r:shell:s0 tcontext=u:object_r:proc:s0 tclass=file permissive=0
07-31 05:17:23.022  1828  2338 E GnssHAL_GnssInterface: gnssSvStatusCb: a: input svInfo.flags is 8
07-31 05:17:23.023  1828  2338 E GnssHAL_GnssInterface: gnssSvStatusCb: b: input svInfo.flags is 8
07-31 05:17:23.000 12885 12885 W DetectPable: type=1400 audit(0.0:144488): avc: denied { getattr } for path="/proc/dma" dev="proc" ino=4026532073 scontext=u:r:shell:s0 tcontext=u:object_r:proc:s0 tclass=file permissive=0
07-31 05:17:23.241 17106 17256 E Volley  : [927] NetworkUtility.shouldRetryException: Unexpected response code 500 for http://20.228.168.55/users/112532649815597015229/friends/test
07-31 05:17:23.251 17106 17106 D FriendsActivity: response: {"displayName":"Test7","score":5,"difficulty":"Easy","leaderboardParticipant":1,"incomingRequests":[],"outgoingRequests":["Test2"],"friends":["Test1","Test3"],"collection":{"achievements":[],"items":[]},"unlockedLocations":[],"id":"112532649815597015229"}
07-31 05:17:23.251 17106 17106 D FriendsActivity: generating friend list...
07-31 05:17:23.251 17106 17106 D FriendsActivity: friendList: Test1
07-31 05:17:23.251 17106 17106 D FriendsActivity: Test3
07-31 05:17:23.794  1829  1829 D gralloc_ranchu: gralloc_alloc: Creating ashmem region of size 638976
07-31 05:17:23.821  1829  1829 I chatty  : uid=1000(system) allocator@2.0-s identical 1 line
07-31 05:17:23.828  1829  1829 D gralloc_ranchu: gralloc_alloc: Creating ashmem region of size 638976
07-31 05:17:23.829 17106 17181 D EGL_emulation: eglMakeCurrent: 0xf5652a20: ver 3 0 (tinfo 0xf5689560)
07-31 05:17:24.023  1828  2338 E GnssHAL_GnssInterface: gnssSvStatusCb: a: input svInfo.flags is 8
07-31 05:17:24.023  1828  2338 E GnssHAL_GnssInterface: gnssSvStatusCb: b: input svInfo.flags is 8
07-31 05:17:24.010 12885 12885 W DetectPable: type=1400 audit(0.0:144518): avc: denied { getattr } for path="/proc/fb" dev="proc" ino=4026532004 scontext=u:r:shell:s0 tcontext=u:object_r:proc:s0 tclass=file permissive=0
07-31 05:17:24.020 12885 12885 W DetectPable: type=1400 audit(0.0:144519): avc: denied { getattr } for path="/proc/dma" dev="proc" ino=4026532073 scontext=u:r:shell:s0 tcontext=u:object_r:proc:s0 tclass=file permissive=0
07-31 05:17:24.844 17106 17106 I ViewInteraction: Checking 'MatchesViewAssertion{viewMatcher=not (view has effective visibility <VISIBLE> and view.getGlobalVisibleRect() to return non-empty rectangle)}' assertion on view view.getId() is <2131231152/com.example.ubcexplore:id/remove_friend_name>
07-31 05:17:24.848 17106 17106 I ViewInteraction: Checking 'MatchesViewAssertion{viewMatcher=not (view has effective visibility <VISIBLE> and view.getGlobalVisibleRect() to return non-empty rectangle)}' assertion on view view.getId() is <2131230840/com.example.ubcexplore:id/button_confirm_remove>
07-31 05:17:24.852 17106 17106 I ViewInteraction: Checking 'MatchesViewAssertion{viewMatcher=not (view has effective visibility <VISIBLE> and view.getGlobalVisibleRect() to return non-empty rectangle)}' assertion on view view.getId() is <2131230837/com.example.ubcexplore:id/button_cancel_friend>
07-31 05:17:24.854 17106 17106 I ViewInteraction: Performing 'single click' action on view view.getId() is <2131230852/com.example.ubcexplore:id/button_view_requests>
07-31 05:17:24.875 17106 17181 D EGL_emulation: eglMakeCurrent: 0xf5652a20: ver 3 0 (tinfo 0xf5689560)
07-31 05:17:24.919 17106 17106 D LifecycleMonitor: Lifecycle status change: com.example.ubcexplore.FriendsActivity@fce22b8 in: PAUSED
07-31 05:17:24.919 17106 17106 V ActivityScenario: Activity lifecycle changed event received but ignored because the intent does not match. startActivityIntent=Intent { act=android.intent.action.MAIN cat=[android.intent.category.LAUNCHER] cmp=com.example.ubcexplore/.MainActivity }, activity.getIntent()=Intent { cmp=com.example.ubcexplore/.FriendsActivity (has extras) }, activity=com.example.ubcexplore.FriendsActivity@fce22b8
07-31 05:17:24.922  2062  3530 W InputReader: Device has associated, but no associated display id.
07-31 05:17:24.943  2062  3530 I chatty  : uid=1000(system) Binder:2062_17 identical 48 lines
07-31 05:17:24.943  2062  3530 W InputReader: Device has associated, but no associated display id.
07-31 05:17:24.958 17106 17106 W ActivityThread: handleWindowVisibility: no activity for token android.os.BinderProxy@8e3bbcf
07-31 05:17:24.982 17106 17106 D LifecycleMonitor: Lifecycle status change: com.example.ubcexplore.FriendRequestsActivity@d53fb1d in: PRE_ON_CREATE
07-31 05:17:24.982 17106 17106 V ActivityScenario: Activity lifecycle changed event received but ignored because the intent does not match. startActivityIntent=Intent { act=android.intent.action.MAIN cat=[android.intent.category.LAUNCHER] cmp=com.example.ubcexplore/.MainActivity }, activity.getIntent()=Intent { cmp=com.example.ubcexplore/.FriendRequestsActivity (has extras) }, activity=com.example.ubcexplore.FriendRequestsActivity@d53fb1d
07-31 05:17:25.023  1828  2338 E GnssHAL_GnssInterface: gnssSvStatusCb: a: input svInfo.flags is 8
07-31 05:17:25.023  1828  2338 E GnssHAL_GnssInterface: gnssSvStatusCb: b: input svInfo.flags is 8
07-31 05:17:25.040 12885 12885 W DetectPable: type=1400 audit(0.0:144549): avc: denied { getattr } for path="/proc/fb" dev="proc" ino=4026532004 scontext=u:r:shell:s0 tcontext=u:object_r:proc:s0 tclass=file permissive=0
07-31 05:17:25.081  1814  4162 W audio_hw_generic: Not supplying enough data to HAL, expected position 14732388 , only wrote 14732368
07-31 05:17:25.040 12885 12885 W DetectPable: type=1400 audit(0.0:144550): avc: denied { getattr } for path="/proc/dma" dev="proc" ino=4026532073 scontext=u:r:shell:s0 tcontext=u:object_r:proc:s0 tclass=file permissive=0
07-31 05:17:25.088 17106 17106 D LifecycleMonitor: Lifecycle status change: com.example.ubcexplore.FriendRequestsActivity@d53fb1d in: CREATED
07-31 05:17:25.089 17106 17106 V ActivityScenario: Activity lifecycle changed event received but ignored because the intent does not match. startActivityIntent=Intent { act=android.intent.action.MAIN cat=[android.intent.category.LAUNCHER] cmp=com.example.ubcexplore/.MainActivity }, activity.getIntent()=Intent { cmp=com.example.ubcexplore/.FriendRequestsActivity (has extras) }, activity=com.example.ubcexplore.FriendRequestsActivity@d53fb1d
07-31 05:17:25.095 17106 17106 D LifecycleMonitor: Lifecycle status change: com.example.ubcexplore.FriendRequestsActivity@d53fb1d in: STARTED
07-31 05:17:25.095 17106 17106 V ActivityScenario: Activity lifecycle changed event received but ignored because the intent does not match. startActivityIntent=Intent { act=android.intent.action.MAIN cat=[android.intent.category.LAUNCHER] cmp=com.example.ubcexplore/.MainActivity }, activity.getIntent()=Intent { cmp=com.example.ubcexplore/.FriendRequestsActivity (has extras) }, activity=com.example.ubcexplore.FriendRequestsActivity@d53fb1d
07-31 05:17:25.096 17106 17106 D LifecycleMonitor: Lifecycle status change: com.example.ubcexplore.FriendRequestsActivity@d53fb1d in: RESUMED
07-31 05:17:25.098 17106 17106 V ActivityScenario: Activity lifecycle changed event received but ignored because the intent does not match. startActivityIntent=Intent { act=android.intent.action.MAIN cat=[android.intent.category.LAUNCHER] cmp=com.example.ubcexplore/.MainActivity }, activity.getIntent()=Intent { cmp=com.example.ubcexplore/.FriendRequestsActivity (has extras) }, activity=com.example.ubcexplore.FriendRequestsActivity@d53fb1d
07-31 05:17:25.040 12885 12885 W DetectPable: type=1400 audit(0.0:144551): avc: denied { getattr } for path="/proc/keys" dev="proc" ino=4026532084 scontext=u:r:shell:s0 tcontext=u:object_r:proc_keys:s0 tclass=file permissive=0
07-31 05:17:25.157  1829  1829 D gralloc_ranchu: gralloc_alloc: Creating ashmem region of size 9334784
07-31 05:17:25.172 17106 17106 E RecyclerView: No adapter attached; skipping layout
07-31 05:17:25.174  1829  1829 D gralloc_ranchu: gralloc_alloc: Creating ashmem region of size 9334784
07-31 05:17:25.181  1829  1829 D gralloc_ranchu: gralloc_alloc: Creating ashmem region of size 9334784
07-31 05:17:25.197 17106 17181 D EGL_emulation: eglMakeCurrent: 0xf5652a20: ver 3 0 (tinfo 0xf5689560)
07-31 05:17:25.221 17106 17181 D EGL_emulation: eglMakeCurrent: 0xf5652a20: ver 3 0 (tinfo 0xf5689560)
07-31 05:17:25.228  2062  2084 W InputReader: Device has associated, but no associated display id.
07-31 05:17:25.231  2062  2084 I chatty  : uid=1000(system) android.anim identical 18 lines
07-31 05:17:25.231  2062  2084 W InputReader: Device has associated, but no associated display id.
07-31 05:17:25.261 17106 17181 D EGL_emulation: eglMakeCurrent: 0xf5652a20: ver 3 0 (tinfo 0xf5689560)
07-31 05:17:25.331 17106 17106 D LifecycleMonitor: Lifecycle status change: com.example.ubcexplore.FriendsActivity@fce22b8 in: STOPPED
07-31 05:17:25.331 17106 17106 V ActivityScenario: Activity lifecycle changed event received but ignored because the intent does not match. startActivityIntent=Intent { act=android.intent.action.MAIN cat=[android.intent.category.LAUNCHER] cmp=com.example.ubcexplore/.MainActivity }, activity.getIntent()=Intent { cmp=com.example.ubcexplore/.FriendsActivity (has extras) }, activity=com.example.ubcexplore.FriendsActivity@fce22b8
07-31 05:17:25.543 17106 17106 I ViewInteraction: Checking 'MatchesViewAssertion{viewMatcher=(view has effective visibility <VISIBLE> and view.getGlobalVisibleRect() to return non-empty rectangle)}' assertion on view view.getId() is <2131230846/com.example.ubcexplore:id/button_outgoing_requests>
07-31 05:17:25.547 17106 17106 I ViewInteraction: Checking 'MatchesViewAssertion{viewMatcher=(view has effective visibility <VISIBLE> and view.getGlobalVisibleRect() to return non-empty rectangle)}' assertion on view view.getId() is <2131230844/com.example.ubcexplore:id/button_incoming_requests>
07-31 05:17:25.554 17106 17106 I ViewInteraction: Performing 'single click' action on view view.getId() is <2131230846/com.example.ubcexplore:id/button_outgoing_requests>
07-31 05:17:25.791  1829  1829 D gralloc_ranchu: gralloc_alloc: Creating ashmem region of size 356352
07-31 05:17:25.824  1814  4162 W audio_hw_generic: Not supplying enough data to HAL, expected position 14765141 , only wrote 14764757
07-31 05:17:25.827  1829  1829 D gralloc_ranchu: gralloc_alloc: Creating ashmem region of size 356352
07-31 05:17:25.829  1829  1829 D gralloc_ranchu: gralloc_alloc: Creating ashmem region of size 356352
07-31 05:17:25.847 17106 17181 D EGL_emulation: eglMakeCurrent: 0xf5652a20: ver 3 0 (tinfo 0xf5689560)
07-31 05:17:25.963 17106 17106 I ViewInteraction: Checking 'MatchesViewAssertion{viewMatcher=(view has effective visibility <VISIBLE> and view.getGlobalVisibleRect() to return non-empty rectangle)}' assertion on view view.getId() is <2131231280/com.example.ubcexplore:id/text_outgoing_requests>
07-31 05:17:25.967 17106 17106 I ViewInteraction: Performing 'single click' action on view view.getId() is <2131230844/com.example.ubcexplore:id/button_incoming_requests>
07-31 05:17:25.983 17106 17181 D EGL_emulation: eglMakeCurrent: 0xf5652a20: ver 3 0 (tinfo 0xf5689560)
07-31 05:17:26.023  1828  2338 E GnssHAL_GnssInterface: gnssSvStatusCb: a: input svInfo.flags is 8
07-31 05:17:26.024  1828  2338 E GnssHAL_GnssInterface: gnssSvStatusCb: b: input svInfo.flags is 8
07-31 05:17:26.070 12885 12885 W DetectPable: type=1400 audit(0.0:144580): avc: denied { getattr } for path="/proc/fb" dev="proc" ino=4026532004 scontext=u:r:shell:s0 tcontext=u:object_r:proc:s0 tclass=file permissive=0
07-31 05:17:26.154  1814  4162 W audio_hw_generic: Not supplying enough data to HAL, expected position 14779322 , only wrote 14779299
07-31 05:17:26.070 12885 12885 W DetectPable: type=1400 audit(0.0:144584): avc: denied { getattr } for path="/proc/misc" dev="proc" ino=4026532008 scontext=u:r:shell:s0 tcontext=u:object_r:proc_misc:s0 tclass=file permissive=0
07-31 05:17:26.245 17106 17106 D FriendRequestsActivity: response: {"displayName":"Test7","score":5,"difficulty":"Easy","leaderboardParticipant":1,"incomingRequests":[],"outgoingRequests":["Test2"],"friends":["Test1","Test3"],"collection":{"achievements":[],"items":[]},"unlockedLocations":[],"id":"112532649815597015229"}
07-31 05:17:26.246 17106 17106 D FriendRequestsActivity: outgoingRequests: Test2
07-31 05:17:26.328 17106 17106 I ViewInteraction: Checking 'MatchesViewAssertion{viewMatcher=(view has effective visibility <VISIBLE> and view.getGlobalVisibleRect() to return non-empty rectangle)}' assertion on view view.getId() is <2131231151/com.example.ubcexplore:id/recycler_view_incoming_requests>
07-31 05:17:26.341 17106 17106 D LifecycleMonitor: Lifecycle status change: com.example.ubcexplore.FriendRequestsActivity@d53fb1d in: PAUSED
07-31 05:17:26.341 17106 17106 V ActivityScenario: Activity lifecycle changed event received but ignored because the intent does not match. startActivityIntent=Intent { act=android.intent.action.MAIN cat=[android.intent.category.LAUNCHER] cmp=com.example.ubcexplore/.MainActivity }, activity.getIntent()=Intent { cmp=com.example.ubcexplore/.FriendRequestsActivity (has extras) }, activity=com.example.ubcexplore.FriendRequestsActivity@d53fb1d
07-31 05:17:26.342  2062  6010 W InputReader: Device has associated, but no associated display id.
07-31 05:17:26.347  2062  6010 I chatty  : uid=1000(system) Binder:2062_1C identical 45 lines
07-31 05:17:26.347  2062  6010 W InputReader: Device has associated, but no associated display id.
07-31 05:17:26.349 17147 17147 W ActivityThread: handleWindowVisibility: no activity for token android.os.BinderProxy@2e170dd
07-31 05:17:26.362  2062  6010 W InputReader: Device has associated, but no associated display id.
07-31 05:17:26.362  2062  6010 I chatty  : uid=1000(system) Binder:2062_1C identical 1 line
07-31 05:17:26.362  2062  6010 W InputReader: Device has associated, but no associated display id.
07-31 05:17:26.512  2062  3211 W InputReader: Device has associated, but no associated display id.
07-31 05:17:26.516  2062  3211 I chatty  : uid=1000(system) Binder:2062_11 identical 29 lines
07-31 05:17:26.517  2062  3211 W InputReader: Device has associated, but no associated display id.
07-31 05:17:26.517 17106 17106 D LifecycleMonitor: Lifecycle status change: com.example.ubcexplore.MainActivity@7e59e81 in: DESTROYED
07-31 05:17:26.518 17106 17106 V ActivityScenario: Update currentActivityStage to DESTROYED, currentActivity=null
07-31 05:17:26.546  2062  3211 W InputReader: Device has associated, but no associated display id.
07-31 05:17:26.550  2062  3211 I chatty  : uid=1000(system) Binder:2062_11 identical 17 lines
07-31 05:17:26.550  2062  3211 W InputReader: Device has associated, but no associated display id.
07-31 05:17:26.586 17147 17178 D HostConnection: HostConnection::get() New Host Connection established 0xdef59fa0, tid 17178
07-31 05:17:26.587 17147 17178 D HostConnection: HostComposition ext ANDROID_EMU_CHECKSUM_HELPER_v1 ANDROID_EMU_dma_v1 ANDROID_EMU_direct_mem ANDROID_EMU_host_composition_v1 ANDROID_EMU_host_composition_v2 ANDROID_EMU_vulkan ANDROID_EMU_deferred_vulkan_commands ANDROID_EMU_vulkan_null_optional_strings ANDROID_EMU_vulkan_create_resources_with_requirements ANDROID_EMU_YUV420_888_to_NV21 ANDROID_EMU_YUV_Cache ANDROID_EMU_vulkan_free_memory_sync ANDROID_EMU_vulkan_shader_float16_int8 ANDROID_EMU_vulkan_async_queue_submit ANDROID_EMU_sync_buffer_data GL_OES_EGL_image_external_essl3 GL_OES_vertex_array_object GL_KHR_texture_compression_astc_ldr ANDROID_EMU_host_side_tracing ANDROID_EMU_gles_max_version_3_0
07-31 05:17:26.591 17147 17178 W OpenGLRenderer: Failed to choose config with EGL_SWAP_BEHAVIOR_PRESERVED, retrying without...
07-31 05:17:26.615 17147 17178 D eglCodecCommon: setVertexArrayObject: set vao to 0 (0) 0 0
07-31 05:17:26.615 17147 17178 D EGL_emulation: eglCreateContext: 0xebd47740: maj 3 min 0 rcv 3
07-31 05:17:26.670 17147 17178 D EGL_emulation: eglMakeCurrent: 0xebd47740: ver 3 0 (tinfo 0xebce37d0)
07-31 05:17:26.683 17106 17106 D FriendRequestsActivity: response: {"displayName":"Test7","score":5,"difficulty":"Easy","leaderboardParticipant":1,"incomingRequests":[],"outgoingRequests":["Test2"],"friends":["Test1","Test3"],"collection":{"achievements":[],"items":[]},"unlockedLocations":[],"id":"112532649815597015229"}
07-31 05:17:26.684 17106 17106 D FriendRequestsActivity: incomingRequests:
07-31 05:17:26.686  1829  1829 D gralloc_ranchu: gralloc_alloc: Creating ashmem region of size 9334784
07-31 05:17:26.692  1683  1683 I hwservicemanager: getTransport: Cannot find entry android.hardware.graphics.mapper@3.0::IMapper/default in either framework or device manifest.
07-31 05:17:26.692 17147 17178 W Gralloc3: mapper 3.x is not supported
07-31 05:17:26.695 17147 17178 D HostConnection: createUnique: call
07-31 05:17:26.696 17147 17178 D HostConnection: HostConnection::get() New Host Connection established 0xdef5b9e0, tid 17178
07-31 05:17:26.697 17147 17178 D HostConnection: HostComposition ext ANDROID_EMU_CHECKSUM_HELPER_v1 ANDROID_EMU_dma_v1 ANDROID_EMU_direct_mem ANDROID_EMU_host_composition_v1 ANDROID_EMU_host_composition_v2 ANDROID_EMU_vulkan ANDROID_EMU_deferred_vulkan_commands ANDROID_EMU_vulkan_null_optional_strings ANDROID_EMU_vulkan_create_resources_with_requirements ANDROID_EMU_YUV420_888_to_NV21 ANDROID_EMU_YUV_Cache ANDROID_EMU_vulkan_free_memory_sync ANDROID_EMU_vulkan_shader_float16_int8 ANDROID_EMU_vulkan_async_queue_submit ANDROID_EMU_sync_buffer_data GL_OES_EGL_image_external_essl3 GL_OES_vertex_array_object GL_KHR_texture_compression_astc_ldr ANDROID_EMU_host_side_tracing ANDROID_EMU_gles_max_version_3_0
07-31 05:17:26.698 17147 17178 D eglCodecCommon: allocate: Ask for block of size 0x1000
07-31 05:17:26.698 17147 17178 D eglCodecCommon: allocate: ioctl allocate returned offset 0x3ff250000 size 0x2000
07-31 05:17:26.713 17147 17178 D EGL_emulation: eglMakeCurrent: 0xebd47740: ver 3 0 (tinfo 0xebce37d0)
07-31 05:17:26.713  1829  1829 D gralloc_ranchu: gralloc_alloc: Creating ashmem region of size 9334784
07-31 05:17:26.717  1829  1829 D gralloc_ranchu: gralloc_alloc: Creating ashmem region of size 9334784
07-31 05:17:26.719 17147 17178 D eglCodecCommon: setVertexArrayObject: set vao to 0 (0) 1 0
07-31 05:17:26.852 17147 17147 W ActivityThread: handleWindowVisibility: no activity for token android.os.BinderProxy@16d3e4c
07-31 05:17:26.916 17106 17144 I TestRunner: finished: manageFriends(com.example.ubcexplore.EspressoTest)
