07-31 05:17:39.418 17106 17144 I TestRunner: started: displayLocInfo(com.example.ubcexplore.EspressoTest)
07-31 05:17:39.453 17106 17144 W Settings: Setting always_finish_activities has moved from android.provider.Settings.System to android.provider.Settings.Global, returning read-only value.
07-31 05:17:39.459  1829  1829 D gralloc_ranchu: gralloc_alloc: Creating ashmem region of size 9334784
07-31 05:17:39.465  1829  3308 D gralloc_ranchu: gralloc_alloc: Creating ashmem region of size 9334784
07-31 05:17:39.496  1829  1829 D gralloc_ranchu: gralloc_alloc: Creating ashmem region of size 9334784
07-31 05:17:39.504  1829  1829 D gralloc_ranchu: gralloc_alloc: Creating ashmem region of size 9334784
07-31 05:17:39.505  2463  3098 D EGL_emulation: eglMakeCurrent: 0xf5652d80: ver 3 0 (tinfo 0xebd0a3d0)
07-31 05:17:39.511  1829  3308 D gralloc_ranchu: gralloc_alloc: Creating ashmem region of size 9334784
07-31 05:17:39.517  3179  3923 D EGL_emulation: eglMakeCurrent: 0xe244b140: ver 3 0 (tinfo 0xb85e02a0)
07-31 05:17:39.543  1829  1829 D gralloc_ranchu: gralloc_alloc: Creating ashmem region of size 9334784
07-31 05:17:39.552  1829  3308 D gralloc_ranchu: gralloc_alloc: Creating ashmem region of size 9334784
07-31 05:17:39.583  2062  3003 W InputReader: Device has associated, but no associated display id.
07-31 05:17:39.585  2062  3003 I chatty  : uid=1000(system) Binder:2062_E identical 28 lines
07-31 05:17:39.585  2062  3003 W InputReader: Device has associated, but no associated display id.
07-31 05:17:39.587 17147 17147 W ActivityThread: handleWindowVisibility: no activity for token android.os.BinderProxy@3301f03
07-31 05:17:39.590  2062  3003 W InputReader: Device has associated, but no associated display id.
07-31 05:17:39.590  2062  3003 I chatty  : uid=1000(system) Binder:2062_E identical 8 lines
07-31 05:17:39.590  2062  3003 W InputReader: Device has associated, but no associated display id.
07-31 05:17:39.649  3179  3564 W A       : Queue length for executor EventBus is now 11. Perhaps some tasks are too long, or the pool is too small.
07-31 05:17:39.651  3179  3564 I A       : Using proto config with mendel
07-31 05:17:39.665  2062  3529 W InputReader: Device has associated, but no associated display id.
07-31 05:17:39.668  2062  3529 I chatty  : uid=1000(system) Binder:2062_16 identical 38 lines
07-31 05:17:39.668  2062  3529 W InputReader: Device has associated, but no associated display id.
07-31 05:17:39.668 17106 17106 W ActivityThread: handleWindowVisibility: no activity for token android.os.BinderProxy@283fed1
07-31 05:17:39.670  2062  3529 W InputReader: Device has associated, but no associated display id.
07-31 05:17:39.671  2062  3529 I chatty  : uid=1000(system) Binder:2062_16 identical 8 lines
07-31 05:17:39.671  2062  3529 W InputReader: Device has associated, but no associated display id.
07-31 05:17:39.699 17106 17106 D LifecycleMonitor: Lifecycle status change: com.example.ubcexplore.MainActivity@486b709 in: PRE_ON_CREATE
07-31 05:17:39.699 17106 17106 V ActivityScenario: Activity lifecycle changed event received but ignored because the reported transition was not ON_CREATE while the last known transition was PRE_ON_CREATE
07-31 05:17:39.710  2062  2084 W InputReader: Device has associated, but no associated display id.
07-31 05:17:39.711  2062  2084 I chatty  : uid=1000(system) android.anim identical 18 lines
07-31 05:17:39.712  2062  2084 W InputReader: Device has associated, but no associated display id.
07-31 05:17:39.713  3179  3564 I A       : Using proto config with mendel
07-31 05:17:39.741  3179  3923 D EGL_emulation: eglMakeCurrent: 0xe244b140: ver 3 0 (tinfo 0xb85e02a0)
07-31 05:17:39.741 17147 17178 D EGL_emulation: eglMakeCurrent: 0xebd47740: ver 3 0 (tinfo 0xebce37d0)
07-31 05:17:39.743  1829  3308 D gralloc_ranchu: gralloc_alloc: Creating ashmem region of size 5976064
07-31 05:17:39.763  2463  3098 D EGL_emulation: eglMakeCurrent: 0xf5652d80: ver 3 0 (tinfo 0xebd0a3d0)
07-31 05:17:39.766  1829  3308 D gralloc_ranchu: gralloc_alloc: Creating ashmem region of size 9334784
07-31 05:17:39.766  2345  2363 I m.android.phon: Background concurrent copying GC freed 20690(1673KB) AllocSpace objects, 0(0B) LOS objects, 49% free, 1719KB/3439KB, paused 8.755ms total 58.884ms
07-31 05:17:39.847 17106 17106 D LifecycleMonitor: Lifecycle status change: com.example.ubcexplore.MainActivity@486b709 in: CREATED
07-31 05:17:39.848 17106 17106 V ActivityScenario: Update currentActivityStage to CREATED, currentActivity=com.example.ubcexplore.MainActivity@486b709
07-31 05:17:39.872 17106 17106 D CameraFragment: lat: 90.0, lon: 180.0
07-31 05:17:39.907  2062  7004 D HostConnection: HostConnection::get() New Host Connection established 0xb5f27f60, tid 7004
07-31 05:17:39.908  2062  7004 D HostConnection: HostComposition ext ANDROID_EMU_CHECKSUM_HELPER_v1 ANDROID_EMU_dma_v1 ANDROID_EMU_direct_mem ANDROID_EMU_host_composition_v1 ANDROID_EMU_host_composition_v2 ANDROID_EMU_vulkan ANDROID_EMU_deferred_vulkan_commands ANDROID_EMU_vulkan_null_optional_strings ANDROID_EMU_vulkan_create_resources_with_requirements ANDROID_EMU_YUV420_888_to_NV21 ANDROID_EMU_YUV_Cache ANDROID_EMU_vulkan_free_memory_sync ANDROID_EMU_vulkan_shader_float16_int8 ANDROID_EMU_vulkan_async_queue_submit ANDROID_EMU_sync_buffer_data GL_OES_EGL_image_external_essl3 GL_OES_vertex_array_object GL_KHR_texture_compression_astc_ldr ANDROID_EMU_host_side_tracing ANDROID_EMU_gles_max_version_3_0
07-31 05:17:39.909  2062  7004 W OpenGLRenderer: Failed to choose config with EGL_SWAP_BEHAVIOR_PRESERVED, retrying without...
07-31 05:17:39.929  2062  7004 D eglCodecCommon: setVertexArrayObject: set vao to 0 (0) 0 0
07-31 05:17:39.930  2062  7004 D EGL_emulation: eglCreateContext: 0xc4522460: maj 3 min 0 rcv 3
07-31 05:17:39.956 17106 17106 D LifecycleMonitor: Lifecycle status change: com.example.ubcexplore.MainActivity@486b709 in: STARTED
07-31 05:17:39.956 17106 17106 V ActivityScenario: Update currentActivityStage to STARTED, currentActivity=com.example.ubcexplore.MainActivity@486b709
07-31 05:17:39.960 17106 17106 D LifecycleMonitor: Lifecycle status change: com.example.ubcexplore.MainActivity@486b709 in: RESUMED
07-31 05:17:39.961 17106 17106 V ActivityScenario: Update currentActivityStage to RESUMED, currentActivity=com.example.ubcexplore.MainActivity@486b709
07-31 05:17:39.975  2062  7004 D EGL_emulation: eglMakeCurrent: 0xc4522460: ver 3 0 (tinfo 0xc61a42d0)
07-31 05:17:39.997 17106 17106 D DeferrableSurface: Surface created[total_surfaces=1, used_surfaces=0](androidx.camera.core.SurfaceRequest$2@14b3197}
07-31 05:17:40.001 17106 17106 D CameraOrientationUtil: getRelativeImageRotation: destRotationDegrees=0, sourceRotationDegrees=90, isOppositeFacing=true, result=90
07-31 05:17:40.002 17106 17197 D Camera2CameraImpl: {Camera@682a746[id=0]} Use case androidx.camera.core.Preview-b606b556-179b-45d6-8bec-8b1fa20c7ad674722776 ACTIVE
07-31 05:17:40.002 17106 17197 D UseCaseAttachState: Active and attached use case: [] for camera: 0
07-31 05:17:40.006 17106 17197 D Camera2CameraImpl: {Camera@682a746[id=0]} Use cases [androidx.camera.core.Preview-b606b556-179b-45d6-8bec-8b1fa20c7ad674722776] now ATTACHED
07-31 05:17:40.010 17106 17197 D UseCaseAttachState: All use case: [androidx.camera.core.Preview-b606b556-179b-45d6-8bec-8b1fa20c7ad674722776] for camera: 0
07-31 05:17:40.011 17106 17197 D UseCaseAttachState: Active and attached use case: [androidx.camera.core.Preview-b606b556-179b-45d6-8bec-8b1fa20c7ad674722776] for camera: 0
07-31 05:17:40.018 17106 17197 D Camera2CameraImpl: {Camera@682a746[id=0]} Resetting Capture Session
07-31 05:17:40.019 17106 17197 D Camera2CameraImpl: {Camera@682a746[id=0]} Releasing session in state INITIALIZED
07-31 05:17:40.020 17106 17197 D Camera2CameraImpl: {Camera@682a746[id=0]} Attempting to force open the camera.
07-31 05:17:40.020 17106 17197 D CameraStateRegistry: tryOpenCamera(Camera@682a746[id=0]) [Available Cameras: 1, Already Open: false (Previous state: CLOSED)] --> SUCCESS
07-31 05:17:40.021 17106 17197 D CameraStateRegistry: Recalculating open cameras:
07-31 05:17:40.021 17106 17197 D CameraStateRegistry: Camera                                       State
07-31 05:17:40.021 17106 17197 D CameraStateRegistry: -------------------------------------------------------------------
07-31 05:17:40.021 17106 17197 D CameraStateRegistry: Camera@682a746[id=0]                         OPENING
07-31 05:17:40.021 17106 17197 D CameraStateRegistry: Camera@ede22a3[id=1]                         UNKNOWN
07-31 05:17:40.021 17106 17197 D CameraStateRegistry: -------------------------------------------------------------------
07-31 05:17:40.021 17106 17197 D CameraStateRegistry: Open count: 1 (Max allowed: 1)
07-31 05:17:40.023 17106 17197 D Camera2CameraImpl: {Camera@682a746[id=0]} Opening camera.
07-31 05:17:40.024  2062  7004 D eglCodecCommon: setVertexArrayObject: set vao to 0 (0) 1 0
07-31 05:17:40.024 17106 17197 D Camera2CameraImpl: {Camera@682a746[id=0]} Transitioning camera internal state: INITIALIZED --> OPENING
07-31 05:17:40.025  1828  2338 E GnssHAL_GnssInterface: gnssSvStatusCb: a: input svInfo.flags is 8
07-31 05:17:40.025  1828  2338 E GnssHAL_GnssInterface: gnssSvStatusCb: b: input svInfo.flags is 8
07-31 05:17:40.024 17106 17197 D CameraStateMachine: New public camera state CameraState{type=OPENING, error=null} from OPENING and null
07-31 05:17:40.031 17106 17197 D CameraStateMachine: Publishing new public camera state CameraState{type=OPENING, error=null}
07-31 05:17:40.041 17106 17197 D UseCaseAttachState: All use case: [androidx.camera.core.Preview-b606b556-179b-45d6-8bec-8b1fa20c7ad674722776] for camera: 0
07-31 05:17:40.057  1875  2144 I CameraService: CameraService::connect call (PID -1 "com.example.ubcexplore", camera ID 0) for HAL version default and Camera API version 2
07-31 05:17:40.060  1875  2144 I Camera2ClientBase: Camera 0: Opened. Client: com.example.ubcexplore (PID 17106, UID 10191)
07-31 05:17:40.060  1875  2144 I CameraDeviceClient: CameraDeviceClient 0: Opened
07-31 05:17:40.063  1817  1817 E libc    : Access denied finding property "ro.camera.req.fmq.size"
07-31 05:17:40.066  1817  1817 E libc    : Access denied finding property "ro.camera.res.fmq.size"
07-31 05:17:40.082  1829  3308 D gralloc_ranchu: gralloc_alloc: Creating ashmem region of size 9334784
07-31 05:17:40.087 17106 17197 D Camera2CameraImpl: {Camera@682a746[id=0]} Use case androidx.camera.core.Preview-b606b556-179b-45d6-8bec-8b1fa20c7ad674722776 ACTIVE
07-31 05:17:40.087 17106 17197 D UseCaseAttachState: Active and attached use case: [androidx.camera.core.Preview-b606b556-179b-45d6-8bec-8b1fa20c7ad674722776] for camera: 0
07-31 05:17:40.093 17106 17197 D Camera2CameraImpl: {Camera@682a746[id=0]} CameraDevice.onOpened()
07-31 05:17:40.094 17106 17197 D Camera2CameraImpl: {Camera@682a746[id=0]} Transitioning camera internal state: OPENING --> OPENED
07-31 05:17:40.094 17106 17197 D CameraStateRegistry: Recalculating open cameras:
07-31 05:17:40.094 17106 17197 D CameraStateRegistry: Camera                                       State
07-31 05:17:40.094 17106 17197 D CameraStateRegistry: -------------------------------------------------------------------
07-31 05:17:40.094 17106 17197 D CameraStateRegistry: Camera@682a746[id=0]                         OPEN
07-31 05:17:40.094 17106 17197 D CameraStateRegistry: Camera@ede22a3[id=1]                         UNKNOWN
07-31 05:17:40.094 17106 17197 D CameraStateRegistry: -------------------------------------------------------------------
07-31 05:17:40.094 17106 17197 D CameraStateRegistry: Open count: 1 (Max allowed: 1)
07-31 05:17:40.094 17106 17197 D CameraStateMachine: New public camera state CameraState{type=OPEN, error=null} from OPEN and null
07-31 05:17:40.094 17106 17197 D CameraStateMachine: Publishing new public camera state CameraState{type=OPEN, error=null}
07-31 05:17:40.095 17106 17197 D UseCaseAttachState: All use case: [androidx.camera.core.Preview-b606b556-179b-45d6-8bec-8b1fa20c7ad674722776] for camera: 0
07-31 05:17:40.097 17106 17197 D UseCaseAttachState: Active and attached use case: [androidx.camera.core.Preview-b606b556-179b-45d6-8bec-8b1fa20c7ad674722776] for camera: 0
07-31 05:17:40.123  1829  3308 D gralloc_ranchu: gralloc_alloc: Creating ashmem region of size 9334784
07-31 05:17:40.127  1829  1829 D gralloc_ranchu: gralloc_alloc: Creating ashmem region of size 9334784
07-31 05:17:40.100 12885 12885 W DetectPable: type=1400 audit(0.0:144987): avc: denied { getattr } for path="/proc/fb" dev="proc" ino=4026532004 scontext=u:r:shell:s0 tcontext=u:object_r:proc:s0 tclass=file permissive=0
07-31 05:17:40.164 17106 17181 D EGL_emulation: eglMakeCurrent: 0xf5652a20: ver 3 0 (tinfo 0xf5689560)
07-31 05:17:40.100 12885 12885 W DetectPable: type=1400 audit(0.0:144989): avc: denied { getattr } for path="/proc/keys" dev="proc" ino=4026532084 scontext=u:r:shell:s0 tcontext=u:object_r:proc_keys:s0 tclass=file permissive=0
07-31 05:17:40.192 17106 17106 D PreviewView: Surface requested by Preview.
07-31 05:17:40.204  2062  2090 I ActivityTaskManager: Displayed com.example.ubcexplore/.MainActivity: +550ms
07-31 05:17:40.100 12885 12885 W DetectPable: type=1400 audit(0.0:144990): avc: denied { getattr } for path="/proc/kmsg" dev="proc" ino=4026532039 scontext=u:r:shell:s0 tcontext=u:object_r:proc_kmsg:s0 tclass=file permissive=0
07-31 05:17:40.228 17106 17106 D SurfaceViewImpl: Surface created.
07-31 05:17:40.228 17106 17106 D SurfaceViewImpl: Surface changed. Size: 1280x960
07-31 05:17:40.241 17106 17106 D CameraFragment: Location changed!
07-31 05:17:40.100 12885 12885 W DetectPable: type=1400 audit(0.0:144991): avc: denied { getattr } for path="/proc/misc" dev="proc" ino=4026532008 scontext=u:r:shell:s0 tcontext=u:object_r:proc_misc:s0 tclass=file permissive=0
07-31 05:17:40.282 17106 17106 D PreviewView: Preview transformation info updated. TransformationInfo{cropRect=Rect(0, 0 - 1280, 960), rotationDegrees=90, targetRotation=0}
07-31 05:17:40.283 17106 17106 D PreviewTransform: Transformation info set: TransformationInfo{cropRect=Rect(0, 0 - 1280, 960), rotationDegrees=90, targetRotation=0} 1280x960 false
07-31 05:17:40.284 17106 17106 D SurfaceViewImpl: Surface set on Preview.
07-31 05:17:40.285 17106 17195 D SyncCaptureSessionBase: [androidx.camera.camera2.internal.SynchronizedCaptureSessionBaseImpl@c390a14] getSurface...done
07-31 05:17:40.285 17106 17195 D CaptureSession: Opening capture session.
07-31 05:17:40.295 17106 17195 D DeferrableSurface: New surface in use[total_surfaces=1, used_surfaces=1](androidx.camera.core.SurfaceRequest$2@14b3197}
07-31 05:17:40.295 17106 17195 D DeferrableSurface: use count+1, useCount=1 androidx.camera.core.SurfaceRequest$2@14b3197
07-31 05:17:40.297  1875  2144 W CameraDeviceClient: createSurfaceFromGbp: Camera 0 with consumer usage flag: 2304: Forcing asynchronous mode for stream
07-31 05:17:40.301  1875  2144 W CameraDeviceClient: createSurfaceFromGbp: Camera 0: Overriding format 0x4 to IMPLEMENTATION_DEFINED
07-31 05:17:40.308  1875  2144 D Camera3-Device: Set real time priority for request queue thread (tid 17337)
07-31 05:17:40.310 17106 17195 D CaptureSession: Attempting to send capture request onConfigured
07-31 05:17:40.311 17106 17195 D CaptureSession: Issuing request for session.
07-31 05:17:40.316 17106 17195 D CaptureSession: CameraCaptureSession.onConfigured() mState=OPENED
07-31 05:17:40.316 17106 17195 D CaptureSession: CameraCaptureSession.onReady() OPENED
07-31 05:17:40.323  1829  1829 D gralloc_ranchu: gralloc_alloc: Creating ashmem region of size 4919296
07-31 05:17:40.362  3179 17287 I PBSessionCacheImpl: Deleted sessionId[13983049090628801] from persistence.
07-31 05:17:40.384  1829  1829 D gralloc_ranchu: gralloc_alloc: Creating ashmem region of size 4919296
07-31 05:17:40.412  3179  3564 W SearchServiceCore: Abort, client detached.
07-31 05:17:40.416  1817 17334 I EmulatedCamera3_QemuSensor: captureRGBA: Dimensions for the current request (1280x960) differ from the previous request (-1x-1). Restarting camera
07-31 05:17:40.880  1829  1829 D gralloc_ranchu: gralloc_alloc: Creating ashmem region of size 4919296
07-31 05:17:40.989 17106 17106 I ViewInteraction: Checking 'MatchesViewAssertion{viewMatcher=(view has effective visibility <VISIBLE> and view.getGlobalVisibleRect() to return non-empty rectangle)}' assertion on view view.getId() is <2131231279/com.example.ubcexplore:id/text_location_info>
07-31 05:17:41.022 17106 17195 D StreamStateObserver: Update Preview stream state to STREAMING
07-31 05:17:41.027  1828  2338 E GnssHAL_GnssInterface: gnssSvStatusCb: a: input svInfo.flags is 8
07-31 05:17:41.027  1828  2338 E GnssHAL_GnssInterface: gnssSvStatusCb: b: input svInfo.flags is 8
07-31 05:17:41.028  1844  1844 W BufferQueueLayer: [SurfaceView - com.example.ubcexplore/com.example.ubcexplore.MainActivity#0] Timestamp 11524113268000 seems implausible relative to expectedPresent 11522505372488
07-31 05:17:41.039  1829  1829 D gralloc_ranchu: gralloc_alloc: Creating ashmem region of size 4919296
07-31 05:17:41.064 17106 17106 D LifecycleMonitor: Lifecycle status change: com.example.ubcexplore.MainActivity@486b709 in: PAUSED
07-31 05:17:41.064 17106 17106 V ActivityScenario: Update currentActivityStage to PAUSED, currentActivity=com.example.ubcexplore.MainActivity@486b709
07-31 05:17:41.067  1844  1844 W BufferQueueLayer: [SurfaceView - com.example.ubcexplore/com.example.ubcexplore.MainActivity#0] Timestamp 11524194993300 seems implausible relative to expectedPresent 11522552443400
07-31 05:17:41.068  2062  3529 W InputReader: Device has associated, but no associated display id.
07-31 05:17:41.074  2062  3529 I chatty  : uid=1000(system) Binder:2062_16 identical 38 lines
07-31 05:17:41.074  2062  3529 W InputReader: Device has associated, but no associated display id.
07-31 05:17:41.074 17147 17147 W ActivityThread: handleWindowVisibility: no activity for token android.os.BinderProxy@ba85f
07-31 05:17:41.097  2062  3529 W InputReader: Device has associated, but no associated display id.
07-31 05:17:41.097  2062  3529 I chatty  : uid=1000(system) Binder:2062_16 identical 8 lines
07-31 05:17:41.098  2062  3529 W InputReader: Device has associated, but no associated display id.
07-31 05:17:41.130 12885 12885 W DetectPable: type=1400 audit(0.0:145018): avc: denied { getattr } for path="/proc/fb" dev="proc" ino=4026532004 scontext=u:r:shell:s0 tcontext=u:object_r:proc:s0 tclass=file permissive=0
07-31 05:17:41.179  1844  1844 W BufferQueueLayer: [SurfaceView - com.example.ubcexplore/com.example.ubcexplore.MainActivity#0] Timestamp 11524362916600 seems implausible relative to expectedPresent 11522660061573
07-31 05:17:41.206  1844  1844 W BufferQueueLayer: [SurfaceView - com.example.ubcexplore/com.example.ubcexplore.MainActivity#0] Timestamp 11524406243000 seems implausible relative to expectedPresent 11522687192917
07-31 05:17:41.130 12885 12885 W DetectPable: type=1400 audit(0.0:145019): avc: denied { getattr } for path="/proc/dma" dev="proc" ino=4026532073 scontext=u:r:shell:s0 tcontext=u:object_r:proc:s0 tclass=file permissive=0
07-31 05:17:41.308  1844  1844 W BufferQueueLayer: [SurfaceView - com.example.ubcexplore/com.example.ubcexplore.MainActivity#0] Timestamp 11524454459200 seems implausible relative to expectedPresent 11522793893525
07-31 05:17:41.349  1844  1844 W BufferQueueLayer: [SurfaceView - com.example.ubcexplore/com.example.ubcexplore.MainActivity#0] Timestamp 11524569794100 seems implausible relative to expectedPresent 11522834734925
07-31 05:17:41.359  1829  1829 D gralloc_ranchu: gralloc_alloc: Creating ashmem region of size 9334784
07-31 05:17:41.372  1844  1844 W BufferQueueLayer: [SurfaceView - com.example.ubcexplore/com.example.ubcexplore.MainActivity#0] Timestamp 11524603573700 seems implausible relative to expectedPresent 11522853591982
07-31 05:17:41.377  1829  1829 D gralloc_ranchu: gralloc_alloc: Creating ashmem region of size 9334784
07-31 05:17:41.409 17147 17178 D EGL_emulation: eglMakeCurrent: 0xebd47740: ver 3 0 (tinfo 0xebce37d0)
07-31 05:17:41.411  1829  3308 D gralloc_ranchu: gralloc_alloc: Creating ashmem region of size 9334784
07-31 05:17:41.451  1844  1844 W BufferQueueLayer: [SurfaceView - com.example.ubcexplore/com.example.ubcexplore.MainActivity#0] Timestamp 11524678953600 seems implausible relative to expectedPresent 11522934941714
07-31 05:17:41.456  2062  3529 W InputReader: Device has associated, but no associated display id.
07-31 05:17:41.483  2062  3529 I chatty  : uid=1000(system) Binder:2062_16 identical 48 lines
07-31 05:17:41.483  2062  3529 W InputReader: Device has associated, but no associated display id.
07-31 05:17:41.493 17147 17147 W ActivityThread: handleWindowVisibility: no activity for token android.os.BinderProxy@8b6d98
07-31 05:17:41.495  1844  1844 W BufferQueueLayer: [SurfaceView - com.example.ubcexplore/com.example.ubcexplore.MainActivity#0] Timestamp 11524706917300 seems implausible relative to expectedPresent 11522979029233
07-31 05:17:41.515  1844  1844 W BufferQueueLayer: [SurfaceView - com.example.ubcexplore/com.example.ubcexplore.MainActivity#0] Timestamp 11524746920000 seems implausible relative to expectedPresent 11522996469133
07-31 05:17:41.619  1844  1844 W BufferQueueLayer: [SurfaceView - com.example.ubcexplore/com.example.ubcexplore.MainActivity#0] Timestamp 11524815568200 seems implausible relative to expectedPresent 11523099699800
07-31 05:17:41.622 17106 17106 D CameraFragment: com.android.volley.NoConnectionError: java.io.IOException: unexpected end of stream on com.android.okhttp.Address@70480b0f
07-31 05:17:41.649  1844  1844 W BufferQueueLayer: [SurfaceView - com.example.ubcexplore/com.example.ubcexplore.MainActivity#0] Timestamp 11524852047900 seems implausible relative to expectedPresent 11523123065466
07-31 05:17:41.665  1829  1829 D gralloc_ranchu: gralloc_alloc: Creating ashmem region of size 9334784
07-31 05:17:41.671  1829  1829 D gralloc_ranchu: gralloc_alloc: Creating ashmem region of size 9334784
07-31 05:17:41.675 17147 17178 D EGL_emulation: eglMakeCurrent: 0xebd47740: ver 3 0 (tinfo 0xebce37d0)
07-31 05:17:41.682  1829  1829 D gralloc_ranchu: gralloc_alloc: Creating ashmem region of size 9334784
07-31 05:17:41.686  1844  1844 W BufferQueueLayer: [SurfaceView - com.example.ubcexplore/com.example.ubcexplore.MainActivity#0] Timestamp 11524889320500 seems implausible relative to expectedPresent 11523173695466
07-31 05:17:41.695  2062  2084 W InputReader: Device has associated, but no associated display id.
07-31 05:17:41.697  2062  2084 I chatty  : uid=1000(system) android.anim identical 18 lines
07-31 05:17:41.697  2062  2084 W InputReader: Device has associated, but no associated display id.
07-31 05:17:41.705  2062  2090 I ActivityTaskManager: Displayed com.example.ubcexplore.test/androidx.test.core.app.InstrumentationActivityInvoker$EmptyActivity: +447ms
07-31 05:17:41.708 17106 17106 D SurfaceViewImpl: Surface destroyed.
07-31 05:17:41.708 17106 17106 D SurfaceViewImpl: Surface invalidated androidx.camera.core.SurfaceRequest@dc6d416
07-31 05:17:41.709 17106 17106 D DeferrableSurface: surface closed,  useCount=1 closed=true androidx.camera.core.SurfaceRequest$2@14b3197
07-31 05:17:41.747 17106 17181 D EGL_emulation: eglMakeCurrent: 0xf5652a20: ver 3 0 (tinfo 0xf5689560)
07-31 05:17:41.787  2062  3529 W InputReader: Device has associated, but no associated display id.
07-31 05:17:41.788  2062  3529 I chatty  : uid=1000(system) Binder:2062_16 identical 8 lines
07-31 05:17:41.788  2062  3529 W InputReader: Device has associated, but no associated display id.
07-31 05:17:41.815  1844  1844 W BufferQueueLayer: [SurfaceView - com.example.ubcexplore/com.example.ubcexplore.MainActivity#0] Timestamp 11525007728100 seems implausible relative to expectedPresent 11523291026729
07-31 05:17:41.849  2062  2079 W InputReader: Device has associated, but no associated display id.
07-31 05:17:41.850  2062  2079 I chatty  : uid=1000(system) Binder:2062_2 identical 8 lines
07-31 05:17:41.850  2062  2079 W InputReader: Device has associated, but no associated display id.
07-31 05:17:41.855  1844  1844 W BufferQueueLayer: [SurfaceView - com.example.ubcexplore/com.example.ubcexplore.MainActivity#0] Timestamp 11525058295500 seems implausible relative to expectedPresent 11523338325400
07-31 05:17:41.905  1844  1844 W BufferQueueLayer: [SurfaceView - com.example.ubcexplore/com.example.ubcexplore.MainActivity#0] Timestamp 11525087124800 seems implausible relative to expectedPresent 11523388695100
07-31 05:17:41.938 17106 17197 D Camera2CameraImpl: {Camera@682a746[id=0]} Use cases [androidx.camera.core.Preview-b606b556-179b-45d6-8bec-8b1fa20c7ad674722776] now DETACHED for camera
07-31 05:17:41.938 17106 17197 D UseCaseAttachState: All use case: [] for camera: 0
07-31 05:17:41.940 17106 17106 D LifecycleMonitor: Lifecycle status change: com.example.ubcexplore.MainActivity@486b709 in: STOPPED
07-31 05:17:41.940 17106 17106 V ActivityScenario: Update currentActivityStage to STOPPED, currentActivity=com.example.ubcexplore.MainActivity@486b709
07-31 05:17:41.943 17106 17197 D Camera2CameraImpl: {Camera@682a746[id=0]} Resetting Capture Session
07-31 05:17:41.945  1844  1844 W BufferQueueLayer: [SurfaceView - com.example.ubcexplore/com.example.ubcexplore.MainActivity#0] Timestamp 11525175892900 seems implausible relative to expectedPresent 11523430703000
07-31 05:17:41.983 17106 17197 D Camera2CameraImpl: {Camera@682a746[id=0]} Releasing session in state OPENED
07-31 05:17:41.984 17106 17197 D UseCaseAttachState: Active and attached use case: [] for camera: 0
07-31 05:17:41.987 17106 17106 D LifecycleMonitor: Lifecycle status change: com.example.ubcexplore.MainActivity@486b709 in: DESTROYED
07-31 05:17:41.987 17106 17106 V ActivityScenario: Update currentActivityStage to DESTROYED, currentActivity=null
07-31 05:17:42.001 17106 17144 I TestRunner: finished: displayLocInfo(com.example.ubcexplore.EspressoTest)
