07-31 05:17:10.421 17106 17144 I TestRunner: started: manageFriends(com.example.ubcexplore.EspressoTest)
07-31 05:17:10.432 17106 17144 W Settings: Setting always_finish_activities has moved from android.provider.Settings.System to android.provider.Settings.Global, returning read-only value.
07-31 05:17:10.451  2062  3530 W InputReader: Device has associated, but no associated display id.
07-31 05:17:10.451  2062  3530 I chatty  : uid=1000(system) Binder:2062_17 identical 8 lines
07-31 05:17:10.451  2062  3530 W InputReader: Device has associated, but no associated display id.
07-31 05:17:10.454  2062  2084 E system_server: Invalid ID 0x00000000.
07-31 05:17:10.470  1794  1794 D Zygote  : Forked child process 17147
07-31 05:17:10.481 17147 17147 I ubcexplore.tes: Late-enabling -Xcheck:jni
07-31 05:17:10.483  1829  3308 D gralloc_ranchu: gralloc_alloc: Creating ashmem region of size 9334784
07-31 05:17:10.504 17147 17147 E ubcexplore.tes: Unknown bits set in runtime_flags: 0x8000
07-31 05:17:10.504 17147 17147 W ubcexplore.tes: Unexpected CPU variant for X86 using defaults: x86
07-31 05:17:10.612  2062  3530 W InputReader: Device has associated, but no associated display id.
07-31 05:17:10.619  2062  3530 I chatty  : uid=1000(system) Binder:2062_17 identical 28 lines
07-31 05:17:10.619  2062  3530 W InputReader: Device has associated, but no associated display id.
07-31 05:17:10.625  2062  2084 W InputReader: Device has associated, but no associated display id.
07-31 05:17:10.626  2062  2084 I chatty  : uid=1000(system) android.anim identical 8 lines
07-31 05:17:10.626  2062  2084 W InputReader: Device has associated, but no associated display id.
07-31 05:17:10.665 17147 17147 I ubcexplore.tes: The ClassLoaderContext is a special shared library.
07-31 05:17:10.670  3179  3923 D EGL_emulation: eglMakeCurrent: 0xe244b140: ver 3 0 (tinfo 0xb85e02a0)
07-31 05:17:10.672 17147 17147 I ubcexplore.tes: The ClassLoaderContext is a special shared library.
07-31 05:17:10.676  2463  3098 D EGL_emulation: eglMakeCurrent: 0xf5652d80: ver 3 0 (tinfo 0xebd0a3d0)
07-31 05:17:10.690  2206  2529 D EGL_emulation: eglMakeCurrent: 0xe241a300: ver 3 0 (tinfo 0xe240f890)
07-31 05:17:10.769  1844  2054 E SurfaceFlinger: ro.sf.lcd_density must be defined as a build property
07-31 05:17:10.771  1844  1935 E SurfaceFlinger: ro.sf.lcd_density must be defined as a build property
07-31 05:17:10.775 17147 17180 D libEGL  : Emulator has host GPU support, qemu.gles is set to 1.
07-31 05:17:10.775 17147 17180 W libc    : Unable to set property "qemu.gles" to "1": connection failed; errno=13 (Permission denied)
07-31 05:17:10.812 17147 17180 D libEGL  : loaded /vendor/lib/egl/libEGL_emulation.so
07-31 05:17:10.827 17147 17180 D libEGL  : loaded /vendor/lib/egl/libGLESv1_CM_emulation.so
07-31 05:17:10.839 17147 17180 D libEGL  : loaded /vendor/lib/egl/libGLESv2_emulation.so
07-31 05:17:10.889  2062  3530 W InputReader: Device has associated, but no associated display id.
07-31 05:17:10.891  2062  3530 I chatty  : uid=1000(system) Binder:2062_17 identical 38 lines
07-31 05:17:10.891  2062  3530 W InputReader: Device has associated, but no associated display id.
07-31 05:17:10.891 17106 17106 W ActivityThread: handleWindowVisibility: no activity for token android.os.BinderProxy@467f150
07-31 05:17:10.893  2062  3530 W InputReader: Device has associated, but no associated display id.
07-31 05:17:10.898  2062  3530 I chatty  : uid=1000(system) Binder:2062_17 identical 18 lines
07-31 05:17:10.898  2062  3530 W InputReader: Device has associated, but no associated display id.
07-31 05:17:10.912  1844  1938 E SurfaceFlinger: ro.sf.lcd_density must be defined as a build property
07-31 05:17:10.945  1844  2461 E SurfaceFlinger: ro.sf.lcd_density must be defined as a build property
07-31 05:17:10.946 17106 17183 D libEGL  : Emulator has host GPU support, qemu.gles is set to 1.
07-31 05:17:10.948 17106 17183 W libc    : Unable to set property "qemu.gles" to "1": connection failed; errno=13 (Permission denied)
07-31 05:17:10.960  3179 17186 I PBSessionCacheImpl: Deleted sessionId[13983049090628799] from persistence.
07-31 05:17:10.989 17106 17183 D libEGL  : loaded /vendor/lib/egl/libEGL_emulation.so
07-31 05:17:10.993 17106 17183 D libEGL  : loaded /vendor/lib/egl/libGLESv1_CM_emulation.so
07-31 05:17:10.999  3179  3196 W earchbox:searc: Suspending all threads took: 5.849ms
07-31 05:17:11.001  3179  3564 W SearchServiceCore: Abort, client detached.
07-31 05:17:11.009 17106 17183 D libEGL  : loaded /vendor/lib/egl/libGLESv2_emulation.so
07-31 05:17:11.021  1828  2338 E GnssHAL_GnssInterface: gnssSvStatusCb: a: input svInfo.flags is 8
07-31 05:17:11.021  1828  2338 E GnssHAL_GnssInterface: gnssSvStatusCb: b: input svInfo.flags is 8
07-31 05:17:11.129 17106 17106 D LifecycleMonitor: Lifecycle status change: com.example.ubcexplore.MainActivity@7e59e81 in: PRE_ON_CREATE
07-31 05:17:11.130 17106 17106 V ActivityScenario: Activity lifecycle changed event received but ignored because the reported transition was not ON_CREATE while the last known transition was PRE_ON_CREATE
07-31 05:17:11.277 17106 17106 W mple.ubcexplor: Accessing hidden method Landroid/view/View;->computeFitSystemWindows(Landroid/graphics/Rect;Landroid/graphics/Rect;)Z (greylist, reflection, allowed)
07-31 05:17:11.277 17106 17106 W mple.ubcexplor: Accessing hidden method Landroid/view/ViewGroup;->makeOptionalFitsSystemWindows()V (greylist, reflection, allowed)
07-31 05:17:11.417 12885 12970 D StudioTransport: Running '/system/bin/cmd activity profile start --sampling 1000000 com.example.ubcexplore.test /data/local/tmp/profileable_reporter.tmp 2>/dev/null'
07-31 05:17:11.390 12885 12885 W DetectPable: type=1400 audit(0.0:144144): avc: denied { getattr } for path="/proc/fb" dev="proc" ino=4026532004 scontext=u:r:shell:s0 tcontext=u:object_r:proc:s0 tclass=file permissive=0
07-31 05:17:11.458 12885 12970 D StudioTransport: Running '/system/bin/cmd activity profile stop com.example.ubcexplore.test'
07-31 05:17:11.390 12885 12885 W DetectPable: type=1400 audit(0.0:144147): avc: denied { getattr } for path="/proc/kmsg" dev="proc" ino=4026532039 scontext=u:r:shell:s0 tcontext=u:object_r:proc_kmsg:s0 tclass=file permissive=0
07-31 05:17:11.643 17106 17106 D LifecycleMonitor: Lifecycle status change: com.example.ubcexplore.MainActivity@7e59e81 in: CREATED
07-31 05:17:11.643 17106 17106 V ActivityScenario: Update currentActivityStage to CREATED, currentActivity=com.example.ubcexplore.MainActivity@7e59e81
07-31 05:17:11.666  1853  1853 E netmgr  : Failed to open QEMU pipe 'qemud:network': Invalid argument
07-31 05:17:11.695 17106 17195 I CameraManagerGlobal: Connecting to camera service
07-31 05:17:11.721 17106 17195 D CameraRepository: Added camera: 0
07-31 05:17:11.737  1828  2338 E GnssHAL_GnssInterface: gnssSvStatusCb: a: input svInfo.flags is 8
07-31 05:17:11.737  1828  2338 E GnssHAL_GnssInterface: gnssSvStatusCb: b: input svInfo.flags is 8
07-31 05:17:11.737 17106 17106 D CameraFragment: lat: 90.0, lon: 180.0
07-31 05:17:11.777  2206  2529 D EGL_emulation: eglMakeCurrent: 0xe241a300: ver 3 0 (tinfo 0xe240f890)
07-31 05:17:11.788 17106 17195 I Camera2CameraInfo: Device Level: INFO_SUPPORTED_HARDWARE_LEVEL_LIMITED
07-31 05:17:11.792 17106 17195 D CameraRepository: Added camera: 1
07-31 05:17:11.799 17106 17195 I Camera2CameraInfo: Device Level: INFO_SUPPORTED_HARDWARE_LEVEL_FULL
07-31 05:17:11.800 17106 17195 D CameraValidator: Verifying camera lens facing on generic_x86, lensFacingInteger: null
07-31 05:17:11.824  2774  2774 D BoundBrokerSvc: onBind: Intent { act=com.google.android.gms.auth.api.signin.service.START pkg=com.google.android.gms }
07-31 05:17:11.824  2774  2774 D BoundBrokerSvc: Loading bound service for intent: Intent { act=com.google.android.gms.auth.api.signin.service.START pkg=com.google.android.gms }
07-31 05:17:11.942 17106 17106 D LifecycleMonitor: Lifecycle status change: com.example.ubcexplore.MainActivity@7e59e81 in: STARTED
07-31 05:17:11.943 17106 17106 V ActivityScenario: Update currentActivityStage to STARTED, currentActivity=com.example.ubcexplore.MainActivity@7e59e81
07-31 05:17:11.946 17106 17106 D LifecycleMonitor: Lifecycle status change: com.example.ubcexplore.MainActivity@7e59e81 in: RESUMED
07-31 05:17:11.946 17106 17106 V ActivityScenario: Update currentActivityStage to RESUMED, currentActivity=com.example.ubcexplore.MainActivity@7e59e81
07-31 05:17:11.987 17106 17106 D CameraFragment: Location changed!
07-31 05:17:12.024  1828  2338 E GnssHAL_GnssInterface: gnssSvStatusCb: a: input svInfo.flags is 8
07-31 05:17:12.025  1828  2338 E GnssHAL_GnssInterface: gnssSvStatusCb: b: input svInfo.flags is 8
07-31 05:17:12.057 17106 17144 D EventInjectionStrategy: Creating injection strategy with input manager.
07-31 05:17:12.058 17106 17144 W mple.ubcexplor: Accessing hidden method Landroid/hardware/input/InputManager;->getInstance()Landroid/hardware/input/InputManager; (greylist, reflection, allowed)
07-31 05:17:12.070 17106 17144 W mple.ubcexplor: Accessing hidden method Landroid/hardware/input/InputManager;->injectInputEvent(Landroid/view/InputEvent;I)Z (greylist, reflection, allowed)
07-31 05:17:12.071 17106 17144 W mple.ubcexplor: Accessing hidden field Landroid/hardware/input/InputManager;->INJECT_INPUT_EVENT_MODE_WAIT_FOR_FINISH:I (greylist, reflection, allowed)
07-31 05:17:12.122 17106 17201 D NetworkSecurityConfig: Using Network Security Config from resource network_security_config debugBuild: true
07-31 05:17:12.135 17106 17106 D DeferrableSurface: Surface created[total_surfaces=1, used_surfaces=0](androidx.camera.core.SurfaceRequest$2@1912299}
07-31 05:17:12.138 17106 17106 D CameraOrientationUtil: getRelativeImageRotation: destRotationDegrees=0, sourceRotationDegrees=90, isOppositeFacing=true, result=90
07-31 05:17:12.144 17106 17197 D Camera2CameraImpl: {Camera@682a746[id=0]} Use case androidx.camera.core.Preview-79670903-05f5-438c-a2de-dcda555b308787625606 ACTIVE
07-31 05:17:12.154 17106 17197 D UseCaseAttachState: Active and attached use case: [] for camera: 0
07-31 05:17:12.158 17106 17197 D Camera2CameraImpl: {Camera@682a746[id=0]} Use cases [androidx.camera.core.Preview-79670903-05f5-438c-a2de-dcda555b308787625606] now ATTACHED
07-31 05:17:12.161 17106 17197 D UseCaseAttachState: All use case: [androidx.camera.core.Preview-79670903-05f5-438c-a2de-dcda555b308787625606] for camera: 0
07-31 05:17:12.164 17106 17197 D UseCaseAttachState: Active and attached use case: [androidx.camera.core.Preview-79670903-05f5-438c-a2de-dcda555b308787625606] for camera: 0
07-31 05:17:12.173 17106 17197 D Camera2CameraImpl: {Camera@682a746[id=0]} Resetting Capture Session
07-31 05:17:12.174 17106 17197 D Camera2CameraImpl: {Camera@682a746[id=0]} Releasing session in state INITIALIZED
07-31 05:17:12.178 17106 17197 D Camera2CameraImpl: {Camera@682a746[id=0]} Attempting to force open the camera.
07-31 05:17:12.178 17106 17197 D CameraStateRegistry: tryOpenCamera(Camera@682a746[id=0]) [Available Cameras: 1, Already Open: false (Previous state: null)] --> SUCCESS
07-31 05:17:12.180 17106 17197 D CameraStateRegistry: Recalculating open cameras:
07-31 05:17:12.180 17106 17197 D CameraStateRegistry: Camera                                       State
07-31 05:17:12.180 17106 17197 D CameraStateRegistry: -------------------------------------------------------------------
07-31 05:17:12.180 17106 17197 D CameraStateRegistry: Camera@682a746[id=0]                         OPENING
07-31 05:17:12.180 17106 17197 D CameraStateRegistry: Camera@ede22a3[id=1]                         UNKNOWN
07-31 05:17:12.180 17106 17197 D CameraStateRegistry: -------------------------------------------------------------------
07-31 05:17:12.180 17106 17197 D CameraStateRegistry: Open count: 1 (Max allowed: 1)
07-31 05:17:12.180 17106 17197 D Camera2CameraImpl: {Camera@682a746[id=0]} Opening camera.
07-31 05:17:12.181 17106 17197 D Camera2CameraImpl: {Camera@682a746[id=0]} Transitioning camera internal state: INITIALIZED --> OPENING
07-31 05:17:12.184 17106 17197 D CameraStateMachine: New public camera state CameraState{type=OPENING, error=null} from OPENING and null
07-31 05:17:12.184 17106 17197 D CameraStateMachine: Publishing new public camera state CameraState{type=OPENING, error=null}
07-31 05:17:12.188 17106 17197 D UseCaseAttachState: All use case: [androidx.camera.core.Preview-79670903-05f5-438c-a2de-dcda555b308787625606] for camera: 0
07-31 05:17:12.197  1875  2144 I CameraService: CameraService::connect call (PID -1 "com.example.ubcexplore", camera ID 0) for HAL version default and Camera API version 2
07-31 05:17:12.198  1875  2144 I Camera2ClientBase: Camera 0: Opened. Client: com.example.ubcexplore (PID 17106, UID 10191)
07-31 05:17:12.198  1875  2144 I CameraDeviceClient: CameraDeviceClient 0: Opened
07-31 05:17:12.216  1817  6537 E libc    : Access denied finding property "ro.camera.req.fmq.size"
07-31 05:17:12.217  1817  6537 E libc    : Access denied finding property "ro.camera.res.fmq.size"
07-31 05:17:12.229 17106 17197 D Camera2CameraImpl: {Camera@682a746[id=0]} Use case androidx.camera.core.Preview-79670903-05f5-438c-a2de-dcda555b308787625606 ACTIVE
07-31 05:17:12.230 17106 17197 D UseCaseAttachState: Active and attached use case: [androidx.camera.core.Preview-79670903-05f5-438c-a2de-dcda555b308787625606] for camera: 0
07-31 05:17:12.239 17106 17197 D Camera2CameraImpl: {Camera@682a746[id=0]} CameraDevice.onOpened()
07-31 05:17:12.240 17106 17197 D Camera2CameraImpl: {Camera@682a746[id=0]} Transitioning camera internal state: OPENING --> OPENED
07-31 05:17:12.243 17106 17197 D CameraStateRegistry: Recalculating open cameras:
07-31 05:17:12.243 17106 17197 D CameraStateRegistry: Camera                                       State
07-31 05:17:12.243 17106 17197 D CameraStateRegistry: -------------------------------------------------------------------
07-31 05:17:12.243 17106 17197 D CameraStateRegistry: Camera@682a746[id=0]                         OPEN
07-31 05:17:12.243 17106 17197 D CameraStateRegistry: Camera@ede22a3[id=1]                         UNKNOWN
07-31 05:17:12.243 17106 17197 D CameraStateRegistry: -------------------------------------------------------------------
07-31 05:17:12.243 17106 17197 D CameraStateRegistry: Open count: 1 (Max allowed: 1)
07-31 05:17:12.244 17106 17197 D CameraStateMachine: New public camera state CameraState{type=OPEN, error=null} from OPEN and null
07-31 05:17:12.244 17106 17197 D CameraStateMachine: Publishing new public camera state CameraState{type=OPEN, error=null}
07-31 05:17:12.244 17106 17197 D UseCaseAttachState: All use case: [androidx.camera.core.Preview-79670903-05f5-438c-a2de-dcda555b308787625606] for camera: 0
07-31 05:17:12.265 17106 17197 D UseCaseAttachState: Active and attached use case: [androidx.camera.core.Preview-79670903-05f5-438c-a2de-dcda555b308787625606] for camera: 0
07-31 05:17:12.285 17106 17181 D HostConnection: HostConnection::get() New Host Connection established 0xdef5a7c0, tid 17181
07-31 05:17:12.295 17106 17181 D HostConnection: HostComposition ext ANDROID_EMU_CHECKSUM_HELPER_v1 ANDROID_EMU_dma_v1 ANDROID_EMU_direct_mem ANDROID_EMU_host_composition_v1 ANDROID_EMU_host_composition_v2 ANDROID_EMU_vulkan ANDROID_EMU_deferred_vulkan_commands ANDROID_EMU_vulkan_null_optional_strings ANDROID_EMU_vulkan_create_resources_with_requirements ANDROID_EMU_YUV420_888_to_NV21 ANDROID_EMU_YUV_Cache ANDROID_EMU_vulkan_free_memory_sync ANDROID_EMU_vulkan_shader_float16_int8 ANDROID_EMU_vulkan_async_queue_submit ANDROID_EMU_sync_buffer_data GL_OES_EGL_image_external_essl3 GL_OES_vertex_array_object GL_KHR_texture_compression_astc_ldr ANDROID_EMU_host_side_tracing ANDROID_EMU_gles_max_version_3_0
07-31 05:17:12.306 17106 17181 W OpenGLRenderer: Failed to choose config with EGL_SWAP_BEHAVIOR_PRESERVED, retrying without...
07-31 05:17:12.338 17106 17181 D eglCodecCommon: setVertexArrayObject: set vao to 0 (0) 0 0
07-31 05:17:12.338 17106 17181 D EGL_emulation: eglCreateContext: 0xf5652a20: maj 3 min 0 rcv 3
07-31 05:17:12.394 17106 17181 D EGL_emulation: eglMakeCurrent: 0xf5652a20: ver 3 0 (tinfo 0xf5689560)
07-31 05:17:12.410  1829  3308 D gralloc_ranchu: gralloc_alloc: Creating ashmem region of size 9334784
07-31 05:17:12.448  1683  1683 I hwservicemanager: getTransport: Cannot find entry android.hardware.graphics.mapper@3.0::IMapper/default in either framework or device manifest.
07-31 05:17:12.449 17106 17181 W Gralloc3: mapper 3.x is not supported
07-31 05:17:12.451 17106 17181 D HostConnection: createUnique: call
07-31 05:17:12.453 17106 17181 D HostConnection: HostConnection::get() New Host Connection established 0xdef5cfc0, tid 17181
07-31 05:17:12.454 17106 17181 D HostConnection: HostComposition ext ANDROID_EMU_CHECKSUM_HELPER_v1 ANDROID_EMU_dma_v1 ANDROID_EMU_direct_mem ANDROID_EMU_host_composition_v1 ANDROID_EMU_host_composition_v2 ANDROID_EMU_vulkan ANDROID_EMU_deferred_vulkan_commands ANDROID_EMU_vulkan_null_optional_strings ANDROID_EMU_vulkan_create_resources_with_requirements ANDROID_EMU_YUV420_888_to_NV21 ANDROID_EMU_YUV_Cache ANDROID_EMU_vulkan_free_memory_sync ANDROID_EMU_vulkan_shader_float16_int8 ANDROID_EMU_vulkan_async_queue_submit ANDROID_EMU_sync_buffer_data GL_OES_EGL_image_external_essl3 GL_OES_vertex_array_object GL_KHR_texture_compression_astc_ldr ANDROID_EMU_host_side_tracing ANDROID_EMU_gles_max_version_3_0
07-31 05:17:12.456 17106 17181 D eglCodecCommon: allocate: Ask for block of size 0x1000
07-31 05:17:12.457 17106 17181 D eglCodecCommon: allocate: ioctl allocate returned offset 0x3ffff6000 size 0x2000
07-31 05:17:12.461  1829  3308 D gralloc_ranchu: gralloc_alloc: Creating ashmem region of size 9334784
07-31 05:17:12.464  1829  3308 D gralloc_ranchu: gralloc_alloc: Creating ashmem region of size 9334784
07-31 05:17:12.470 12885 12885 W DetectPable: type=1400 audit(0.0:144177): avc: denied { getattr } for path="/proc/fb" dev="proc" ino=4026532004 scontext=u:r:shell:s0 tcontext=u:object_r:proc:s0 tclass=file permissive=0
07-31 05:17:12.543 17106 17181 D EGL_emulation: eglMakeCurrent: 0xf5652a20: ver 3 0 (tinfo 0xf5689560)
07-31 05:17:12.470 12885 12885 W DetectPable: type=1400 audit(0.0:144180): avc: denied { getattr } for path="/proc/kmsg" dev="proc" ino=4026532039 scontext=u:r:shell:s0 tcontext=u:object_r:proc_kmsg:s0 tclass=file permissive=0
07-31 05:17:12.576 17106 17181 D eglCodecCommon: setVertexArrayObject: set vao to 0 (0) 1 0
07-31 05:17:12.470 12885 12885 W DetectPable: type=1400 audit(0.0:144181): avc: denied { getattr } for path="/proc/misc" dev="proc" ino=4026532008 scontext=u:r:shell:s0 tcontext=u:object_r:proc_misc:s0 tclass=file permissive=0
07-31 05:17:12.632 17106 17119 I mple.ubcexplor: NativeAlloc concurrent copying GC freed 27569(2463KB) AllocSpace objects, 1(20KB) LOS objects, 49% free, 2643KB/5286KB, paused 1.924ms total 161.510ms
07-31 05:17:12.689 17106 17181 I OpenGLRenderer: Davey! duration=706ms; Flags=1, IntendedVsync=11493443138301, Vsync=11493609804961, OldestInputEvent=9223372036854775807, NewestInputEvent=0, HandleInputStart=11493617040800, AnimationStart=11493617709900, PerformTraversalsStart=11493617904300, DrawStart=11493925954900, SyncQueued=11494004814100, SyncStart=11494008922400, IssueDrawCommandsStart=11494009144200, SwapBuffers=11494138855300, FrameCompleted=11494153778800, DequeueBufferDuration=324000, QueueBufferDuration=745000,
07-31 05:17:12.694 17106 17106 D PreviewView: Surface requested by Preview.
07-31 05:17:12.700  2062  2090 I ActivityTaskManager: Displayed com.example.ubcexplore/.MainActivity: +2s254ms
07-31 05:17:12.771 17106 17106 I Choreographer: Skipped 36 frames!  The application may be doing too much work on its main thread.
07-31 05:17:12.800 17106 17106 D SurfaceViewImpl: Surface created.
07-31 05:17:12.800 17106 17106 D SurfaceViewImpl: Surface changed. Size: 1280x960
07-31 05:17:12.872 17106 17181 I OpenGLRenderer: Davey! duration=706ms; Flags=1, IntendedVsync=11493628597114, Vsync=11494228597090, OldestInputEvent=9223372036854775807, NewestInputEvent=0, HandleInputStart=11494236589500, AnimationStart=11494236695100, PerformTraversalsStart=11494237184800, DrawStart=11494266916600, SyncQueued=11494269294000, SyncStart=11494271657600, IssueDrawCommandsStart=11494276977600, SwapBuffers=11494316936200, FrameCompleted=11494337674300, DequeueBufferDuration=106000, QueueBufferDuration=625000,
07-31 05:17:12.887 17106 17106 D PreviewView: Preview transformation info updated. TransformationInfo{cropRect=Rect(0, 0 - 1280, 960), rotationDegrees=90, targetRotation=0}
07-31 05:17:12.887 17106 17106 D PreviewTransform: Transformation info set: TransformationInfo{cropRect=Rect(0, 0 - 1280, 960), rotationDegrees=90, targetRotation=0} 1280x960 false
07-31 05:17:12.891 17106 17106 D SurfaceViewImpl: Surface set on Preview.
07-31 05:17:12.894 17106 17195 D SyncCaptureSessionBase: [androidx.camera.camera2.internal.SynchronizedCaptureSessionBaseImpl@85b5134] getSurface...done
07-31 05:17:12.894 17106 17195 D CaptureSession: Opening capture session.
07-31 05:17:12.924 17106 17144 W mple.ubcexplor: Accessing hidden method Landroid/view/ViewConfiguration;->getDoubleTapMinTime()I (greylist, reflection, allowed)
07-31 05:17:12.926  2604  4134 I FontLog : Received query Noto Color Emoji Compat, URI content://com.google.android.gms.fonts [CONTEXT service_id=132 ]
07-31 05:17:12.927  2604  4134 I FontLog : Query [emojicompat-emoji-font] resolved to {Noto Color Emoji Compat, wdth 100.0, wght 400, ital 0.0, bestEffort false} [CONTEXT service_id=132 ]
07-31 05:17:12.929  2604  4134 I FontLog : Fetch {Noto Color Emoji Compat, wdth 100.0, wght 400, ital 0.0, bestEffort false} end status Status{statusCode=SUCCESS, resolution=null} [CONTEXT service_id=132 ]
07-31 05:17:12.940 17106 17195 D DeferrableSurface: New surface in use[total_surfaces=1, used_surfaces=1](androidx.camera.core.SurfaceRequest$2@1912299}
07-31 05:17:12.940 17106 17195 D DeferrableSurface: use count+1, useCount=1 androidx.camera.core.SurfaceRequest$2@1912299
07-31 05:17:12.956 17106 17106 W mple.ubcexplor: Accessing hidden method Landroid/os/MessageQueue;->next()Landroid/os/Message; (greylist, reflection, allowed)
07-31 05:17:12.956 17106 17106 W mple.ubcexplor: Accessing hidden field Landroid/os/MessageQueue;->mMessages:Landroid/os/Message; (greylist, reflection, allowed)
07-31 05:17:12.956 17106 17106 W mple.ubcexplor: Accessing hidden method Landroid/os/Message;->recycleUnchecked()V (greylist, reflection, allowed)
07-31 05:17:12.969  1875  2144 W CameraDeviceClient: createSurfaceFromGbp: Camera 0 with consumer usage flag: 2304: Forcing asynchronous mode for stream
07-31 05:17:12.971  1875  2144 W CameraDeviceClient: createSurfaceFromGbp: Camera 0: Overriding format 0x4 to IMPLEMENTATION_DEFINED
07-31 05:17:12.976 17106 17106 W mple.ubcexplor: Accessing hidden method Landroid/view/WindowManagerGlobal;->getInstance()Landroid/view/WindowManagerGlobal; (greylist, reflection, allowed)
07-31 05:17:12.977 17106 17106 W mple.ubcexplor: Accessing hidden field Landroid/view/WindowManagerGlobal;->mViews:Ljava/util/ArrayList; (greylist, reflection, allowed)
07-31 05:17:12.977 17106 17106 W mple.ubcexplor: Accessing hidden field Landroid/view/WindowManagerGlobal;->mParams:Ljava/util/ArrayList; (greylist, reflection, allowed)
07-31 05:17:12.977  2604  4134 I FontLog : Pulling font file for id = 64, cache size = 5 [CONTEXT service_id=132 ]
07-31 05:17:12.979 17106 17144 W mple.ubcexplor: Accessing hidden method Lsun/misc/Unsafe;->getUnsafe()Lsun/misc/Unsafe; (greylist,core-platform-api, linking, allowed)
07-31 05:17:12.979 17106 17144 W mple.ubcexplor: Accessing hidden method Lsun/misc/Unsafe;->objectFieldOffset(Ljava/lang/reflect/Field;)J (greylist,core-platform-api, linking, allowed)
07-31 05:17:12.979 17106 17144 W mple.ubcexplor: Accessing hidden method Lsun/misc/Unsafe;->putObject(Ljava/lang/Object;JLjava/lang/Object;)V (greylist, linking, allowed)
07-31 05:17:12.988  2604  4134 I FontLog : Pulling font file for id = 64, cache size = 5 [CONTEXT service_id=132 ]
07-31 05:17:12.996 17106 17216 W mple.ubcexplor: Accessing hidden method Lsun/misc/Unsafe;->compareAndSwapObject(Ljava/lang/Object;JLjava/lang/Object;Ljava/lang/Object;)Z (greylist, linking, allowed)
07-31 05:17:12.997 17106 17216 W mple.ubcexplor: Accessing hidden method Lsun/misc/Unsafe;->getObject(Ljava/lang/Object;J)Ljava/lang/Object; (greylist, linking, allowed)
07-31 05:17:13.000  1875  2144 D Camera3-Device: Set real time priority for request queue thread (tid 17207)
07-31 05:17:13.011 17106 17195 D CaptureSession: Attempting to send capture request onConfigured
07-31 05:17:13.012 17106 17195 D CaptureSession: Issuing request for session.
07-31 05:17:13.017 17106 17106 I ViewInteraction: Performing 'single click' action on view view.getId() is <2131231036/com.example.ubcexplore:id/login_button>
07-31 05:17:13.021  1828  2338 E GnssHAL_GnssInterface: gnssSvStatusCb: a: input svInfo.flags is 8
07-31 05:17:13.021  1828  2338 E GnssHAL_GnssInterface: gnssSvStatusCb: b: input svInfo.flags is 8
07-31 05:17:13.034  1829  3308 D gralloc_ranchu: gralloc_alloc: Creating ashmem region of size 4919296
07-31 05:17:13.038 17106 17195 D CaptureSession: CameraCaptureSession.onConfigured() mState=OPENED
07-31 05:17:13.041 17106 17195 D CaptureSession: CameraCaptureSession.onReady() OPENED
07-31 05:17:13.070  1829  3308 D gralloc_ranchu: gralloc_alloc: Creating ashmem region of size 4919296
07-31 05:17:13.103  1817 17204 I EmulatedCamera3_QemuSensor: captureRGBA: Dimensions for the current request (1280x960) differ from the previous request (-1x-1). Restarting camera
07-31 05:17:13.522  1829  3308 D gralloc_ranchu: gralloc_alloc: Creating ashmem region of size 4919296
07-31 05:17:13.610  1861  1861 E wifi_forwarder: RemoteConnection failed to initialize: RemoteConnection failed to open pipe
07-31 05:17:13.520 12885 12885 W DetectPable: type=1400 audit(0.0:144208): avc: denied { getattr } for path="/proc/fb" dev="proc" ino=4026532004 scontext=u:r:shell:s0 tcontext=u:object_r:proc:s0 tclass=file permissive=0
07-31 05:17:13.763  1829  3308 D gralloc_ranchu: gralloc_alloc: Creating ashmem region of size 4919296
07-31 05:17:13.768  1814  4162 W audio_hw_generic: Not supplying enough data to HAL, expected position 14269792 , only wrote 14269668
07-31 05:17:13.776  1844  1844 W BufferQueueLayer: [SurfaceView - com.example.ubcexplore/com.example.ubcexplore.MainActivity#0] Timestamp 11496820751300 seems implausible relative to expectedPresent 11495256140466
07-31 05:17:13.520 12885 12885 W DetectPable: type=1400 audit(0.0:144210): avc: denied { getattr } for path="/proc/keys" dev="proc" ino=4026532084 scontext=u:r:shell:s0 tcontext=u:object_r:proc_keys:s0 tclass=file permissive=0
07-31 05:17:13.787 17106 17195 D StreamStateObserver: Update Preview stream state to STREAMING
07-31 05:17:13.855  1844  1844 W BufferQueueLayer: [SurfaceView - com.example.ubcexplore/com.example.ubcexplore.MainActivity#0] Timestamp 11496920956100 seems implausible relative to expectedPresent 11495322807130
07-31 05:17:13.520 12885 12885 W DetectPable: type=1400 audit(0.0:144211): avc: denied { getattr } for path="/proc/kmsg" dev="proc" ino=4026532039 scontext=u:r:shell:s0 tcontext=u:object_r:proc_kmsg:s0 tclass=file permissive=0
07-31 05:17:13.861  1814  4162 W audio_hw_generic: Not supplying enough data to HAL, expected position 14273784 , only wrote 14272973
07-31 05:17:13.864 17106 17106 D CameraFragment: Name: Jane Shi
07-31 05:17:13.864 17106 17106 D CameraFragment: Credentials: eyJhbGciOiJSUzI1NiIsImtpZCI6IjE1NDllMGFlZjU3NGQxYzdiZGQxMzZjMjAyYjhkMjkwNTgwYjE2NWMiLCJ0eXAiOiJKV1QifQ.eyJpc3MiOiJodHRwczovL2FjY291bnRzLmdvb2dsZS5jb20iLCJhenAiOiIyMzk2MzM1MTU1MTEtbHU1bHRpZXQ3azd2Nzg1Zm44NzVpN3ZvdDJ1YWhqaWouYXBwcy5nb29nbGV1c2VyY29udGVudC5jb20iLCJhdWQiOiIyMzk2MzM1MTU1MTEtOWc5cDRrZHFjdm5ucm5qcTI4dXNrYmV0amNoNmUybmMuYXBwcy5nb29nbGV1c2VyY29udGVudC5jb20iLCJzdWIiOiIxMTI1MzI2NDk4MTU1OTcwMTUyMjkiLCJlbWFpbCI6ImNvbmd6aGVuc2hpQGdtYWlsLmNvbSIsImVtYWlsX3ZlcmlmaWVkIjp0cnVlLCJuYW1lIjoiSmFuZSBTaGkiLCJwaWN0dXJlIjoiaHR0cHM6Ly9saDMuZ29vZ2xldXNlcmNvbnRlbnQuY29tL2EtL0FGZFp1Y3J0SWVUbUhPNWJWLTRLbXY4NWtaOVFka0F1SHNqOW9QNFhUTGhOVEE9czk2LWMiLCJnaXZlbl9uYW1lIjoiSmFuZSIsImZhbWlseV9uYW1lIjoiU2hpIiwibG9jYWxlIjoiemgtQ04iLCJpYXQiOjE2NTkyNDE4NzYsImV4cCI6MTY1OTI0NTQ3Nn0.p5eZTPAzaQhO8zhQcwwLYwNT1EAKaEQBccLIctlbE8-MyL3B41WJAP1fnmTUBIrgZXt-T3XUmj2_cZvbh16e3neFtGJF8w-Trs2VoEf4F1DWmqOOahOpbZwC_NcRXcpX0MXDIZwLLdVzq9tUaTiJOl3esAveVImOlgKibT1xatmVUNz1hMDEUimx6PuAxhScmgTzi2j2VoKJHcDHsqrDAvEibxeQIukSCmupHbnwtt_VWN13kczwN0lVdeIj0zQQrfzDiLT8xw_y7x2nIZK5oDUteqzMnp6gDL8M9vDrRfeAMF3UtYvV55uCypd64CgfXBseU9yhYev-bGvGlhDUFA
07-31 05:17:13.936  1841  2009 D AudioFlinger: mixer(0xea29fb40) throttle end: throttle time(11)
07-31 05:17:13.947 17106 17106 D LifecycleMonitor: Lifecycle status change: com.example.ubcexplore.MainActivity@7e59e81 in: PAUSED
07-31 05:17:13.948 17106 17106 V ActivityScenario: Update currentActivityStage to PAUSED, currentActivity=com.example.ubcexplore.MainActivity@7e59e81
07-31 05:17:13.954  2062  6010 W InputReader: Device has associated, but no associated display id.
07-31 05:17:13.957  2062  6010 I chatty  : uid=1000(system) Binder:2062_1C identical 20 lines
07-31 05:17:13.957  2062  6010 W InputReader: Device has associated, but no associated display id.
07-31 05:17:13.520 12885 12885 W DetectPable: type=1400 audit(0.0:144212): avc: denied { getattr } for path="/proc/misc" dev="proc" ino=4026532008 scontext=u:r:shell:s0 tcontext=u:object_r:proc_misc:s0 tclass=file permissive=0
07-31 05:17:13.957  2062  6010 W InputReader: Device has associated, but no associated display id.
07-31 05:17:13.975  2062  6010 I chatty  : uid=1000(system) Binder:2062_1C identical 16 lines
07-31 05:17:13.975  2062  6010 W InputReader: Device has associated, but no associated display id.
07-31 05:17:13.976  1844  1844 W BufferQueueLayer: [SurfaceView - com.example.ubcexplore/com.example.ubcexplore.MainActivity#0] Timestamp 11497089867700 seems implausible relative to expectedPresent 11495456356432
07-31 05:17:13.979  2062  6010 W InputReader: Device has associated, but no associated display id.
07-31 05:17:13.980  2062  6010 I chatty  : uid=1000(system) Binder:2062_1C identical 8 lines
07-31 05:17:13.980  2062  6010 W InputReader: Device has associated, but no associated display id.
07-31 05:17:13.989 17106 17106 W ActivityThread: handleWindowVisibility: no activity for token android.os.BinderProxy@a523185
07-31 05:17:14.022  1828  2338 E GnssHAL_GnssInterface: gnssSvStatusCb: a: input svInfo.flags is 8
07-31 05:17:14.022  1828  2338 E GnssHAL_GnssInterface: gnssSvStatusCb: b: input svInfo.flags is 8
07-31 05:17:14.029 17106 17106 D LifecycleMonitor: Lifecycle status change: com.example.ubcexplore.ProfileActivity@a91cd83 in: PRE_ON_CREATE
07-31 05:17:14.030 17106 17106 V ActivityScenario: Activity lifecycle changed event received but ignored because the intent does not match. startActivityIntent=Intent { act=android.intent.action.MAIN cat=[android.intent.category.LAUNCHER] cmp=com.example.ubcexplore/.MainActivity }, activity.getIntent()=Intent { cmp=com.example.ubcexplore/.ProfileActivity (has extras) }, activity=com.example.ubcexplore.ProfileActivity@a91cd83
07-31 05:17:14.044  1844  1844 W BufferQueueLayer: [SurfaceView - com.example.ubcexplore/com.example.ubcexplore.MainActivity#0] Timestamp 11497191288100 seems implausible relative to expectedPresent 11495545455050
07-31 05:17:14.078  1814  4162 W audio_hw_generic: Not supplying enough data to HAL, expected position 14282504 , only wrote 14282227
07-31 05:17:14.083  1844  1844 W BufferQueueLayer: [SurfaceView - com.example.ubcexplore/com.example.ubcexplore.MainActivity#0] Timestamp 11497246568900 seems implausible relative to expectedPresent 11495584003916
07-31 05:17:14.114  1844  1844 W BufferQueueLayer: [SurfaceView - com.example.ubcexplore/com.example.ubcexplore.MainActivity#0] Timestamp 11497348783600 seems implausible relative to expectedPresent 11495616341866
07-31 05:17:14.221  1844  1844 W BufferQueueLayer: [SurfaceView - com.example.ubcexplore/com.example.ubcexplore.MainActivity#0] Timestamp 11497418634500 seems implausible relative to expectedPresent 11495702001473
07-31 05:17:14.239  1844  1844 W BufferQueueLayer: [SurfaceView - com.example.ubcexplore/com.example.ubcexplore.MainActivity#0] Timestamp 11497453696900 seems implausible relative to expectedPresent 11495720842273
07-31 05:17:14.257  1844  1844 W BufferQueueLayer: [SurfaceView - com.example.ubcexplore/com.example.ubcexplore.MainActivity#0] Timestamp 11497488882800 seems implausible relative to expectedPresent 11495739683073
07-31 05:17:14.292  1814  4162 W audio_hw_generic: Not supplying enough data to HAL, expected position 14291668 , only wrote 14291481
07-31 05:17:14.340  1844  1844 W BufferQueueLayer: [SurfaceView - com.example.ubcexplore/com.example.ubcexplore.MainActivity#0] Timestamp 11497563574300 seems implausible relative to expectedPresent 11495822918100
07-31 05:17:14.380  1844  1844 W BufferQueueLayer: [SurfaceView - com.example.ubcexplore/com.example.ubcexplore.MainActivity#0] Timestamp 11497596033300 seems implausible relative to expectedPresent 11495863529478
07-31 05:17:14.403  1844  1844 W BufferQueueLayer: [SurfaceView - com.example.ubcexplore/com.example.ubcexplore.MainActivity#0] Timestamp 11497632716300 seems implausible relative to expectedPresent 11495882933211
07-31 05:17:14.457  1814  4162 W audio_hw_generic: Not supplying enough data to HAL, expected position 14298757 , only wrote 14298752
07-31 05:17:14.496  1844  1844 W BufferQueueLayer: [SurfaceView - com.example.ubcexplore/com.example.ubcexplore.MainActivity#0] Timestamp 11497715016200 seems implausible relative to expectedPresent 11495978954733
07-31 05:17:14.532  1844  1844 W BufferQueueLayer: [SurfaceView - com.example.ubcexplore/com.example.ubcexplore.MainActivity#0] Timestamp 11497749171700 seems implausible relative to expectedPresent 11496014094422
07-31 05:17:14.551  1844  1844 W BufferQueueLayer: [SurfaceView - com.example.ubcexplore/com.example.ubcexplore.MainActivity#0] Timestamp 11497788497000 seems implausible relative to expectedPresent 11496031864888
07-31 05:17:14.561 17106 17106 D ProfileActivity: credentials: eyJhbGciOiJSUzI1NiIsImtpZCI6IjE1NDllMGFlZjU3NGQxYzdiZGQxMzZjMjAyYjhkMjkwNTgwYjE2NWMiLCJ0eXAiOiJKV1QifQ.eyJpc3MiOiJodHRwczovL2FjY291bnRzLmdvb2dsZS5jb20iLCJhenAiOiIyMzk2MzM1MTU1MTEtbHU1bHRpZXQ3azd2Nzg1Zm44NzVpN3ZvdDJ1YWhqaWouYXBwcy5nb29nbGV1c2VyY29udGVudC5jb20iLCJhdWQiOiIyMzk2MzM1MTU1MTEtOWc5cDRrZHFjdm5ucm5qcTI4dXNrYmV0amNoNmUybmMuYXBwcy5nb29nbGV1c2VyY29udGVudC5jb20iLCJzdWIiOiIxMTI1MzI2NDk4MTU1OTcwMTUyMjkiLCJlbWFpbCI6ImNvbmd6aGVuc2hpQGdtYWlsLmNvbSIsImVtYWlsX3ZlcmlmaWVkIjp0cnVlLCJuYW1lIjoiSmFuZSBTaGkiLCJwaWN0dXJlIjoiaHR0cHM6Ly9saDMuZ29vZ2xldXNlcmNvbnRlbnQuY29tL2EtL0FGZFp1Y3J0SWVUbUhPNWJWLTRLbXY4NWtaOVFka0F1SHNqOW9QNFhUTGhOVEE9czk2LWMiLCJnaXZlbl9uYW1lIjoiSmFuZSIsImZhbWlseV9uYW1lIjoiU2hpIiwibG9jYWxlIjoiemgtQ04iLCJpYXQiOjE2NTkyNDE4NzYsImV4cCI6MTY1OTI0NTQ3Nn0.p5eZTPAzaQhO8zhQcwwLYwNT1EAKaEQBccLIctlbE8-MyL3B41WJAP1fnmTUBIrgZXt-T3XUmj2_cZvbh16e3neFtGJF8w-Trs2VoEf4F1DWmqOOahOpbZwC_NcRXcpX0MXDIZwLLdVzq9tUaTiJOl3esAveVImOlgKibT1xatmVUNz1hMDEUimx6PuAxhScmgTzi2j2VoKJHcDHsqrDAvEibxeQIukSCmupHbnwtt_VWN13kczwN0lVdeIj0zQQrfzDiLT8xw_y7x2nIZK5oDUteqzMnp6gDL8M9vDrRfeAMF3UtYvV55uCypd64CgfXBseU9yhYev-bGvGlhDUFA
07-31 05:17:14.606 17106 17106 D LifecycleMonitor: Lifecycle status change: com.example.ubcexplore.ProfileActivity@a91cd83 in: CREATED
07-31 05:17:14.625 17106 17106 V ActivityScenario: Activity lifecycle changed event received but ignored because the intent does not match. startActivityIntent=Intent { act=android.intent.action.MAIN cat=[android.intent.category.LAUNCHER] cmp=com.example.ubcexplore/.MainActivity }, activity.getIntent()=Intent { cmp=com.example.ubcexplore/.ProfileActivity (has extras) }, activity=com.example.ubcexplore.ProfileActivity@a91cd83
07-31 05:17:14.638 17106 17106 D LifecycleMonitor: Lifecycle status change: com.example.ubcexplore.ProfileActivity@a91cd83 in: STARTED
07-31 05:17:14.638  1844  1844 W BufferQueueLayer: [SurfaceView - com.example.ubcexplore/com.example.ubcexplore.MainActivity#0] Timestamp 11497866146200 seems implausible relative to expectedPresent 11496120967866
07-31 05:17:14.640 17106 17106 V ActivityScenario: Activity lifecycle changed event received but ignored because the intent does not match. startActivityIntent=Intent { act=android.intent.action.MAIN cat=[android.intent.category.LAUNCHER] cmp=com.example.ubcexplore/.MainActivity }, activity.getIntent()=Intent { cmp=com.example.ubcexplore/.ProfileActivity (has extras) }, activity=com.example.ubcexplore.ProfileActivity@a91cd83
07-31 05:17:14.663 17106 17106 D LifecycleMonitor: Lifecycle status change: com.example.ubcexplore.ProfileActivity@a91cd83 in: RESUMED
07-31 05:17:14.663 17106 17106 V ActivityScenario: Activity lifecycle changed event received but ignored because the intent does not match. startActivityIntent=Intent { act=android.intent.action.MAIN cat=[android.intent.category.LAUNCHER] cmp=com.example.ubcexplore/.MainActivity }, activity.getIntent()=Intent { cmp=com.example.ubcexplore/.ProfileActivity (has extras) }, activity=com.example.ubcexplore.ProfileActivity@a91cd83
07-31 05:17:14.682  1844  1844 W BufferQueueLayer: [SurfaceView - com.example.ubcexplore/com.example.ubcexplore.MainActivity#0] Timestamp 11497894666100 seems implausible relative to expectedPresent 11496175673122
07-31 05:17:14.691 17106 17106 D CameraFragment: response: [{"location_name":"Walter C. Koerner Library","coordinate_latitude":49.26666668180186,"coordinate_longitude":-123.2551049730976,"fun_facts":"Study space: 920 individual carrels, plus rooms for group study, Cost: $24 million dollars","related_links":"https://koerner.library.ubc.ca/koerner-library/about/","about":"Koerner Library is home to the Humanities and Social Sciences at UBC Library, offering a wealth of collections and services to support research, teaching, and learning in these subjects. Koerner is also home to other research services such as the Research Commons and Scholarly Communications and Copyright Office, Borrowing Services, and administrative units.","image_url":"https://wiki.ubc.ca/File:KoernerSpring.jpeg","access_permission":"PUBLIC"}]
07-31 05:17:14.710 17106 17106 D CameraFragment: updateAchievement
07-31 05:17:14.727  1844  1844 W BufferQueueLayer: [SurfaceView - com.example.ubcexplore/com.example.ubcexplore.MainActivity#0] Timestamp 11497931956800 seems implausible relative to expectedPresent 11496199688322
07-31 05:17:14.764  1814  4162 W audio_hw_generic: Not supplying enough data to HAL, expected position 14312291 , only wrote 14311311
07-31 05:17:14.760 12885 12885 W DetectPable: type=1400 audit(0.0:144239): avc: denied { getattr } for path="/proc/fb" dev="proc" ino=4026532004 scontext=u:r:shell:s0 tcontext=u:object_r:proc:s0 tclass=file permissive=0
07-31 05:17:14.790  1844  1844 W BufferQueueLayer: [SurfaceView - com.example.ubcexplore/com.example.ubcexplore.MainActivity#0] Timestamp 11497999061100 seems implausible relative to expectedPresent 11496277116300
07-31 05:17:14.807  1844  1844 W BufferQueueLayer: [SurfaceView - com.example.ubcexplore/com.example.ubcexplore.MainActivity#0] Timestamp 11498038398200 seems implausible relative to expectedPresent 11496295329900
07-31 05:17:14.760 12885 12885 W DetectPable: type=1400 audit(0.0:144240): avc: denied { getattr } for path="/proc/dma" dev="proc" ino=4026532073 scontext=u:r:shell:s0 tcontext=u:object_r:proc:s0 tclass=file permissive=0
07-31 05:17:14.838  1814  4162 W audio_hw_generic: Not supplying enough data to HAL, expected position 14314577 , only wrote 14313955
07-31 05:17:14.760 12885 12885 W DetectPable: type=1400 audit(0.0:144241): avc: denied { getattr } for path="/proc/keys" dev="proc" ino=4026532084 scontext=u:r:shell:s0 tcontext=u:object_r:proc_keys:s0 tclass=file permissive=0
07-31 05:17:14.878  1814  4162 W audio_hw_generic: Not supplying enough data to HAL, expected position 14315715 , only wrote 14315277
07-31 05:17:14.760 12885 12885 W DetectPable: type=1400 audit(0.0:144242): avc: denied { getattr } for path="/proc/kmsg" dev="proc" ino=4026532039 scontext=u:r:shell:s0 tcontext=u:object_r:proc_kmsg:s0 tclass=file permissive=0
07-31 05:17:14.891  1829  3308 D gralloc_ranchu: gralloc_alloc: Creating ashmem region of size 9334784
07-31 05:17:14.897  1844  1844 W BufferQueueLayer: [SurfaceView - com.example.ubcexplore/com.example.ubcexplore.MainActivity#0] Timestamp 11498108819800 seems implausible relative to expectedPresent 11496380277542
07-31 05:17:14.902  1814  4162 W audio_hw_generic: Not supplying enough data to HAL, expected position 14316340 , only wrote 14315938
07-31 05:17:14.948  1814  4162 W audio_hw_generic: Not supplying enough data to HAL, expected position 14317975 , only wrote 14317260
07-31 05:17:14.949  1829  3308 D gralloc_ranchu: gralloc_alloc: Creating ashmem region of size 9334784
07-31 05:17:14.760 12885 12885 W DetectPable: type=1400 audit(0.0:144243): avc: denied { getattr } for path="/proc/misc" dev="proc" ino=4026532008 scontext=u:r:shell:s0 tcontext=u:object_r:proc_misc:s0 tclass=file permissive=0
07-31 05:17:14.949  1844  1844 W BufferQueueLayer: [SurfaceView - com.example.ubcexplore/com.example.ubcexplore.MainActivity#0] Timestamp 11498150389200 seems implausible relative to expectedPresent 11496427266593
07-31 05:17:14.954  1829  3308 D gralloc_ranchu: gralloc_alloc: Creating ashmem region of size 9334784
07-31 05:17:14.963  1814  4162 W audio_hw_generic: Not supplying enough data to HAL, expected position 14317924 , only wrote 14317921
07-31 05:17:14.979 17106 17181 D EGL_emulation: eglMakeCurrent: 0xf5652a20: ver 3 0 (tinfo 0xf5689560)
07-31 05:17:14.984  1844  1844 W BufferQueueLayer: [SurfaceView - com.example.ubcexplore/com.example.ubcexplore.MainActivity#0] Timestamp 11498216280700 seems implausible relative to expectedPresent 11496466937383
07-31 05:17:15.022  1828  2338 E GnssHAL_GnssInterface: gnssSvStatusCb: a: input svInfo.flags is 8
07-31 05:17:15.023  1828  2338 E GnssHAL_GnssInterface: gnssSvStatusCb: b: input svInfo.flags is 8
07-31 05:17:15.064 17106 17181 D EGL_emulation: eglMakeCurrent: 0xf5652a20: ver 3 0 (tinfo 0xf5689560)
07-31 05:17:15.090  1844  1844 W BufferQueueLayer: [SurfaceView - com.example.ubcexplore/com.example.ubcexplore.MainActivity#0] Timestamp 11498284137600 seems implausible relative to expectedPresent 11496555418966
07-31 05:17:15.111  2062  2084 W InputReader: Device has associated, but no associated display id.
07-31 05:17:15.116  2062  2084 I chatty  : uid=1000(system) android.anim identical 18 lines
07-31 05:17:15.116  2062  2084 W InputReader: Device has associated, but no associated display id.
07-31 05:17:15.120  1844  1844 W BufferQueueLayer: [SurfaceView - com.example.ubcexplore/com.example.ubcexplore.MainActivity#0] Timestamp 11498318293400 seems implausible relative to expectedPresent 11496605100836
07-31 05:17:15.137 17106 17181 D EGL_emulation: eglMakeCurrent: 0xf5652a20: ver 3 0 (tinfo 0xf5689560)
07-31 05:17:15.171  1844  1844 W BufferQueueLayer: [SurfaceView - com.example.ubcexplore/com.example.ubcexplore.MainActivity#0] Timestamp 11498353736400 seems implausible relative to expectedPresent 11496650752436
07-31 05:17:15.193  1814  4162 W audio_hw_generic: Not supplying enough data to HAL, expected position 14328058 , only wrote 14327836
07-31 05:17:15.220 17106 17106 D SurfaceViewImpl: Surface destroyed.
07-31 05:17:15.221 17106 17106 D SurfaceViewImpl: Surface invalidated androidx.camera.core.SurfaceRequest@40dbfe0
07-31 05:17:15.221 17106 17106 D DeferrableSurface: surface closed,  useCount=1 closed=true androidx.camera.core.SurfaceRequest$2@1912299
07-31 05:17:15.233  1844  1844 W BufferQueueLayer: [SurfaceView - com.example.ubcexplore/com.example.ubcexplore.MainActivity#0] Timestamp 11498442425400 seems implausible relative to expectedPresent 11496719509300
07-31 05:17:15.270  1844  1844 W BufferQueueLayer: [SurfaceView - com.example.ubcexplore/com.example.ubcexplore.MainActivity#0] Timestamp 11498467270600 seems implausible relative to expectedPresent 11496756353400
07-31 05:17:15.278 17106 17197 D Camera2CameraImpl: {Camera@682a746[id=0]} Use cases [androidx.camera.core.Preview-79670903-05f5-438c-a2de-dcda555b308787625606] now DETACHED for camera
07-31 05:17:15.279 17106 17197 D UseCaseAttachState: All use case: [] for camera: 0
07-31 05:17:15.279 17106 17106 D LifecycleMonitor: Lifecycle status change: com.example.ubcexplore.MainActivity@7e59e81 in: STOPPED
07-31 05:17:15.279 17106 17106 V ActivityScenario: Update currentActivityStage to STOPPED, currentActivity=com.example.ubcexplore.MainActivity@7e59e81
07-31 05:17:15.280 17106 17197 D Camera2CameraImpl: {Camera@682a746[id=0]} Resetting Capture Session
07-31 05:17:15.283 17106 17197 D Camera2CameraImpl: {Camera@682a746[id=0]} Releasing session in state OPENED
07-31 05:17:15.299 17106 17197 D UseCaseAttachState: Active and attached use case: [] for camera: 0
07-31 05:17:15.316  1814  4162 W audio_hw_generic: Not supplying enough data to HAL, expected position 14333248 , only wrote 14333124
07-31 05:17:15.316 17106 17197 D UseCaseAttachState: Active and attached use case: [] for camera: 0
07-31 05:17:15.318 17106 17197 D Camera2CameraImpl: {Camera@682a746[id=0]} Closing camera.
07-31 05:17:15.319 17106 17197 D Camera2CameraImpl: {Camera@682a746[id=0]} Transitioning camera internal state: OPENED --> CLOSING
07-31 05:17:15.321 17106 17197 D CameraStateRegistry: Recalculating open cameras:
07-31 05:17:15.321 17106 17197 D CameraStateRegistry: Camera                                       State
07-31 05:17:15.321 17106 17197 D CameraStateRegistry: -------------------------------------------------------------------
07-31 05:17:15.321 17106 17197 D CameraStateRegistry: Camera@682a746[id=0]                         CLOSING
07-31 05:17:15.321 17106 17197 D CameraStateRegistry: Camera@ede22a3[id=1]                         UNKNOWN
07-31 05:17:15.321 17106 17197 D CameraStateRegistry: -------------------------------------------------------------------
07-31 05:17:15.321 17106 17197 D CameraStateRegistry: Open count: 1 (Max allowed: 1)
07-31 05:17:15.322 17106 17197 D CameraStateMachine: New public camera state CameraState{type=CLOSING, error=null} from CLOSING and null
07-31 05:17:15.322 17106 17197 D CameraStateMachine: Publishing new public camera state CameraState{type=CLOSING, error=null}
07-31 05:17:15.340 17106 17197 D Camera2CameraImpl: {Camera@682a746[id=0]} Resetting Capture Session
07-31 05:17:15.342 17106 17197 D Camera2CameraImpl: {Camera@682a746[id=0]} Releasing session in state CLOSING
07-31 05:17:15.343 17106 17197 D CaptureSession: onSessionFinished()
07-31 05:17:15.349  1817  6537 W EmulatedCamera_QemuCamera3: flush: Not implemented; ignored
07-31 05:17:15.367  1844  1844 W BufferQueueLayer: [SurfaceView - com.example.ubcexplore/com.example.ubcexplore.MainActivity#0] Timestamp 11498572029800 seems implausible relative to expectedPresent 11496853792670
07-31 05:17:15.369 17106 17106 D ProfileActivity: {"displayName":"Test7","score":5,"difficulty":"Easy","leaderboardParticipant":1,"incomingRequests":[],"outgoingRequests":["Test2"],"friends":["Test1","Test3"],"collection":{"achievements":[],"items":[]},"unlockedLocations":[],"id":"112532649815597015229"}
07-31 05:17:15.370 17106 17106 D ProfileActivity: Check userid: 112532649815597015229
07-31 05:17:15.371 17106 17106 D ProfileActivity: achievements: [], items: []
07-31 05:17:15.379  1875  2144 I Camera3-Device: disconnectImpl: E
07-31 05:17:15.379  1875  2144 I CameraLatencyHistogram: ProcessCaptureRequest latency histogram (30) samples:
07-31 05:17:15.379  1875  2144 I CameraLatencyHistogram:        40     80    120    160    200    240    280    320    360    inf (max ms)
07-31 05:17:15.396  1875  2144 I CameraLatencyHistogram:      76.67   16.67   0.00   3.33   0.00   0.00   0.00   0.00   0.00   3.33 (%)
07-31 05:17:15.397  1844  1844 W BufferQueueLayer: [SurfaceView - com.example.ubcexplore/com.example.ubcexplore.MainActivity#0] Timestamp 11498611413000 seems implausible relative to expectedPresent 11496884303500
07-31 05:17:15.409 17106 17106 D StreamStateObserver: Update Preview stream state to IDLE
07-31 05:17:15.428  1814  4162 W audio_hw_generic: Not supplying enough data to HAL, expected position 14338086 , only wrote 14337751
07-31 05:17:15.459  1814  4162 W audio_hw_generic: Not supplying enough data to HAL, expected position 14339090 , only wrote 14339073
07-31 05:17:15.468  1875  2144 I CameraLatencyHistogram: Stream 0 dequeueBuffer latency histogram (30) samples:
07-31 05:17:15.468  1875  2144 I CameraLatencyHistogram:         5     10     15     20     25     30     35     40     45    inf (max ms)
07-31 05:17:15.468  1875  2144 I CameraLatencyHistogram:      36.67   3.33   6.67   6.67   3.33   3.33   3.33   6.67   6.67   23.33 (%)
07-31 05:17:15.468  1875  2144 I Camera3-Device: disconnectImpl: X
07-31 05:17:15.471  1875  2144 I CameraService: disconnect: Disconnected client for camera 0 for PID 17106
07-31 05:17:15.472 17106 17197 D UseCaseAttachState: Active and attached use case: [] for camera: 0
07-31 05:17:15.479 17106 17197 D DeferrableSurface: use count-1,  useCount=0 closed=true androidx.camera.core.SurfaceRequest$2@1912299
07-31 05:17:15.480 17106 17197 D DeferrableSurface: Surface no longer in use[total_surfaces=1, used_surfaces=0](androidx.camera.core.SurfaceRequest$2@1912299}
07-31 05:17:15.481 17106 17197 D DeferrableSurface: Surface terminated[total_surfaces=0, used_surfaces=0](androidx.camera.core.SurfaceRequest$2@1912299}
07-31 05:17:15.488 17106 17197 D Camera2CameraImpl: {Camera@682a746[id=0]} CameraDevice.onClosed()
