07-31 05:17:32.148  1814  4162 W audio_hw_generic: Not supplying enough data to HAL, expected position 15009722 , only wrote 15008005
07-31 05:17:32.150  1814  4162 W audio_hw_generic: Not supplying enough data to HAL, expected position 15008107 , only wrote 15008005
07-31 05:17:32.168  1814  4162 W audio_hw_generic: Not supplying enough data to HAL, expected position 15008808 , only wrote 15008666
07-31 05:17:31.840 12885 12885 W DetectPable: type=1400 audit(0.0:144740): avc: denied { getattr } for path="/proc/kmsg" dev="proc" ino=4026532039 scontext=u:r:shell:s0 tcontext=u:object_r:proc_kmsg:s0 tclass=file permissive=0
07-31 05:17:32.199  1814  4162 W audio_hw_generic: Not supplying enough data to HAL, expected position 15010019 , only wrote 15009988
07-31 05:17:31.840 12885 12885 W DetectPable: type=1400 audit(0.0:144741): avc: denied { getattr } for path="/proc/misc" dev="proc" ino=4026532008 scontext=u:r:shell:s0 tcontext=u:object_r:proc_misc:s0 tclass=file permissive=0
07-31 05:17:32.785  1814  1951 W audio_hw_generic: Not supplying enough data to HAL, expected position 15061243 , only wrote 15035767
07-31 05:17:32.910 12885 12885 W DetectPable: type=1400 audit(0.0:144768): avc: denied { getattr } for path="/proc/fb" dev="proc" ino=4026532004 scontext=u:r:shell:s0 tcontext=u:object_r:proc:s0 tclass=file permissive=0
07-31 05:17:33.024  1828  2338 E GnssHAL_GnssInterface: gnssSvStatusCb: a: input svInfo.flags is 8
07-31 05:17:33.024  1828  2338 E GnssHAL_GnssInterface: gnssSvStatusCb: b: input svInfo.flags is 8
07-31 05:17:33.307 17106 17106 I ViewInteraction: Checking 'MatchesViewAssertion{viewMatcher=(view has effective visibility <VISIBLE> and view.getGlobalVisibleRect() to return non-empty rectangle)}' assertion on view view.getId() is <2131231098/com.example.ubcexplore:id/name>
07-31 05:17:33.311 17106 17106 I ViewInteraction: Checking 'MatchesViewAssertion{viewMatcher=(view has effective visibility <VISIBLE> and view.getGlobalVisibleRect() to return non-empty rectangle)}' assertion on view view.getId() is <2131231169/com.example.ubcexplore:id/score>
07-31 05:17:33.313 17106 17106 I ViewInteraction: Checking 'MatchesViewAssertion{viewMatcher=(view has effective visibility <VISIBLE> and view.getGlobalVisibleRect() to return non-empty rectangle)}' assertion on view view.getId() is <2131230772/com.example.ubcexplore:id/achievements>
07-31 05:17:33.317 17106 17106 I ViewInteraction: Checking 'MatchesViewAssertion{viewMatcher=(view has effective visibility <VISIBLE> and view.getGlobalVisibleRect() to return non-empty rectangle)}' assertion on view view.getId() is <2131231273/com.example.ubcexplore:id/text_achievement>
07-31 05:17:33.321 17106 17106 I ViewInteraction: Checking 'MatchesViewAssertion{viewMatcher=(view has effective visibility <VISIBLE> and view.getGlobalVisibleRect() to return non-empty rectangle)}' assertion on view view.getId() is <2131231013/com.example.ubcexplore:id/items>
07-31 05:17:33.325 17106 17106 I ViewInteraction: Checking 'MatchesViewAssertion{viewMatcher=(view has effective visibility <VISIBLE> and view.getGlobalVisibleRect() to return non-empty rectangle)}' assertion on view view.getId() is <2131231278/com.example.ubcexplore:id/text_item>
07-31 05:17:33.328 17106 17106 I ViewInteraction: Performing 'single click' action on view view.getId() is <2131230841/com.example.ubcexplore:id/button_edit_name>
07-31 05:17:33.384  1841  2009 D AudioFlinger: mixer(0xea29fb40) throttle end: throttle time(11)
07-31 05:17:33.387  1814  4162 W audio_hw_generic: Not supplying enough data to HAL, expected position 15035919 , only wrote 15035767
07-31 05:17:33.643 17106 17106 I ViewInteraction: Checking 'MatchesViewAssertion{viewMatcher=(view has effective visibility <VISIBLE> and view.getGlobalVisibleRect() to return non-empty rectangle)}' assertion on view view.getId() is <2131230945/com.example.ubcexplore:id/enter_display_name>
07-31 05:17:33.647 17106 17106 I ViewInteraction: Checking 'MatchesViewAssertion{viewMatcher=(view has effective visibility <VISIBLE> and view.getGlobalVisibleRect() to return non-empty rectangle)}' assertion on view view.getId() is <2131230836/com.example.ubcexplore:id/button_cancel>
07-31 05:17:33.649 17106 17106 I ViewInteraction: Checking 'MatchesViewAssertion{viewMatcher=(view has effective visibility <VISIBLE> and view.getGlobalVisibleRect() to return non-empty rectangle)}' assertion on view view.getId() is <2131230839/com.example.ubcexplore:id/button_confirm>
07-31 05:17:33.650 17106 17106 I ViewInteraction: Performing 'single click' action on view view.getId() is <2131230836/com.example.ubcexplore:id/button_cancel>
07-31 05:17:33.940 17106 17106 I ViewInteraction: Checking 'MatchesViewAssertion{viewMatcher=not (view has effective visibility <VISIBLE> and view.getGlobalVisibleRect() to return non-empty rectangle)}' assertion on view view.getId() is <2131230945/com.example.ubcexplore:id/enter_display_name>
07-31 05:17:33.941 17106 17106 I ViewInteraction: Checking 'MatchesViewAssertion{viewMatcher=not (view has effective visibility <VISIBLE> and view.getGlobalVisibleRect() to return non-empty rectangle)}' assertion on view view.getId() is <2131230836/com.example.ubcexplore:id/button_cancel>
07-31 05:17:33.942 17106 17106 I ViewInteraction: Checking 'MatchesViewAssertion{viewMatcher=not (view has effective visibility <VISIBLE> and view.getGlobalVisibleRect() to return non-empty rectangle)}' assertion on view view.getId() is <2131230839/com.example.ubcexplore:id/button_confirm>
07-31 05:17:33.944 17106 17106 I ViewInteraction: Performing 'single click' action on view view.getId() is <2131230841/com.example.ubcexplore:id/button_edit_name>
07-31 05:17:33.930 12885 12885 W DetectPable: type=1400 audit(0.0:144799): avc: denied { getattr } for path="/proc/fb" dev="proc" ino=4026532004 scontext=u:r:shell:s0 tcontext=u:object_r:proc:s0 tclass=file permissive=0
07-31 05:17:34.023  1828  2338 E GnssHAL_GnssInterface: gnssSvStatusCb: a: input svInfo.flags is 8
07-31 05:17:34.024  1828  2338 E GnssHAL_GnssInterface: gnssSvStatusCb: b: input svInfo.flags is 8
07-31 05:17:34.246 17106 17106 I ViewInteraction: Performing 'type text(Test7)' action on view view.getId() is <2131230945/com.example.ubcexplore:id/enter_display_name>
07-31 05:17:34.308  1793  1976 I netd    : firewallSetUidRule(2, 10128, 1) <0.02ms>
07-31 05:17:34.324 17106 17106 I AssistStructure: Flattened final assist data: 3216 bytes, containing 1 windows, 20 views
07-31 05:17:34.339  2604  2604 W qja     : Pending fill request while another request in the same session was triggered. [CONTEXT service_id=177 ]
07-31 05:17:34.346  2489  2489 I KeyboardViewUtil: systemKeyboardHeightRatio:1.000000; userKeyboardHeightRatio:1.000000.
07-31 05:17:34.347  2489  2489 I AndroidIME: LatinIme.onActivate() : EditorInfo = Package = com.example.ubcexplore : Type = Text : Learning = Enable : Suggestion = Show : AutoCorrection = Enable : Microphone = Show : NoPersonalizedLearning = Disable
07-31 05:17:34.375  2489  2489 I Conv2QueryExtension: Current locale: en_US, config allows these locales: de,en,es,fr,it,ms,pt,ta
07-31 05:17:34.376  2489  2489 I Conv2QueryExtension: Conv2Query not enabled due to current app [com.example.ubcexplore] not in whitelist
07-31 05:17:34.376  2489  2489 I Conv2QueryExtension: onActivate() : Disabled by unsupported host app
07-31 05:17:34.425  1829  1829 D gralloc_ranchu: gralloc_alloc: Creating ashmem region of size 9048064
07-31 05:17:34.432  2062  3211 I AssistStructure: Flattened final assist data: 3052 bytes, containing 1 windows, 20 views
07-31 05:17:34.449  2604 17245 W qbj     : Infinite Data has no result for com.example.ubcexplore [CONTEXT service_id=177 ]
07-31 05:17:34.452  1829  1829 D gralloc_ranchu: gralloc_alloc: Creating ashmem region of size 9048064
07-31 05:17:34.456  2489  6953 D EGL_emulation: eglMakeCurrent: 0xc80e0b60: ver 3 0 (tinfo 0xc790a180)
07-31 05:17:34.457  1829  1829 D gralloc_ranchu: gralloc_alloc: Creating ashmem region of size 9048064
07-31 05:17:34.499  2604  5010 W qbj     : Infinite Data has no result for com.example.ubcexplore [CONTEXT service_id=177 ]
07-31 05:17:34.573  2604  2604 D BoundBrokerSvc: onUnbind: Intent { act=com.google.android.gms.tapandpay.service.BIND dat=chimera-action:com.google.android.gms.tapandpay.service.BIND cmp=com.google.android.gms/.chimera.PersistentApiService }
07-31 05:17:34.610  2604  2617 I .gms.persisten: Background young concurrent copying GC freed 99812(5355KB) AllocSpace objects, 3(232KB) LOS objects, 28% free, 12MB/16MB, paused 14.934ms total 100.955ms
07-31 05:17:34.820 17106 17106 D UiControllerImpl: Injecting string: "Test7"
07-31 05:17:34.950 12885 12885 W DetectPable: type=1400 audit(0.0:144830): avc: denied { getattr } for path="/proc/fb" dev="proc" ino=4026532004 scontext=u:r:shell:s0 tcontext=u:object_r:proc:s0 tclass=file permissive=0
07-31 05:17:35.206 17106 17106 I ViewInteraction: Performing 'send keyCode: 4, metaState: 0 key event' action on view view.getRootView() to equal view
07-31 05:17:35.246  1793  1976 I netd    : firewallSetUidRule(2, 10128, 2) <0.06ms>
07-31 05:17:35.254  2489  2489 I PhenotypeExpConfig: refreshConfiguration() : Force = false : UpdateAvailable = false : Age = 213 minutes : MaxAge = 720 minutes
07-31 05:17:35.265  2489  2489 I AndroidIME: LatinIme.onDeactivate()
07-31 05:17:35.275  2489  6953 D EGL_emulation: eglMakeCurrent: 0xc80e0b60: ver 3 0 (tinfo 0xc790a180)
07-31 05:17:35.624 17106 17106 I KeyEventActionBase: Back was pressed but there was no Activity stage transition in 150ms. Pressing back may trigger an activity stage transition if the activity is finished as a result. However, the activity may handle the back behavior in any number of other ways internally as well, such as popping the fragment back stack, dismissing a dialog, otherwise manually transacting fragments, etc.
07-31 05:17:35.627 17106 17106 I ViewInteraction: Performing 'single click' action on view view.getId() is <2131230839/com.example.ubcexplore:id/button_confirm>
07-31 05:17:35.990 12885 12885 W DetectPable: type=1400 audit(0.0:144861): avc: denied { getattr } for path="/proc/fb" dev="proc" ino=4026532004 scontext=u:r:shell:s0 tcontext=u:object_r:proc:s0 tclass=file permissive=0
07-31 05:17:36.023  1828  2338 E GnssHAL_GnssInterface: gnssSvStatusCb: a: input svInfo.flags is 8
07-31 05:17:36.023  1828  2338 E GnssHAL_GnssInterface: gnssSvStatusCb: b: input svInfo.flags is 8
07-31 05:17:35.990 12885 12885 W DetectPable: type=1400 audit(0.0:144862): avc: denied { getattr } for path="/proc/dma" dev="proc" ino=4026532073 scontext=u:r:shell:s0 tcontext=u:object_r:proc:s0 tclass=file permissive=0
07-31 05:17:36.304 17106 17318 E Volley  : [963] NetworkUtility.shouldRetryException: Unexpected response code 500 for http://20.228.168.55/users/112532649815597015229/displayName
07-31 05:17:36.305 17106 17106 W ProfileActivity: com.android.volley.ServerError
07-31 05:17:36.344  1829  1829 D gralloc_ranchu: gralloc_alloc: Creating ashmem region of size 638976
07-31 05:17:36.359  1829  1829 D gralloc_ranchu: gralloc_alloc: Creating ashmem region of size 638976
07-31 05:17:36.371 17106 17181 D EGL_emulation: eglMakeCurrent: 0xf5652a20: ver 3 0 (tinfo 0xf5689560)
07-31 05:17:36.382  1829  1829 D gralloc_ranchu: gralloc_alloc: Creating ashmem region of size 638976
07-31 05:17:37.024  1828  2338 E GnssHAL_GnssInterface: gnssSvStatusCb: a: input svInfo.flags is 8
07-31 05:17:37.024  1828  2338 E GnssHAL_GnssInterface: gnssSvStatusCb: b: input svInfo.flags is 8
07-31 05:17:37.010 12885 12885 W DetectPable: type=1400 audit(0.0:144892): avc: denied { getattr } for path="/proc/fb" dev="proc" ino=4026532004 scontext=u:r:shell:s0 tcontext=u:object_r:proc:s0 tclass=file permissive=0
07-31 05:17:38.023  1828  2338 E GnssHAL_GnssInterface: gnssSvStatusCb: a: input svInfo.flags is 8
07-31 05:17:38.024  1828  2338 E GnssHAL_GnssInterface: gnssSvStatusCb: b: input svInfo.flags is 8
07-31 05:17:38.040 12885 12885 W DetectPable: type=1400 audit(0.0:144923): avc: denied { getattr } for path="/proc/fb" dev="proc" ino=4026532004 scontext=u:r:shell:s0 tcontext=u:object_r:proc:s0 tclass=file permissive=0
07-31 05:17:38.315 17106 17181 D EGL_emulation: eglMakeCurrent: 0xf5652a20: ver 3 0 (tinfo 0xf5689560)
07-31 05:17:38.815  1814  1951 W audio_hw_generic: Not supplying enough data to HAL, expected position 15513244 , only wrote 15275049
07-31 05:17:38.943 17106 17106 I ViewInteraction: Checking 'MatchesViewAssertion{viewMatcher=an instance of android.widget.TextView and view.getText() with or without transformation to match: is "Test7"}' assertion on view view.getId() is <2131231098/com.example.ubcexplore:id/name>
07-31 05:17:38.946 17106 17106 I ViewInteraction: Checking 'MatchesViewAssertion{viewMatcher=not (view has effective visibility <VISIBLE> and view.getGlobalVisibleRect() to return non-empty rectangle)}' assertion on view view.getId() is <2131230945/com.example.ubcexplore:id/enter_display_name>
07-31 05:17:38.948 17106 17106 I ViewInteraction: Checking 'MatchesViewAssertion{viewMatcher=not (view has effective visibility <VISIBLE> and view.getGlobalVisibleRect() to return non-empty rectangle)}' assertion on view view.getId() is <2131230836/com.example.ubcexplore:id/button_cancel>
07-31 05:17:38.949 17106 17106 I ViewInteraction: Checking 'MatchesViewAssertion{viewMatcher=not (view has effective visibility <VISIBLE> and view.getGlobalVisibleRect() to return non-empty rectangle)}' assertion on view view.getId() is <2131230839/com.example.ubcexplore:id/button_confirm>
07-31 05:17:38.959 17106 17106 D LifecycleMonitor: Lifecycle status change: com.example.ubcexplore.ProfileActivity@4cd3b86 in: PAUSED
07-31 05:17:38.959 17106 17106 V ActivityScenario: Activity lifecycle changed event received but ignored because the intent does not match. startActivityIntent=Intent { act=android.intent.action.MAIN cat=[android.intent.category.LAUNCHER] cmp=com.example.ubcexplore/.MainActivity }, activity.getIntent()=Intent { cmp=com.example.ubcexplore/.ProfileActivity (has extras) }, activity=com.example.ubcexplore.ProfileActivity@4cd3b86
07-31 05:17:38.960  2062  5488 W InputReader: Device has associated, but no associated display id.
07-31 05:17:38.961  2062  5488 I chatty  : uid=1000(system) Binder:2062_1A identical 38 lines
07-31 05:17:38.961  2062  5488 W InputReader: Device has associated, but no associated display id.
07-31 05:17:38.961 17147 17147 W ActivityThread: handleWindowVisibility: no activity for token android.os.BinderProxy@580b602
07-31 05:17:38.963  2062  5488 W InputReader: Device has associated, but no associated display id.
07-31 05:17:38.963  2062  5488 I chatty  : uid=1000(system) Binder:2062_1A identical 8 lines
07-31 05:17:38.963  2062  5488 W InputReader: Device has associated, but no associated display id.
07-31 05:17:39.007 17106 17181 D EGL_emulation: eglMakeCurrent: 0xf5652a20: ver 3 0 (tinfo 0xf5689560)
07-31 05:17:39.024  1828  2338 E GnssHAL_GnssInterface: gnssSvStatusCb: a: input svInfo.flags is 8
07-31 05:17:39.024  1828  2338 E GnssHAL_GnssInterface: gnssSvStatusCb: b: input svInfo.flags is 8
07-31 05:17:39.027  1829  1829 D gralloc_ranchu: gralloc_alloc: Creating ashmem region of size 9334784
07-31 05:17:39.039  1829  1829 I chatty  : uid=1000(system) allocator@2.0-s identical 1 line
07-31 05:17:39.041  1829  1829 D gralloc_ranchu: gralloc_alloc: Creating ashmem region of size 9334784
07-31 05:17:39.054 17147 17178 D EGL_emulation: eglMakeCurrent: 0xebd47740: ver 3 0 (tinfo 0xebce37d0)
07-31 05:17:39.086 17106 17106 D LifecycleMonitor: Lifecycle status change: com.example.ubcexplore.MainActivity@88ac909 in: DESTROYED
07-31 05:17:39.086 17106 17106 V ActivityScenario: Update currentActivityStage to DESTROYED, currentActivity=null
07-31 05:17:39.050 12885 12885 W DetectPable: type=1400 audit(0.0:144954): avc: denied { getattr } for path="/proc/fb" dev="proc" ino=4026532004 scontext=u:r:shell:s0 tcontext=u:object_r:proc:s0 tclass=file permissive=0
07-31 05:17:39.122  2062  3211 W InputReader: Device has associated, but no associated display id.
07-31 05:17:39.127  2062  3211 I chatty  : uid=1000(system) Binder:2062_11 identical 48 lines
07-31 05:17:39.127  2062  3211 W InputReader: Device has associated, but no associated display id.
07-31 05:17:39.050 12885 12885 W DetectPable: type=1400 audit(0.0:144957): avc: denied { getattr } for path="/proc/kmsg" dev="proc" ino=4026532039 scontext=u:r:shell:s0 tcontext=u:object_r:proc_kmsg:s0 tclass=file permissive=0
07-31 05:17:39.174 17147 17147 W ActivityThread: handleWindowVisibility: no activity for token android.os.BinderProxy@dc8856f
07-31 05:17:39.200 17106 17144 I TestRunner: finished: manageProfile(com.example.ubcexplore.EspressoTest)
